Archive member included to satisfy reference by file (symbol)

/Applications/VEXcode V5 Text.app/Contents/Resources/sdk/vexv5/libv5rt.a(v5_startup.c.obj)
                              (vexStartup)
/Applications/VEXcode V5 Text.app/Contents/Resources/sdk/vexv5/libv5rt.a(v5_util.c.obj)
                              /Applications/VEXcode V5 Text.app/Contents/Resources/sdk/vexv5/libv5rt.a(v5_startup.c.obj) (vexStdlibVersionLinked)
/Applications/VEXcode V5 Text.app/Contents/Resources/sdk/vexv5/libv5rt.a(v5_apijump.c.obj)
                              /Applications/VEXcode V5 Text.app/Contents/Resources/sdk/vexv5/libv5rt.a(v5_startup.c.obj) (vexPrivateApiEnable)
/Applications/VEXcode V5 Text.app/Contents/Resources/sdk/vexv5/libv5rt.a(v5_apiversions.c.obj)
                              /Applications/VEXcode V5 Text.app/Contents/Resources/sdk/vexv5/libv5rt.a(v5_apijump.c.obj) (vexSystemVersion)
/Applications/VEXcode V5 Text.app/Contents/Resources/sdk/vexv5/libv5rt.a(vex_global.cpp.obj)
                              build/src/pragma.o (vex::PORT20)
/Applications/VEXcode V5 Text.app/Contents/Resources/sdk/vexv5/libv5rt.a(vex_motor.cpp.obj)
                              build/src/pragma.o (vex::motor::~motor())
/Applications/VEXcode V5 Text.app/Contents/Resources/sdk/vexv5/libv5rt.a(vex_controller.cpp.obj)
                              build/src/pragma.o (vex::controller::~controller())
/Applications/VEXcode V5 Text.app/Contents/Resources/sdk/vexv5/libv5rt.a(vex_task.cpp.obj)
                              build/src/main.o (vex::task::sleep(unsigned long))
/Applications/VEXcode V5 Text.app/Contents/Resources/sdk/vexv5/libv5rt.a(vex_thread.cpp.obj)
                              /Applications/VEXcode V5 Text.app/Contents/Resources/sdk/vexv5/libv5rt.a(vex_global.cpp.obj) (vex::this_thread::sleep_for(unsigned long))
/Applications/VEXcode V5 Text.app/Contents/Resources/sdk/vexv5/libv5rt.a(vex_event.cpp.obj)
                              /Applications/VEXcode V5 Text.app/Contents/Resources/sdk/vexv5/libv5rt.a(vex_controller.cpp.obj) (vex::event::init(unsigned long, unsigned long, void (*)()))
/Applications/VEXcode V5 Text.app/Contents/Resources/sdk/vexv5/libv5rt.a(vex_mevent.cpp.obj)
                              /Applications/VEXcode V5 Text.app/Contents/Resources/sdk/vexv5/libv5rt.a(vex_controller.cpp.obj) (vex::mevent::mevent(unsigned long, unsigned long))
/Applications/VEXcode V5 Text.app/Contents/Resources/sdk/vexv5/libv5rt.a(vex_brain.cpp.obj)
                              build/src/debug.o (vex::brain::lcd::setCursor(long, long))
/Applications/VEXcode V5 Text.app/Contents/Resources/sdk/vexv5/libv5rt.a(vex_competition.cpp.obj)
                              build/src/pragma.o (vex::competition::competition())
/Applications/VEXcode V5 Text.app/Contents/Resources/sdk/vexv5/libv5rt.a(vex_triport.cpp.obj)
                              /Applications/VEXcode V5 Text.app/Contents/Resources/sdk/vexv5/libv5rt.a(vex_brain.cpp.obj) (vex::triport::~triport())
/Applications/VEXcode V5 Text.app/Contents/Resources/sdk/vexv5/libv5rt.a(vex_color.cpp.obj)
                              /Applications/VEXcode V5 Text.app/Contents/Resources/sdk/vexv5/libv5rt.a(vex_brain.cpp.obj) (vex::color::operator unsigned long() const)
/Applications/VEXcode V5 Text.app/Contents/Resources/sdk/vexv5/libv5rt.a(vex_timer.cpp.obj)
                              /Applications/VEXcode V5 Text.app/Contents/Resources/sdk/vexv5/libv5rt.a(vex_brain.cpp.obj) (vex::timer::~timer())
/Applications/VEXcode V5 Text.app/Contents/Resources/sdk/vexv5/libv5rt.a(v5_apiuser.c.obj)
                              /Applications/VEXcode V5 Text.app/Contents/Resources/sdk/vexv5/libv5rt.a(vex_triport.cpp.obj) (vexAdiPortConfigSet)
/Applications/VEXcode V5 Text.app/Contents/Resources/sdk/vexv5/libv5rt.a(vex_device.cpp.obj)
                              /Applications/VEXcode V5 Text.app/Contents/Resources/sdk/vexv5/libv5rt.a(vex_motor.cpp.obj) (vex::device::~device())
/Applications/VEXcode V5 Text.app/Contents/Resources/sdk/vexv5/gcc/libs/libc.a(lib_a-fini.o)
                              /Applications/VEXcode V5 Text.app/Contents/Resources/sdk/vexv5/libv5rt.a(v5_startup.c.obj) (__libc_fini_array)
/Applications/VEXcode V5 Text.app/Contents/Resources/sdk/vexv5/gcc/libs/libc.a(lib_a-impure.o)
                              /Applications/VEXcode V5 Text.app/Contents/Resources/sdk/vexv5/libv5rt.a(v5_startup.c.obj) (_impure_ptr)
/Applications/VEXcode V5 Text.app/Contents/Resources/sdk/vexv5/gcc/libs/libc.a(lib_a-init.o)
                              /Applications/VEXcode V5 Text.app/Contents/Resources/sdk/vexv5/libv5rt.a(v5_startup.c.obj) (__libc_init_array)
/Applications/VEXcode V5 Text.app/Contents/Resources/sdk/vexv5/gcc/libs/libc.a(lib_a-tolower.o)
                              /Applications/VEXcode V5 Text.app/Contents/Resources/sdk/vexv5/libv5rt.a(vex_brain.cpp.obj) (tolower)
/Applications/VEXcode V5 Text.app/Contents/Resources/sdk/vexv5/gcc/libs/libc.a(lib_a-ctype_.o)
[...]
Memory Configuration

Name             Origin             Length             Attributes
ps7_ddr_0_S_AXI_BASEADDR 0x0000000003800000 0x0000000004800000
*default*        0x0000000000000000 0xffffffffffffffff

Linker script and memory map

                0x0000000000002000                _STACK_SIZE = DEFINED (_STACK_SIZE)?_STACK_SIZE:0x2000
                0x0000000000100000                _HEAP_SIZE = DEFINED (_HEAP_SIZE)?_HEAP_SIZE:0x100000
                0x0000000000000400                _ABORT_STACK_SIZE = DEFINED (_ABORT_STACK_SIZE)?_ABORT_STACK_SIZE:0x400
                0x0000000000000800                _SUPERVISOR_STACK_SIZE = DEFINED (_SUPERVISOR_STACK_SIZE)?_SUPERVISOR_STACK_SIZE:0x800
                0x0000000000000400                _IRQ_STACK_SIZE = DEFINED (_IRQ_STACK_SIZE)?_IRQ_STACK_SIZE:0x400
                0x0000000000000400                _FIQ_STACK_SIZE = DEFINED (_FIQ_STACK_SIZE)?_FIQ_STACK_SIZE:0x400
                0x0000000000000400                _UNDEF_STACK_SIZE = DEFINED (_UNDEF_STACK_SIZE)?_UNDEF_STACK_SIZE:0x400

.text           0x0000000003800000     0x4888
 *(.vectors)
 *(.boot_data)
 .boot_data     0x0000000003800000       0x20 /Applications/VEXcode V5 Text.app/Contents/Resources/sdk/vexv5/libv5rt.a(v5_startup.c.obj)
                0x0000000003800000                vexCodeSig
                0x0000000000000020                . = 0x20
 *(.boot)
 .boot          0x0000000003800020       0xbc /Applications/VEXcode V5 Text.app/Contents/Resources/sdk/vexv5/libv5rt.a(v5_startup.c.obj)
                0x0000000003800020                vexStartup
                0x0000000003800100                . = ALIGN (0x40)
 *fill*         0x00000000038000dc       0x24 
 *(.freertos_vectors)
 *(.text)
 *(.text.*)
 .text._Z15ctlr_updateVarsv
                0x0000000003800100      0x6c4 build/src/controller.o
                0x0000000003800100                ctlr_updateVars()
 .text._GLOBAL__sub_I_controller.cpp
                0x00000000038007c4       0x34 build/src/controller.o
 .text._Z10math_sgn_ii
                0x00000000038007f8       0x14 build/src/custom_math.o
                0x00000000038007f8                math_sgn_i(int)
 .text._Z15math_restrict_iiii
                0x000000000380080c       0x18 build/src/custom_math.o
                0x000000000380080c                math_restrict_i(int, int, int)
 .text._Z10math_map_fddddd
                0x0000000003800824       0x44 build/src/custom_math.o
                0x0000000003800824                math_map_f(double, double, double, double, double)
 .text._GLOBAL__sub_I_custom_math.cpp
                0x0000000003800868       0x34 build/src/custom_math.o
 .text._Z15debug_updateVarv
                0x000000000380089c       0x20 build/src/debug.o
                0x000000000380089c                debug_updateVar()
 .text._Z19debug_print_initialv
                0x00000000038008bc      0x128 build/src/debug.o
                0x00000000038008bc                debug_print_initial()
 .text._Z11debug_printv
                0x00000000038009e4      0x184 build/src/debug.o
                0x00000000038009e4                debug_print()
 .text._GLOBAL__sub_I_debug.cpp
                0x0000000003800b68       0x34 build/src/debug.o
 .text._Z10autonomousv
                0x0000000003800b9c       0x14 build/src/main.o
                0x0000000003800b9c                autonomous()
 .text._Z11usercontrolv
                0x0000000003800bb0       0x40 build/src/main.o
                0x0000000003800bb0                usercontrol()
 .text.main     0x0000000003800bf0       0x40 build/src/main.o
                0x0000000003800bf0                main
 .text._GLOBAL__sub_I_main.cpp
                0x0000000003800c30       0x34 build/src/main.o
 .text._ZN5MotorD2Ev
                0x0000000003800c64       0x30 build/src/pragma.o
                0x0000000003800c64                Motor::~Motor()
 .text._ZNSt10_List_baseI5MotorSaIS0_EED2Ev
                0x0000000003800c94       0x18 build/src/pragma.o
                0x0000000003800c94                std::_List_base<Motor, std::allocator<Motor> >::~_List_base()
 .text._ZN5MotorD0Ev
                0x0000000003800cac       0x34 build/src/pragma.o
                0x0000000003800cac                Motor::~Motor()
 .text._ZNSt10_List_baseI5MotorSaIS0_EE8_M_clearEv
                0x0000000003800ce0       0x58 build/src/pragma.o
                0x0000000003800ce0                std::_List_base<Motor, std::allocator<Motor> >::_M_clear()
 .text._ZNSt4listI5MotorSaIS0_EE12emplace_backIJRKS0_EEEvDpOT_
                0x0000000003800d38       0x98 build/src/pragma.o
                0x0000000003800d38                void std::list<Motor, std::allocator<Motor> >::emplace_back<Motor const&>(Motor const&)
 .text._GLOBAL__sub_I_pragma.cpp
                0x0000000003800dd0      0x960 build/src/pragma.o
 .text._Z11vexcodeInitv
                0x0000000003801730        0x4 build/src/robot-config.o
                0x0000000003801730                vexcodeInit()
 .text._GLOBAL__sub_I_robot_config.cpp
                0x0000000003801734       0x34 build/src/robot-config.o
 .text._GLOBAL__sub_I_sejun_code.cpp
                0x0000000003801768       0x34 build/src/sejun_code.o
 *fill*         0x000000000380179c        0x4 
 .text._Z11user_tank_2v
                0x00000000038017a0      0x100 build/src/usercontrol.o
                0x00000000038017a0                user_tank_2()
 .text._Z13user_intake_2v
                0x00000000038018a0       0x38 build/src/usercontrol.o
                0x00000000038018a0                user_intake_2()
 .text._Z15user_arm_tray_1v
                0x00000000038018d8      0x310 build/src/usercontrol.o
                0x00000000038018d8                user_arm_tray_1()
 .text._GLOBAL__sub_I_usercontrol.cpp
                0x0000000003801be8       0x34 build/src/usercontrol.o
 .text._Z25auton_standard_initializev
                0x0000000003801c1c       0x14 build/src/autonomous/functions.o
                0x0000000003801c1c                auton_standard_initialize()
 .text._Z25auton_standard_update_finv
                0x0000000003801c30       0x20 build/src/autonomous/functions.o
                0x0000000003801c30                auton_standard_update_fin()
 .text._Z6a_waiti
                0x0000000003801c50       0x58 build/src/autonomous/functions.o
                0x0000000003801c50                a_wait(int)
 .text._Z17auton_intake_1_inv
                0x0000000003801ca8        0x8 build/src/autonomous/functions.o
                0x0000000003801ca8                auton_intake_1_in()
 .text._Z19auton_intake_1_stopv
                0x0000000003801cb0        0x8 build/src/autonomous/functions.o
                0x0000000003801cb0                auton_intake_1_stop()
 .text._GLOBAL__sub_I_functions.cpp
                0x0000000003801cb8       0x34 build/src/autonomous/functions.o
 .text._Z21auton_route_testing_1v
                0x0000000003801cec       0x24 build/src/autonomous/routes.o
                0x0000000003801cec                auton_route_testing_1()
 .text._GLOBAL__sub_I_routes.cpp
                0x0000000003801d10       0x34 build/src/autonomous/routes.o
 .text._ZN5Motor10set_targetEi
                0x0000000003801d44       0x24 build/src/motor/class.o
                0x0000000003801d44                Motor::set_target(int)
 .text._ZN5Motor16update_vars_slewEv
                0x0000000003801d68       0x44 build/src/motor/class.o
                0x0000000003801d68                Motor::update_vars_slew()
 .text._ZN5Motor11update_varsEv
                0x0000000003801dac       0x18 build/src/motor/class.o
                0x0000000003801dac                Motor::update_vars()
 .text._ZN5Motor16update_power_velEv
                0x0000000003801dc4       0xb4 build/src/motor/class.o
                0x0000000003801dc4                Motor::update_power_vel()
 .text._ZN5Motor16update_power_volEv
                0x0000000003801e78       0x80 build/src/motor/class.o
                0x0000000003801e78                Motor::update_power_vol()
 .text._ZN5Motor12update_powerEv
                0x0000000003801ef8       0x14 build/src/motor/class.o
                0x0000000003801ef8                Motor::update_power()
 .text._ZN5Motor20update_rotation_varsEv
                0x0000000003801f0c       0x3c build/src/motor/class.o
                0x0000000003801f0c                Motor::update_rotation_vars()
 .text._ZN5Motor14rotation_resetEv
                0x0000000003801f48       0x38 build/src/motor/class.o
                0x0000000003801f48                Motor::rotation_reset()
 .text._ZN5Motor18print_actual_powerEv
                0x0000000003801f80       0xac build/src/motor/class.o
                0x0000000003801f80                Motor::print_actual_power()
 .text._ZN5Motor18print_target_powerEv
                0x000000000380202c       0xac build/src/motor/class.o
                0x000000000380202c                Motor::print_target_power()
 .text._ZN5Motor14print_rotationEv
                0x00000000038020d8       0xc0 build/src/motor/class.o
                0x00000000038020d8                Motor::print_rotation()
 .text._ZN5Motor12rotation_getEv
                0x0000000003802198        0xc build/src/motor/class.o
                0x0000000003802198                Motor::rotation_get()
 .text._ZN5Motor21print_rotation_changeEv
                0x00000000038021a4       0xb0 build/src/motor/class.o
                0x00000000038021a4                Motor::print_rotation_change()
 .text._ZN5Motor26print_initial_actual_powerEv
                0x0000000003802254       0x84 build/src/motor/class.o
                0x0000000003802254                Motor::print_initial_actual_power()
 .text._ZN5Motor26print_initial_target_powerEv
                0x00000000038022d8       0x84 build/src/motor/class.o
                0x00000000038022d8                Motor::print_initial_target_power()
 .text._ZN5Motor22print_initial_rotationEv
                0x000000000380235c       0x84 build/src/motor/class.o
                0x000000000380235c                Motor::print_initial_rotation()
 .text._ZN5Motor29print_initial_rotation_changeEv
                0x00000000038023e0       0x7c build/src/motor/class.o
                0x00000000038023e0                Motor::print_initial_rotation_change()
 .text._ZN5MotorC2ESsibibbbbbb
                0x000000000380245c       0xd4 build/src/motor/class.o
                0x000000000380245c                Motor::Motor(std::string, int, bool, int, bool, bool, bool, bool, bool, bool)
                0x000000000380245c                Motor::Motor(std::string, int, bool, int, bool, bool, bool, bool, bool, bool)
 .text._GLOBAL__sub_I_class.cpp
                0x0000000003802530       0x34 build/src/motor/class.o
 .text._Z8left_seti
                0x0000000003802564       0x30 build/src/motor/functions.o
                0x0000000003802564                left_set(int)
 .text._Z9right_seti
                0x0000000003802594       0x30 build/src/motor/functions.o
                0x0000000003802594                right_set(int)
 .text._Z10intake_seti
                0x00000000038025c4       0x30 build/src/motor/functions.o
                0x00000000038025c4                intake_set(int)
 .text._Z18motors_update_varsv
                0x00000000038025f4       0x60 build/src/motor/functions.o
                0x00000000038025f4                motors_update_vars()
 .text._Z19motors_update_powerv
                0x0000000003802654       0x60 build/src/motor/functions.o
                0x0000000003802654                motors_update_power()
 .text._Z27motors_update_rotation_varsv
                0x00000000038026b4       0x60 build/src/motor/functions.o
                0x00000000038026b4                motors_update_rotation_vars()
 .text._Z22chassis_reset_rotationv
                0x0000000003802714       0x3c build/src/motor/functions.o
                0x0000000003802714                chassis_reset_rotation()
 .text._Z21motors_reset_rotationv
                0x0000000003802750       0x34 build/src/motor/functions.o
                0x0000000003802750                motors_reset_rotation()
 .text._GLOBAL__sub_I_functions.cpp
                0x0000000003802784       0x34 build/src/motor/functions.o
 .text.vexMain  0x00000000038027b8       0xb0 /Applications/VEXcode V5 Text.app/Contents/Resources/sdk/vexv5/libv5rt.a(v5_startup.c.obj)
                0x00000000038027b8                vexMain
 .text.__vex_function_prolog
                0x0000000003802868       0x18 /Applications/VEXcode V5 Text.app/Contents/Resources/sdk/vexv5/libv5rt.a(v5_startup.c.obj)
                0x0000000003802868                __vex_function_prolog
 .text._init    0x0000000003802880        0x4 /Applications/VEXcode V5 Text.app/Contents/Resources/sdk/vexv5/libv5rt.a(v5_startup.c.obj)
                0x0000000003802880                _init
 .text._fini    0x0000000003802884        0x4 /Applications/VEXcode V5 Text.app/Contents/Resources/sdk/vexv5/libv5rt.a(v5_startup.c.obj)
                0x0000000003802884                _fini
 .text.vexStdlibVersionLinked
                0x0000000003802888        0xc /Applications/VEXcode V5 Text.app/Contents/Resources/sdk/vexv5/libv5rt.a(v5_util.c.obj)
                0x0000000003802888                vexStdlibVersionLinked
 .text.vexStdlibVersionVerify
                0x0000000003802894       0x30 /Applications/VEXcode V5 Text.app/Contents/Resources/sdk/vexv5/libv5rt.a(v5_util.c.obj)
                0x0000000003802894                vexStdlibVersionVerify
 .text.vexPrivateApiEnable
                0x00000000038028c4       0x10 /Applications/VEXcode V5 Text.app/Contents/Resources/sdk/vexv5/libv5rt.a(v5_apijump.c.obj)
                0x00000000038028c4                vexPrivateApiEnable
 .text.vexStdlibMismatchError
                0x00000000038028d4       0x3c /Applications/VEXcode V5 Text.app/Contents/Resources/sdk/vexv5/libv5rt.a(v5_apijump.c.obj)
                0x00000000038028d4                vexStdlibMismatchError
 .text.vexTaskAdd
                0x0000000003802910       0x10 /Applications/VEXcode V5 Text.app/Contents/Resources/sdk/vexv5/libv5rt.a(v5_apijump.c.obj)
                0x0000000003802910                vexTaskAdd
 .text.vexTasksRun
                0x0000000003802920       0x10 /Applications/VEXcode V5 Text.app/Contents/Resources/sdk/vexv5/libv5rt.a(v5_apijump.c.obj)
                0x0000000003802920                vexTasksRun
 .text.vexTaskYield
                0x0000000003802930       0x10 /Applications/VEXcode V5 Text.app/Contents/Resources/sdk/vexv5/libv5rt.a(v5_apijump.c.obj)
                0x0000000003802930                vexTaskYield
 .text.vexTaskCheckTimeslice
                0x0000000003802940       0x10 /Applications/VEXcode V5 Text.app/Contents/Resources/sdk/vexv5/libv5rt.a(v5_apijump.c.obj)
                0x0000000003802940                vexTaskCheckTimeslice
 .text.vexTaskSleep
                0x0000000003802950       0x10 /Applications/VEXcode V5 Text.app/Contents/Resources/sdk/vexv5/libv5rt.a(v5_apijump.c.obj)
                0x0000000003802950                vexTaskSleep
 .text.vexTasksDump
                0x0000000003802960       0x1c /Applications/VEXcode V5 Text.app/Contents/Resources/sdk/vexv5/libv5rt.a(v5_apijump.c.obj)
                0x0000000003802960                vexTasksDump
 .text.vexTaskGetTaskIndex
                0x000000000380297c       0x10 /Applications/VEXcode V5 Text.app/Contents/Resources/sdk/vexv5/libv5rt.a(v5_apijump.c.obj)
                0x000000000380297c                vexTaskGetTaskIndex
 .text.vexTaskStopAll
                0x000000000380298c       0x10 /Applications/VEXcode V5 Text.app/Contents/Resources/sdk/vexv5/libv5rt.a(v5_apijump.c.obj)
                0x000000000380298c                vexTaskStopAll
 .text.vexTaskRemoveAllUser
                0x000000000380299c       0x34 /Applications/VEXcode V5 Text.app/Contents/Resources/sdk/vexv5/libv5rt.a(v5_apijump.c.obj)
                0x000000000380299c                vexTaskRemoveAllUser
 .text.vexTaskCompletionIdSet
                0x00000000038029d0       0x10 /Applications/VEXcode V5 Text.app/Contents/Resources/sdk/vexv5/libv5rt.a(v5_apijump.c.obj)
                0x00000000038029d0                vexTaskCompletionIdSet
 .text.vexTaskStopWithId
                0x00000000038029e0       0x10 /Applications/VEXcode V5 Text.app/Contents/Resources/sdk/vexv5/libv5rt.a(v5_apijump.c.obj)
                0x00000000038029e0                vexTaskStopWithId
 .text.vexCriticalSection
                0x00000000038029f0       0x2c /Applications/VEXcode V5 Text.app/Contents/Resources/sdk/vexv5/libv5rt.a(v5_apijump.c.obj)
                0x00000000038029f0                vexCriticalSection
 .text.vexEventAdd
                0x0000000003802a1c       0x34 /Applications/VEXcode V5 Text.app/Contents/Resources/sdk/vexv5/libv5rt.a(v5_apijump.c.obj)
                0x0000000003802a1c                vexEventAdd
 .text.vexEventUserIndexGet
                0x0000000003802a50       0x1c /Applications/VEXcode V5 Text.app/Contents/Resources/sdk/vexv5/libv5rt.a(v5_apijump.c.obj)
                0x0000000003802a50                vexEventUserIndexGet
 .text.vexEventAddWithArg
                0x0000000003802a6c       0x3c /Applications/VEXcode V5 Text.app/Contents/Resources/sdk/vexv5/libv5rt.a(v5_apijump.c.obj)
                0x0000000003802a6c                vexEventAddWithArg
 .text.vexEventsCleanup
                0x0000000003802aa8       0x2c /Applications/VEXcode V5 Text.app/Contents/Resources/sdk/vexv5/libv5rt.a(v5_apijump.c.obj)
                0x0000000003802aa8                vexEventsCleanup
 .text.vexDebug
                0x0000000003802ad4       0x38 /Applications/VEXcode V5 Text.app/Contents/Resources/sdk/vexv5/libv5rt.a(v5_apijump.c.obj)
                0x0000000003802ad4                vexDebug
 .text.vex_sprintf
                0x0000000003802b0c       0x40 /Applications/VEXcode V5 Text.app/Contents/Resources/sdk/vexv5/libv5rt.a(v5_apijump.c.obj)
                0x0000000003802b0c                vex_sprintf
 .text.vex_vsnprintf
                0x0000000003802b4c       0x3c /Applications/VEXcode V5 Text.app/Contents/Resources/sdk/vexv5/libv5rt.a(v5_apijump.c.obj)
                0x0000000003802b4c                vex_vsnprintf
 .text.vexSystemTimeGet
                0x0000000003802b88       0x1c /Applications/VEXcode V5 Text.app/Contents/Resources/sdk/vexv5/libv5rt.a(v5_apijump.c.obj)
                0x0000000003802b88                vexSystemTimeGet
 .text.vexSystemExitRequest
                0x0000000003802ba4       0x1c /Applications/VEXcode V5 Text.app/Contents/Resources/sdk/vexv5/libv5rt.a(v5_apijump.c.obj)
                0x0000000003802ba4                vexSystemExitRequest
 .text.vexDeviceGetByIndex
                0x0000000003802bc0       0x24 /Applications/VEXcode V5 Text.app/Contents/Resources/sdk/vexv5/libv5rt.a(v5_apijump.c.obj)
                0x0000000003802bc0                vexDeviceGetByIndex
 .text.vexControllerGet
                0x0000000003802be4       0x2c /Applications/VEXcode V5 Text.app/Contents/Resources/sdk/vexv5/libv5rt.a(v5_apijump.c.obj)
                0x0000000003802be4                vexControllerGet
 .text.vexDeviceMotorVelocitySet
                0x0000000003802c10       0x2c /Applications/VEXcode V5 Text.app/Contents/Resources/sdk/vexv5/libv5rt.a(v5_apijump.c.obj)
                0x0000000003802c10                vexDeviceMotorVelocitySet
 .text.vexDeviceMotorVoltageSet
                0x0000000003802c3c       0x2c /Applications/VEXcode V5 Text.app/Contents/Resources/sdk/vexv5/libv5rt.a(v5_apijump.c.obj)
                0x0000000003802c3c                vexDeviceMotorVoltageSet
 .text.vexDeviceMotorActualVelocityGet
                0x0000000003802c68       0x24 /Applications/VEXcode V5 Text.app/Contents/Resources/sdk/vexv5/libv5rt.a(v5_apijump.c.obj)
                0x0000000003802c68                vexDeviceMotorActualVelocityGet
 .text.vexDeviceMotorReverseFlagSet
                0x0000000003802c8c       0x2c /Applications/VEXcode V5 Text.app/Contents/Resources/sdk/vexv5/libv5rt.a(v5_apijump.c.obj)
                0x0000000003802c8c                vexDeviceMotorReverseFlagSet
 .text.vexDeviceMotorEncoderUnitsSet
                0x0000000003802cb8       0x2c /Applications/VEXcode V5 Text.app/Contents/Resources/sdk/vexv5/libv5rt.a(v5_apijump.c.obj)
                0x0000000003802cb8                vexDeviceMotorEncoderUnitsSet
 .text.vexDeviceMotorBrakeModeSet
                0x0000000003802ce4       0x2c /Applications/VEXcode V5 Text.app/Contents/Resources/sdk/vexv5/libv5rt.a(v5_apijump.c.obj)
                0x0000000003802ce4                vexDeviceMotorBrakeModeSet
 .text.vexDeviceMotorPositionSet
                0x0000000003802d10       0x34 /Applications/VEXcode V5 Text.app/Contents/Resources/sdk/vexv5/libv5rt.a(v5_apijump.c.obj)
                0x0000000003802d10                vexDeviceMotorPositionSet
 .text.vexDeviceMotorPositionGet
                0x0000000003802d44       0x24 /Applications/VEXcode V5 Text.app/Contents/Resources/sdk/vexv5/libv5rt.a(v5_apijump.c.obj)
                0x0000000003802d44                vexDeviceMotorPositionGet
 .text.vexDeviceMotorGearingGet
                0x0000000003802d68       0x24 /Applications/VEXcode V5 Text.app/Contents/Resources/sdk/vexv5/libv5rt.a(v5_apijump.c.obj)
                0x0000000003802d68                vexDeviceMotorGearingGet
 .text.vexDisplayForegroundColor
                0x0000000003802d8c       0x24 /Applications/VEXcode V5 Text.app/Contents/Resources/sdk/vexv5/libv5rt.a(v5_apijump.c.obj)
                0x0000000003802d8c                vexDisplayForegroundColor
 .text.vexDisplayBackgroundColor
                0x0000000003802db0       0x24 /Applications/VEXcode V5 Text.app/Contents/Resources/sdk/vexv5/libv5rt.a(v5_apijump.c.obj)
                0x0000000003802db0                vexDisplayBackgroundColor
 .text.vexDisplayBackgroundColorGet
                0x0000000003802dd4       0x1c /Applications/VEXcode V5 Text.app/Contents/Resources/sdk/vexv5/libv5rt.a(v5_apijump.c.obj)
                0x0000000003802dd4                vexDisplayBackgroundColorGet
 .text.vexDisplayRectClear
                0x0000000003802df0       0x4c /Applications/VEXcode V5 Text.app/Contents/Resources/sdk/vexv5/libv5rt.a(v5_apijump.c.obj)
                0x0000000003802df0                vexDisplayRectClear
 .text.vexDisplayPrintf
                0x0000000003802e3c       0x68 /Applications/VEXcode V5 Text.app/Contents/Resources/sdk/vexv5/libv5rt.a(v5_apijump.c.obj)
                0x0000000003802e3c                vexDisplayPrintf
 .text.vexDisplayTextReference
                0x0000000003802ea4       0x24 /Applications/VEXcode V5 Text.app/Contents/Resources/sdk/vexv5/libv5rt.a(v5_apijump.c.obj)
                0x0000000003802ea4                vexDisplayTextReference
 .text.vexDisplayTextSize
                0x0000000003802ec8       0x2c /Applications/VEXcode V5 Text.app/Contents/Resources/sdk/vexv5/libv5rt.a(v5_apijump.c.obj)
                0x0000000003802ec8                vexDisplayTextSize
 .text.vexDisplayFontNamedSet
                0x0000000003802ef4       0x24 /Applications/VEXcode V5 Text.app/Contents/Resources/sdk/vexv5/libv5rt.a(v5_apijump.c.obj)
                0x0000000003802ef4                vexDisplayFontNamedSet
 .text.vexDisplayStringWidthGet
                0x0000000003802f18       0x24 /Applications/VEXcode V5 Text.app/Contents/Resources/sdk/vexv5/libv5rt.a(v5_apijump.c.obj)
                0x0000000003802f18                vexDisplayStringWidthGet
 .text.vexSystemStdlibImpureDataAddr
                0x0000000003802f3c       0x28 /Applications/VEXcode V5 Text.app/Contents/Resources/sdk/vexv5/libv5rt.a(v5_apijump.c.obj)
                0x0000000003802f3c                vexSystemStdlibImpureDataAddr
 .text.vexSystemStdlibImpureDataSize
                0x0000000003802f64       0x28 /Applications/VEXcode V5 Text.app/Contents/Resources/sdk/vexv5/libv5rt.a(v5_apijump.c.obj)
                0x0000000003802f64                vexSystemStdlibImpureDataSize
 .text.vexSystemSaveUserData
                0x0000000003802f8c       0x3c /Applications/VEXcode V5 Text.app/Contents/Resources/sdk/vexv5/libv5rt.a(v5_apijump.c.obj)
                0x0000000003802f8c                vexSystemSaveUserData
 .text.vexDisplayThemeIdGet
                0x0000000003802fc8       0x38 /Applications/VEXcode V5 Text.app/Contents/Resources/sdk/vexv5/libv5rt.a(v5_apijump.c.obj)
                0x0000000003802fc8                vexDisplayThemeIdGet
 .text.vexDeviceEventMaskSet
                0x0000000003803000       0x48 /Applications/VEXcode V5 Text.app/Contents/Resources/sdk/vexv5/libv5rt.a(v5_apijump.c.obj)
                0x0000000003803000                vexDeviceEventMaskSet
 .text.vexDeviceEventMaskGet
                0x0000000003803048       0x3c /Applications/VEXcode V5 Text.app/Contents/Resources/sdk/vexv5/libv5rt.a(v5_apijump.c.obj)
                0x0000000003803048                vexDeviceEventMaskGet
 .text.vexSystemVersion
                0x0000000003803084       0x10 /Applications/VEXcode V5 Text.app/Contents/Resources/sdk/vexv5/libv5rt.a(v5_apiversions.c.obj)
                0x0000000003803084                vexSystemVersion
 .text.vexStdlibVersion
                0x0000000003803094       0x10 /Applications/VEXcode V5 Text.app/Contents/Resources/sdk/vexv5/libv5rt.a(v5_apiversions.c.obj)
                0x0000000003803094                vexStdlibVersion
 .text._ZN3vex5motorD2Ev
                0x00000000038030a4       0x20 /Applications/VEXcode V5 Text.app/Contents/Resources/sdk/vexv5/libv5rt.a(vex_motor.cpp.obj)
                0x00000000038030a4                vex::motor::~motor()
                0x00000000038030a4                vex::motor::~motor()
 .text._ZN3vex5motorD0Ev
                0x00000000038030c4       0x1c /Applications/VEXcode V5 Text.app/Contents/Resources/sdk/vexv5/libv5rt.a(vex_motor.cpp.obj)
                0x00000000038030c4                vex::motor::~motor()
 .text._ZN3vex5motor9installedEv
                0x00000000038030e0       0x18 /Applications/VEXcode V5 Text.app/Contents/Resources/sdk/vexv5/libv5rt.a(vex_motor.cpp.obj)
                0x00000000038030e0                vex::motor::installed()
 .text._ZN3vex5motor15defaultStoppingENS_9brakeTypeE
                0x00000000038030f8       0x30 /Applications/VEXcode V5 Text.app/Contents/Resources/sdk/vexv5/libv5rt.a(vex_motor.cpp.obj)
                0x00000000038030f8                vex::motor::defaultStopping(vex::brakeType)
 .text._ZN3vex5motor8setBrakeENS_9brakeTypeE
                0x0000000003803128        0x4 /Applications/VEXcode V5 Text.app/Contents/Resources/sdk/vexv5/libv5rt.a(vex_motor.cpp.obj)
                0x0000000003803128                vex::motor::setBrake(vex::brakeType)
 .text._ZN3vex5motorC2El
                0x000000000380312c       0x78 /Applications/VEXcode V5 Text.app/Contents/Resources/sdk/vexv5/libv5rt.a(vex_motor.cpp.obj)
                0x000000000380312c                vex::motor::motor(long)
                0x000000000380312c                vex::motor::motor(long)
 .text._ZN3vex5motorC2Elb
                0x00000000038031a4       0x24 /Applications/VEXcode V5 Text.app/Contents/Resources/sdk/vexv5/libv5rt.a(vex_motor.cpp.obj)
                0x00000000038031a4                vex::motor::motor(long, bool)
                0x00000000038031a4                vex::motor::motor(long, bool)
 .text._ZN3vex5motor4spinENS_13directionTypeEdNS_12voltageUnitsE
                0x00000000038031c8       0x50 /Applications/VEXcode V5 Text.app/Contents/Resources/sdk/vexv5/libv5rt.a(vex_motor.cpp.obj)
                0x00000000038031c8                vex::motor::spin(vex::directionType, double, vex::voltageUnits)
 .text._ZN3vex5motor16velocityToScaledEdNS_13velocityUnitsE
                0x0000000003803218       0x5c /Applications/VEXcode V5 Text.app/Contents/Resources/sdk/vexv5/libv5rt.a(vex_motor.cpp.obj)
                0x0000000003803218                vex::motor::velocityToScaled(double, vex::velocityUnits)
 .text._ZN3vex5motor8velocityENS_13velocityUnitsE
                0x0000000003803274       0x30 /Applications/VEXcode V5 Text.app/Contents/Resources/sdk/vexv5/libv5rt.a(vex_motor.cpp.obj)
                0x0000000003803274                vex::motor::velocity(vex::velocityUnits)
 .text._ZN3vex5motor5valueEv
                0x00000000038032a4       0x1c /Applications/VEXcode V5 Text.app/Contents/Resources/sdk/vexv5/libv5rt.a(vex_motor.cpp.obj)
                0x00000000038032a4                vex::motor::value()
 .text._ZN3vex5motor16scaledToVelocityEdNS_13velocityUnitsE
                0x00000000038032c0       0xa4 /Applications/VEXcode V5 Text.app/Contents/Resources/sdk/vexv5/libv5rt.a(vex_motor.cpp.obj)
                0x00000000038032c0                vex::motor::scaledToVelocity(double, vex::velocityUnits)
 .text._ZN3vex5motor4spinENS_13directionTypeEdNS_13velocityUnitsE
                0x0000000003803364       0x5c /Applications/VEXcode V5 Text.app/Contents/Resources/sdk/vexv5/libv5rt.a(vex_motor.cpp.obj)
                0x0000000003803364                vex::motor::spin(vex::directionType, double, vex::velocityUnits)
 .text._ZN3vex5motor16setRotationUnitsENS_13rotationUnitsE
                0x00000000038033c0       0x1c /Applications/VEXcode V5 Text.app/Contents/Resources/sdk/vexv5/libv5rt.a(vex_motor.cpp.obj)
                0x00000000038033c0                vex::motor::setRotationUnits(vex::rotationUnits)
 .text._ZN3vex5motor8rotationENS_13rotationUnitsE
                0x00000000038033dc       0x44 /Applications/VEXcode V5 Text.app/Contents/Resources/sdk/vexv5/libv5rt.a(vex_motor.cpp.obj)
                0x00000000038033dc                vex::motor::rotation(vex::rotationUnits)
 .text._ZN3vex10controllerD2Ev
                0x0000000003803420        0x4 /Applications/VEXcode V5 Text.app/Contents/Resources/sdk/vexv5/libv5rt.a(vex_controller.cpp.obj)
                0x0000000003803420                vex::controller::~controller()
                0x0000000003803420                vex::controller::~controller()
 .text._ZN3vex10controller5valueE19_V5_ControllerIndex
                0x0000000003803424        0x8 /Applications/VEXcode V5 Text.app/Contents/Resources/sdk/vexv5/libv5rt.a(vex_controller.cpp.obj)
                0x0000000003803424                vex::controller::value(_V5_ControllerIndex)
 .text._ZN3vex10controller6button8pressingEv
                0x000000000380342c       0xc8 /Applications/VEXcode V5 Text.app/Contents/Resources/sdk/vexv5/libv5rt.a(vex_controller.cpp.obj)
                0x000000000380342c                vex::controller::button::pressing()
 .text._ZN3vex10controller6button21_buttonToPressedEventEv
                0x00000000038034f4       0x20 /Applications/VEXcode V5 Text.app/Contents/Resources/sdk/vexv5/libv5rt.a(vex_controller.cpp.obj)
                0x00000000038034f4                vex::controller::button::_buttonToPressedEvent()
 .text._ZN3vex10controller6button22_buttonToReleasedEventEv
                0x0000000003803514       0x20 /Applications/VEXcode V5 Text.app/Contents/Resources/sdk/vexv5/libv5rt.a(vex_controller.cpp.obj)
                0x0000000003803514                vex::controller::button::_buttonToReleasedEvent()
 .text._ZN3vex10controller6buttonC2ENS0_11tButtonTypeEPS0_
                0x0000000003803534       0x48 /Applications/VEXcode V5 Text.app/Contents/Resources/sdk/vexv5/libv5rt.a(vex_controller.cpp.obj)
                0x0000000003803534                vex::controller::button::button(vex::controller::tButtonType, vex::controller*)
                0x0000000003803534                vex::controller::button::button(vex::controller::tButtonType, vex::controller*)
 .text._ZN3vex10controller4axis5valueEv
                0x000000000380357c       0x58 /Applications/VEXcode V5 Text.app/Contents/Resources/sdk/vexv5/libv5rt.a(vex_controller.cpp.obj)
                0x000000000380357c                vex::controller::axis::value()
 .text._ZN3vex10controller4axis23_joystickToChangedEventEv
                0x00000000038035d4       0x20 /Applications/VEXcode V5 Text.app/Contents/Resources/sdk/vexv5/libv5rt.a(vex_controller.cpp.obj)
                0x00000000038035d4                vex::controller::axis::_joystickToChangedEvent()
 .text._ZN3vex10controller4axisC2ENS0_9tAxisTypeEPS0_
                0x00000000038035f4       0x2c /Applications/VEXcode V5 Text.app/Contents/Resources/sdk/vexv5/libv5rt.a(vex_controller.cpp.obj)
                0x00000000038035f4                vex::controller::axis::axis(vex::controller::tAxisType, vex::controller*)
                0x00000000038035f4                vex::controller::axis::axis(vex::controller::tAxisType, vex::controller*)
 .text._ZN3vex10controllerC2Ev
                0x0000000003803620      0x204 /Applications/VEXcode V5 Text.app/Contents/Resources/sdk/vexv5/libv5rt.a(vex_controller.cpp.obj)
                0x0000000003803620                vex::controller::controller()
                0x0000000003803620                vex::controller::controller()
 .text._ZN3vex4taskC2EPFivE
                0x0000000003803824       0x5c /Applications/VEXcode V5 Text.app/Contents/Resources/sdk/vexv5/libv5rt.a(vex_task.cpp.obj)
                0x0000000003803824                vex::task::task(int (*)())
                0x0000000003803824                vex::task::task(int (*)())
 .text._ZN3vex4taskD2Ev
                0x0000000003803880        0x4 /Applications/VEXcode V5 Text.app/Contents/Resources/sdk/vexv5/libv5rt.a(vex_task.cpp.obj)
                0x0000000003803880                vex::task::~task()
                0x0000000003803880                vex::task::~task()
 .text._ZN3vex4task4stopERKS0_
                0x0000000003803884       0x18 /Applications/VEXcode V5 Text.app/Contents/Resources/sdk/vexv5/libv5rt.a(vex_task.cpp.obj)
                0x0000000003803884                vex::task::stop(vex::task const&)
 .text._ZN3vex4task5sleepEm
                0x000000000380389c        0x4 /Applications/VEXcode V5 Text.app/Contents/Resources/sdk/vexv5/libv5rt.a(vex_task.cpp.obj)
                0x000000000380389c                vex::task::sleep(unsigned long)
 .text._ZN3vex4task6_indexEPFivE
                0x00000000038038a0       0x14 /Applications/VEXcode V5 Text.app/Contents/Resources/sdk/vexv5/libv5rt.a(vex_task.cpp.obj)
                0x00000000038038a0                vex::task::_index(int (*)())
 .text._ZN3vex4task8_stopAllEv
                0x00000000038038b4       0x3c /Applications/VEXcode V5 Text.app/Contents/Resources/sdk/vexv5/libv5rt.a(vex_task.cpp.obj)
                0x00000000038038b4                vex::task::_stopAll()
 .text._ZN3vex5event4initEmmPFvvE
                0x00000000038038f0        0x4 /Applications/VEXcode V5 Text.app/Contents/Resources/sdk/vexv5/libv5rt.a(vex_event.cpp.obj)
                0x00000000038038f0                vex::event::init(unsigned long, unsigned long, void (*)())
 .text._ZN3vex5event4initEmmPFvPvES1_
                0x00000000038038f4        0x4 /Applications/VEXcode V5 Text.app/Contents/Resources/sdk/vexv5/libv5rt.a(vex_event.cpp.obj)
                0x00000000038038f4                vex::event::init(unsigned long, unsigned long, void (*)(void*), void*)
 .text._ZN3vex5event9userindexEv
                0x00000000038038f8        0x4 /Applications/VEXcode V5 Text.app/Contents/Resources/sdk/vexv5/libv5rt.a(vex_event.cpp.obj)
                0x00000000038038f8                vex::event::userindex()
 .text._ZZN3vex6meventC4EmmENUlvE_4_FUNEv
                0x00000000038038fc        0x4 /Applications/VEXcode V5 Text.app/Contents/Resources/sdk/vexv5/libv5rt.a(vex_mevent.cpp.obj)
 .text._ZN3vex6meventC2Emm
                0x0000000003803900       0x70 /Applications/VEXcode V5 Text.app/Contents/Resources/sdk/vexv5/libv5rt.a(vex_mevent.cpp.obj)
                0x0000000003803900                vex::mevent::mevent(unsigned long, unsigned long)
                0x0000000003803900                vex::mevent::mevent(unsigned long, unsigned long)
 .text._ZN3vex5brain9_getIndexEv
                0x0000000003803970       0x10 /Applications/VEXcode V5 Text.app/Contents/Resources/sdk/vexv5/libv5rt.a(vex_brain.cpp.obj)
                0x0000000003803970                vex::brain::_getIndex()
 .text._ZN3vex5brain3lcd9setCursorEll
                0x0000000003803980       0x44 /Applications/VEXcode V5 Text.app/Contents/Resources/sdk/vexv5/libv5rt.a(vex_brain.cpp.obj)
                0x0000000003803980                vex::brain::lcd::setCursor(long, long)
 .text._ZN3vex5brain3lcd7setFontENS_8fontTypeE
                0x00000000038039c4      0x23c /Applications/VEXcode V5 Text.app/Contents/Resources/sdk/vexv5/libv5rt.a(vex_brain.cpp.obj)
                0x00000000038039c4                vex::brain::lcd::setFont(vex::fontType)
 .text._ZN3vex5brain3lcdC2Ev
                0x0000000003803c00       0x94 /Applications/VEXcode V5 Text.app/Contents/Resources/sdk/vexv5/libv5rt.a(vex_brain.cpp.obj)
                0x0000000003803c00                vex::brain::lcd::lcd()
                0x0000000003803c00                vex::brain::lcd::lcd()
 .text._ZN3vex5brainC2Ev
                0x0000000003803c94       0x38 /Applications/VEXcode V5 Text.app/Contents/Resources/sdk/vexv5/libv5rt.a(vex_brain.cpp.obj)
                0x0000000003803c94                vex::brain::brain()
                0x0000000003803c94                vex::brain::brain()
 .text._ZN3vex5brain3lcd12_clearScreenEm
                0x0000000003803ccc       0x38 /Applications/VEXcode V5 Text.app/Contents/Resources/sdk/vexv5/libv5rt.a(vex_brain.cpp.obj)
                0x0000000003803ccc                vex::brain::lcd::_clearScreen(unsigned long)
 .text._ZN3vex5brain3lcd11clearScreenERKNS_5colorE
                0x0000000003803d04       0x20 /Applications/VEXcode V5 Text.app/Contents/Resources/sdk/vexv5/libv5rt.a(vex_brain.cpp.obj)
                0x0000000003803d04                vex::brain::lcd::clearScreen(vex::color const&)
 .text._ZN3vex5brain3lcd11clearScreenEv
                0x0000000003803d24       0x2c /Applications/VEXcode V5 Text.app/Contents/Resources/sdk/vexv5/libv5rt.a(vex_brain.cpp.obj)
                0x0000000003803d24                vex::brain::lcd::clearScreen()
 .text._ZN3vex5brain3lcd7newLineEv
                0x0000000003803d50       0x20 /Applications/VEXcode V5 Text.app/Contents/Resources/sdk/vexv5/libv5rt.a(vex_brain.cpp.obj)
                0x0000000003803d50                vex::brain::lcd::newLine()
 .text._ZN3vex5brain3lcd10rowToPixelEl
                0x0000000003803d70       0x34 /Applications/VEXcode V5 Text.app/Contents/Resources/sdk/vexv5/libv5rt.a(vex_brain.cpp.obj)
                0x0000000003803d70                vex::brain::lcd::rowToPixel(long)
 .text._ZN3vex5brain3lcd10colToPixelEl
                0x0000000003803da4       0x1c /Applications/VEXcode V5 Text.app/Contents/Resources/sdk/vexv5/libv5rt.a(vex_brain.cpp.obj)
                0x0000000003803da4                vex::brain::lcd::colToPixel(long)
 .text._ZN3vex5brain3lcd5printEPcz
                0x0000000003803dc0       0xa0 /Applications/VEXcode V5 Text.app/Contents/Resources/sdk/vexv5/libv5rt.a(vex_brain.cpp.obj)
                0x0000000003803dc0                vex::brain::lcd::print(char*, ...)
 .text._ZN3vex5brainD2Ev
                0x0000000003803e60       0x20 /Applications/VEXcode V5 Text.app/Contents/Resources/sdk/vexv5/libv5rt.a(vex_brain.cpp.obj)
                0x0000000003803e60                vex::brain::~brain()
                0x0000000003803e60                vex::brain::~brain()
 .text._ZN3vex11competition11_autonomousEv
                0x0000000003803e80       0x90 /Applications/VEXcode V5 Text.app/Contents/Resources/sdk/vexv5/libv5rt.a(vex_competition.cpp.obj)
                0x0000000003803e80                vex::competition::_autonomous()
 .text._ZN3vex11competition14_drivercontrolEv
                0x0000000003803f10       0x90 /Applications/VEXcode V5 Text.app/Contents/Resources/sdk/vexv5/libv5rt.a(vex_competition.cpp.obj)
                0x0000000003803f10                vex::competition::_drivercontrol()
 .text._ZN3vex11competition8_disableEPv
                0x0000000003803fa0       0xc8 /Applications/VEXcode V5 Text.app/Contents/Resources/sdk/vexv5/libv5rt.a(vex_competition.cpp.obj)
                0x0000000003803fa0                vex::competition::_disable(void*)
 .text._ZN3vex11competitionC2Ev
                0x0000000003804068      0x13c /Applications/VEXcode V5 Text.app/Contents/Resources/sdk/vexv5/libv5rt.a(vex_competition.cpp.obj)
                0x0000000003804068                vex::competition::competition()
                0x0000000003804068                vex::competition::competition()
 .text._ZN3vex11competitionD2Ev
                0x00000000038041a4        0x4 /Applications/VEXcode V5 Text.app/Contents/Resources/sdk/vexv5/libv5rt.a(vex_competition.cpp.obj)
                0x00000000038041a4                vex::competition::~competition()
                0x00000000038041a4                vex::competition::~competition()
 .text._ZN3vex11competition10autonomousEPFvvE
                0x00000000038041a8       0x44 /Applications/VEXcode V5 Text.app/Contents/Resources/sdk/vexv5/libv5rt.a(vex_competition.cpp.obj)
                0x00000000038041a8                vex::competition::autonomous(void (*)())
 .text._ZN3vex11competition13drivercontrolEPFvvE
                0x00000000038041ec       0x44 /Applications/VEXcode V5 Text.app/Contents/Resources/sdk/vexv5/libv5rt.a(vex_competition.cpp.obj)
                0x00000000038041ec                vex::competition::drivercontrol(void (*)())
 .text._ZN3vex7triportD2Ev
                0x0000000003804230       0x38 /Applications/VEXcode V5 Text.app/Contents/Resources/sdk/vexv5/libv5rt.a(vex_triport.cpp.obj)
                0x0000000003804230                vex::triport::~triport()
                0x0000000003804230                vex::triport::~triport()
 .text._ZN3vex7triportD0Ev
                0x0000000003804268       0x1c /Applications/VEXcode V5 Text.app/Contents/Resources/sdk/vexv5/libv5rt.a(vex_triport.cpp.obj)
                0x0000000003804268                vex::triport::~triport()
 .text._ZN3vex7triport9installedEv
                0x0000000003804284       0x18 /Applications/VEXcode V5 Text.app/Contents/Resources/sdk/vexv5/libv5rt.a(vex_triport.cpp.obj)
                0x0000000003804284                vex::triport::installed()
 .text._ZN3vex7triport4portC2ElPS0_
                0x000000000380429c       0x74 /Applications/VEXcode V5 Text.app/Contents/Resources/sdk/vexv5/libv5rt.a(vex_triport.cpp.obj)
                0x000000000380429c                vex::triport::port::port(long, vex::triport*)
                0x000000000380429c                vex::triport::port::port(long, vex::triport*)
 .text._ZN3vex7triportC2El
                0x0000000003804310       0xf0 /Applications/VEXcode V5 Text.app/Contents/Resources/sdk/vexv5/libv5rt.a(vex_triport.cpp.obj)
                0x0000000003804310                vex::triport::triport(long)
                0x0000000003804310                vex::triport::triport(long)
 .text.startup._GLOBAL__sub_I__ZN3vex7triportC2El
                0x0000000003804400       0x30 /Applications/VEXcode V5 Text.app/Contents/Resources/sdk/vexv5/libv5rt.a(vex_triport.cpp.obj)
 .text._ZN3vex5colorD2Ev
                0x0000000003804430        0x4 /Applications/VEXcode V5 Text.app/Contents/Resources/sdk/vexv5/libv5rt.a(vex_color.cpp.obj)
                0x0000000003804430                vex::color::~color()
                0x0000000003804430                vex::color::~color()
 .text._ZNK3vex5colorcvmEv
                0x0000000003804434        0x8 /Applications/VEXcode V5 Text.app/Contents/Resources/sdk/vexv5/libv5rt.a(vex_color.cpp.obj)
                0x0000000003804434                vex::color::operator unsigned long() const
 .text.startup._GLOBAL__sub_I__ZN3vex5color5blackE
                0x000000000380443c      0x164 /Applications/VEXcode V5 Text.app/Contents/Resources/sdk/vexv5/libv5rt.a(vex_color.cpp.obj)
 .text._ZN3vex5timerD2Ev
                0x00000000038045a0        0x4 /Applications/VEXcode V5 Text.app/Contents/Resources/sdk/vexv5/libv5rt.a(vex_timer.cpp.obj)
                0x00000000038045a0                vex::timer::~timer()
                0x00000000038045a0                vex::timer::~timer()
 .text._ZN3vex5timer5clearEv
                0x00000000038045a4       0x1c /Applications/VEXcode V5 Text.app/Contents/Resources/sdk/vexv5/libv5rt.a(vex_timer.cpp.obj)
                0x00000000038045a4                vex::timer::clear()
 .text._ZN3vex5timerC2Ev
                0x00000000038045c0       0x14 /Applications/VEXcode V5 Text.app/Contents/Resources/sdk/vexv5/libv5rt.a(vex_timer.cpp.obj)
                0x00000000038045c0                vex::timer::timer()
                0x00000000038045c0                vex::timer::timer()
 .text.vexMotorVelocitySet
                0x00000000038045d4       0x20 /Applications/VEXcode V5 Text.app/Contents/Resources/sdk/vexv5/libv5rt.a(v5_apiuser.c.obj)
                0x00000000038045d4                vexMotorVelocitySet
 .text.vexMotorVoltageSet
                0x00000000038045f4       0x20 /Applications/VEXcode V5 Text.app/Contents/Resources/sdk/vexv5/libv5rt.a(v5_apiuser.c.obj)
                0x00000000038045f4                vexMotorVoltageSet
 .text.vexMotorActualVelocityGet
                0x0000000003804614       0x24 /Applications/VEXcode V5 Text.app/Contents/Resources/sdk/vexv5/libv5rt.a(v5_apiuser.c.obj)
                0x0000000003804614                vexMotorActualVelocityGet
 .text.vexMotorReverseFlagSet
                0x0000000003804638       0x20 /Applications/VEXcode V5 Text.app/Contents/Resources/sdk/vexv5/libv5rt.a(v5_apiuser.c.obj)
                0x0000000003804638                vexMotorReverseFlagSet
 .text.vexMotorEncoderUnitsSet
                0x0000000003804658       0x20 /Applications/VEXcode V5 Text.app/Contents/Resources/sdk/vexv5/libv5rt.a(v5_apiuser.c.obj)
                0x0000000003804658                vexMotorEncoderUnitsSet
 .text.vexMotorBrakeModeSet
                0x0000000003804678       0x20 /Applications/VEXcode V5 Text.app/Contents/Resources/sdk/vexv5/libv5rt.a(v5_apiuser.c.obj)
                0x0000000003804678                vexMotorBrakeModeSet
 .text.vexMotorPositionSet
                0x0000000003804698       0x28 /Applications/VEXcode V5 Text.app/Contents/Resources/sdk/vexv5/libv5rt.a(v5_apiuser.c.obj)
                0x0000000003804698                vexMotorPositionSet
 .text.vexMotorPositionGet
                0x00000000038046c0       0x24 /Applications/VEXcode V5 Text.app/Contents/Resources/sdk/vexv5/libv5rt.a(v5_apiuser.c.obj)
                0x00000000038046c0                vexMotorPositionGet
 .text.vexMotorGearingGet
                0x00000000038046e4       0x18 /Applications/VEXcode V5 Text.app/Contents/Resources/sdk/vexv5/libv5rt.a(v5_apiuser.c.obj)
                0x00000000038046e4                vexMotorGearingGet
 .text.vexEventMaskSet
                0x00000000038046fc       0x28 /Applications/VEXcode V5 Text.app/Contents/Resources/sdk/vexv5/libv5rt.a(v5_apiuser.c.obj)
                0x00000000038046fc                vexEventMaskSet
 .text.vexEventMaskGet
                0x0000000003804724       0x18 /Applications/VEXcode V5 Text.app/Contents/Resources/sdk/vexv5/libv5rt.a(v5_apiuser.c.obj)
                0x0000000003804724                vexEventMaskGet
 .text._ZN3vex6deviceD2Ev
                0x000000000380473c        0x4 /Applications/VEXcode V5 Text.app/Contents/Resources/sdk/vexv5/libv5rt.a(vex_device.cpp.obj)
                0x000000000380473c                vex::device::~device()
                0x000000000380473c                vex::device::~device()
 .text._ZN3vex6device5valueEv
                0x0000000003804740        0x8 /Applications/VEXcode V5 Text.app/Contents/Resources/sdk/vexv5/libv5rt.a(vex_device.cpp.obj)
                0x0000000003804740                vex::device::value()
 .text._ZN3vex6deviceD0Ev
                0x0000000003804748       0x14 /Applications/VEXcode V5 Text.app/Contents/Resources/sdk/vexv5/libv5rt.a(vex_device.cpp.obj)
                0x0000000003804748                vex::device::~device()
 .text._ZN3vex6device4initEl
                0x000000000380475c       0x30 /Applications/VEXcode V5 Text.app/Contents/Resources/sdk/vexv5/libv5rt.a(vex_device.cpp.obj)
                0x000000000380475c                vex::device::init(long)
 .text._ZN3vex6deviceC2El
                0x000000000380478c       0x20 /Applications/VEXcode V5 Text.app/Contents/Resources/sdk/vexv5/libv5rt.a(vex_device.cpp.obj)
                0x000000000380478c                vex::device::device(long)
                0x000000000380478c                vex::device::device(long)
 .text._ZN3vex6device4typeEv
                0x00000000038047ac       0x10 /Applications/VEXcode V5 Text.app/Contents/Resources/sdk/vexv5/libv5rt.a(vex_device.cpp.obj)
                0x00000000038047ac                vex::device::type()
 .text._ZN3vex6device9installedEv
                0x00000000038047bc       0x14 /Applications/VEXcode V5 Text.app/Contents/Resources/sdk/vexv5/libv5rt.a(vex_device.cpp.obj)
                0x00000000038047bc                vex::device::installed()
 .text.__libc_fini_array
                0x00000000038047d0       0x30 /Applications/VEXcode V5 Text.app/Contents/Resources/sdk/vexv5/gcc/libs/libc.a(lib_a-fini.o)
                0x00000000038047d0                __libc_fini_array
 .text.__libc_init_array
                0x0000000003804800       0x58 /Applications/VEXcode V5 Text.app/Contents/Resources/sdk/vexv5/gcc/libs/libc.a(lib_a-init.o)
                0x0000000003804800                __libc_init_array
 .text.__libc_init_array.__stub
                0x0000000003804858       0x30 linker stubs
 *(.gnu.linkonce.t.*)
 *(.plt)
 *(.gnu_warning)
 *(.gcc_except_table)
 *(.glue_7)
 .glue_7        0x0000000003804888        0x0 linker stubs
 *(.glue_7t)
 .glue_7t       0x0000000003804888        0x0 linker stubs
 *(.vfp11_veneer)
 .vfp11_veneer  0x0000000003804888        0x0 linker stubs
 *(.ARM.extab)
 *(.gnu.linkonce.armextab.*)

.v4_bx          0x0000000003804888        0x0
 .v4_bx         0x0000000003804888        0x0 linker stubs

.iplt           0x0000000003804888        0x0
 .iplt          0x0000000003804888        0x0 build/src/controller.o

.init
 *(.init)

.fini
 *(.fini)

.rodata         0x0000000003804888      0x21c
                0x0000000003804888                __rodata_start = .
 *(.rodata)
 *(.rodata.*)
 .rodata.str1.1
                0x0000000003804888       0x15 build/src/debug.o
                                         0x17 (size before relaxing)
 .rodata.str1.1
                0x000000000380489d       0x4e build/src/pragma.o
 *fill*         0x00000000038048eb        0x1 
 .rodata._ZTV5Motor
                0x00000000038048ec       0x18 build/src/pragma.o
                0x00000000038048ec                vtable for Motor
 *fill*         0x0000000003804904        0x4 
 .rodata.str1.8
                0x0000000003804908       0xa0 build/src/motor/class.o
                                         0x99 (size before relaxing)
 .rodata.str1.1
                0x00000000038049a8        0x2 build/src/motor/class.o
 .rodata.str1.1
                0x00000000038049a8       0x2e /Applications/VEXcode V5 Text.app/Contents/Resources/sdk/vexv5/libv5rt.a(v5_startup.c.obj)
 *fill*         0x00000000038049d6        0x2 
 .rodata._ZN3vex6PORT20E
                0x00000000038049d8        0x4 /Applications/VEXcode V5 Text.app/Contents/Resources/sdk/vexv5/libv5rt.a(vex_global.cpp.obj)
                0x00000000038049d8                vex::PORT20
 .rodata._ZN3vex6PORT10E
                0x00000000038049dc        0x4 /Applications/VEXcode V5 Text.app/Contents/Resources/sdk/vexv5/libv5rt.a(vex_global.cpp.obj)
                0x00000000038049dc                vex::PORT10
 .rodata._ZN3vex6PORT14E
                0x00000000038049e0        0x4 /Applications/VEXcode V5 Text.app/Contents/Resources/sdk/vexv5/libv5rt.a(vex_global.cpp.obj)
                0x00000000038049e0                vex::PORT14
 .rodata._ZN3vex5PORT9E
                0x00000000038049e4        0x4 /Applications/VEXcode V5 Text.app/Contents/Resources/sdk/vexv5/libv5rt.a(vex_global.cpp.obj)
                0x00000000038049e4                vex::PORT9
 .rodata._ZN3vex5PORT2E
                0x00000000038049e8        0x4 /Applications/VEXcode V5 Text.app/Contents/Resources/sdk/vexv5/libv5rt.a(vex_global.cpp.obj)
                0x00000000038049e8                vex::PORT2
 .rodata._ZN3vex6PORT11E
                0x00000000038049ec        0x4 /Applications/VEXcode V5 Text.app/Contents/Resources/sdk/vexv5/libv5rt.a(vex_global.cpp.obj)
                0x00000000038049ec                vex::PORT11
 .rodata._ZN3vex6PORT19E
                0x00000000038049f0        0x4 /Applications/VEXcode V5 Text.app/Contents/Resources/sdk/vexv5/libv5rt.a(vex_global.cpp.obj)
                0x00000000038049f0                vex::PORT19
 .rodata._ZN3vex6PORT22E
                0x00000000038049f4        0x4 /Applications/VEXcode V5 Text.app/Contents/Resources/sdk/vexv5/libv5rt.a(vex_global.cpp.obj)
                0x00000000038049f4                vex::PORT22
 .rodata._ZN3vex6PORT13E
                0x00000000038049f8        0x4 /Applications/VEXcode V5 Text.app/Contents/Resources/sdk/vexv5/libv5rt.a(vex_global.cpp.obj)
                0x00000000038049f8                vex::PORT13
 *fill*         0x00000000038049fc        0x4 
 .rodata._ZTVN3vex5motorE
                0x0000000003804a00       0x18 /Applications/VEXcode V5 Text.app/Contents/Resources/sdk/vexv5/libv5rt.a(vex_motor.cpp.obj)
                0x0000000003804a00                vtable for vex::motor
 .rodata.CSWTCH.15
                0x0000000003804a18        0xb /Applications/VEXcode V5 Text.app/Contents/Resources/sdk/vexv5/libv5rt.a(vex_controller.cpp.obj)
 .rodata.CSWTCH.17
                0x0000000003804a23        0xb /Applications/VEXcode V5 Text.app/Contents/Resources/sdk/vexv5/libv5rt.a(vex_controller.cpp.obj)
 .rodata.CSWTCH.23
                0x0000000003804a2e        0x3 /Applications/VEXcode V5 Text.app/Contents/Resources/sdk/vexv5/libv5rt.a(vex_controller.cpp.obj)
 .rodata.str1.1
                0x0000000003804a31       0x14 /Applications/VEXcode V5 Text.app/Contents/Resources/sdk/vexv5/libv5rt.a(vex_task.cpp.obj)
 .rodata.str1.1
                0x0000000003804a45       0x2b /Applications/VEXcode V5 Text.app/Contents/Resources/sdk/vexv5/libv5rt.a(vex_brain.cpp.obj)
 .rodata._ZTVN3vex7triportE
                0x0000000003804a70       0x18 /Applications/VEXcode V5 Text.app/Contents/Resources/sdk/vexv5/libv5rt.a(vex_triport.cpp.obj)
                0x0000000003804a70                vtable for vex::triport
 .rodata._ZTVN3vex6deviceE
                0x0000000003804a88       0x18 /Applications/VEXcode V5 Text.app/Contents/Resources/sdk/vexv5/libv5rt.a(vex_device.cpp.obj)
                0x0000000003804a88                vtable for vex::device
 .rodata.str1.4
                0x0000000003804aa0        0x4 /Applications/VEXcode V5 Text.app/Contents/Resources/sdk/vexv5/gcc/libs/libc.a(lib_a-impure.o)
                                          0x2 (size before relaxing)
 *(.gnu.linkonce.r.*)
                0x0000000003804aa4                __rodata_end = .

.rodata1        0x0000000003804aa4        0x0
                0x0000000003804aa4                __rodata1_start = .
 *(.rodata1)
 *(.rodata1.*)
                0x0000000003804aa4                __rodata1_end = .

.sdata2         0x0000000003804aa4        0x0
                0x0000000003804aa4                __sdata2_start = .
 *(.sdata2)
 *(.sdata2.*)
 *(.gnu.linkonce.s2.*)
                0x0000000003804aa4                __sdata2_end = .

.sbss2          0x0000000003804aa4        0x0
                0x0000000003804aa4                __sbss2_start = .
 *(.sbss2)
 *(.sbss2.*)
 *(.gnu.linkonce.sb2.*)
                0x0000000003804aa4                __sbss2_end = .

.data           0x0000000003804aa8      0x43c
                0x0000000003804aa8                __data_start = .
 *(.data)
 *(.data.*)
 .data.user_tank_2_mode
                0x0000000003804aa8        0x4 build/src/usercontrol.o
                0x0000000003804aa8                user_tank_2_mode
 .data.appRunning
                0x0000000003804aac        0x4 /Applications/VEXcode V5 Text.app/Contents/Resources/sdk/vexv5/libv5rt.a(v5_startup.c.obj)
                0x0000000003804aac                appRunning
 .data.__yoff   0x0000000003804ab0        0x4 /Applications/VEXcode V5 Text.app/Contents/Resources/sdk/vexv5/libv5rt.a(v5_apijump.c.obj)
 .data._ZN3vex24__default_motor_velocityE
                0x0000000003804ab4        0x4 /Applications/VEXcode V5 Text.app/Contents/Resources/sdk/vexv5/libv5rt.a(vex_motor.cpp.obj)
                0x0000000003804ab4                vex::__default_motor_velocity
 .data.impure_data
                0x0000000003804ab8      0x428 /Applications/VEXcode V5 Text.app/Contents/Resources/sdk/vexv5/gcc/libs/libc.a(lib_a-impure.o)
 .data._impure_ptr
                0x0000000003804ee0        0x4 /Applications/VEXcode V5 Text.app/Contents/Resources/sdk/vexv5/gcc/libs/libc.a(lib_a-impure.o)
                0x0000000003804ee0                _impure_ptr
 *(.gnu.linkonce.d.*)
 *(.jcr)
 *(.got)
 *(.got.plt)
                0x0000000003804ee4                __data_end = .

.igot.plt       0x0000000003804ee4        0x0
 .igot.plt      0x0000000003804ee4        0x0 build/src/controller.o

.data1          0x0000000003804ee4        0x0
                0x0000000003804ee4                __data1_start = .
 *(.data1)
 *(.data1.*)
                0x0000000003804ee4                __data1_end = .

.got
 *(.got)

.ctors          0x0000000003804ee4        0x0
                0x0000000003804ee4                __CTOR_LIST__ = .
                0x0000000003804ee4                ___CTORS_LIST___ = .
 *crtbegin.o(.ctors)
 *(EXCLUDE_FILE(*crtend.o) .ctors)
 *(SORT_BY_NAME(.ctors.*))
 *(.ctors)
                0x0000000003804ee4                __CTOR_END__ = .
                0x0000000003804ee4                ___CTORS_END___ = .

.dtors          0x0000000003804ee4        0x0
                0x0000000003804ee4                __DTOR_LIST__ = .
                0x0000000003804ee4                ___DTORS_LIST___ = .
 *crtbegin.o(.dtors)
 *(EXCLUDE_FILE(*crtend.o) .dtors)
 *(SORT_BY_NAME(.dtors.*))
 *(.dtors)
                0x0000000003804ee4                __DTOR_END__ = .
                0x0000000003804ee4                ___DTORS_END___ = .

.fixup          0x0000000003804ee4        0x0
                0x0000000003804ee4                __fixup_start = .
 *(.fixup)
                0x0000000003804ee4                __fixup_end = .

.eh_frame
 *(.eh_frame)

.eh_framehdr    0x0000000003804ee4        0x0
                0x0000000003804ee4                __eh_framehdr_start = .
 *(.eh_framehdr)
                0x0000000003804ee4                __eh_framehdr_end = .

.gcc_except_table
 *(.gcc_except_table)

.mmu_tbl        0x0000000003808000        0x0
                0x0000000003808000                __mmu_tbl_start = .
 *(.mmu_tbl)
                0x0000000003808000                __mmu_tbl_end = .

.ARM.exidx      0x0000000003804ee4        0x8
                0x0000000003804ee4                __exidx_start = .
 *(.ARM.exidx*)
 .ARM.exidx.text._Z15ctlr_updateVarsv
                0x0000000003804ee4        0x8 build/src/controller.o
 .ARM.exidx.text._GLOBAL__sub_I_controller.cpp
                0x0000000003804eec        0x0 build/src/controller.o
                                          0x8 (size before relaxing)
 .ARM.exidx.text._Z10math_sgn_ii
                0x0000000003804eec        0x0 build/src/custom_math.o
                                          0x8 (size before relaxing)
 .ARM.exidx.text._Z15math_restrict_iiii
                0x0000000003804eec        0x0 build/src/custom_math.o
                                          0x8 (size before relaxing)
 .ARM.exidx.text._Z10math_map_fddddd
                0x0000000003804eec        0x0 build/src/custom_math.o
                                          0x8 (size before relaxing)
 .ARM.exidx.text._GLOBAL__sub_I_custom_math.cpp
                0x0000000003804eec        0x0 build/src/custom_math.o
                                          0x8 (size before relaxing)
 .ARM.exidx.text._Z15debug_updateVarv
                0x0000000003804eec        0x0 build/src/debug.o
                                          0x8 (size before relaxing)
 .ARM.exidx.text._Z19debug_print_initialv
                0x0000000003804eec        0x0 build/src/debug.o
                                          0x8 (size before relaxing)
 .ARM.exidx.text._Z11debug_printv
                0x0000000003804eec        0x0 build/src/debug.o
                                          0x8 (size before relaxing)
 .ARM.exidx.text._GLOBAL__sub_I_debug.cpp
                0x0000000003804eec        0x0 build/src/debug.o
                                          0x8 (size before relaxing)
 .ARM.exidx.text._Z10autonomousv
                0x0000000003804eec        0x0 build/src/main.o
                                          0x8 (size before relaxing)
 .ARM.exidx.text._Z11usercontrolv
                0x0000000003804eec        0x0 build/src/main.o
                                          0x8 (size before relaxing)
 .ARM.exidx.text.main
                0x0000000003804eec        0x0 build/src/main.o
                                          0x8 (size before relaxing)
 .ARM.exidx.text._GLOBAL__sub_I_main.cpp
                0x0000000003804eec        0x0 build/src/main.o
                                          0x8 (size before relaxing)
 .ARM.exidx.text._ZN5MotorD2Ev
                0x0000000003804eec        0x0 build/src/pragma.o
                                          0x8 (size before relaxing)
 .ARM.exidx.text._ZNSt10_List_baseI5MotorSaIS0_EED2Ev
                0x0000000003804eec        0x0 build/src/pragma.o
                                          0x8 (size before relaxing)
 .ARM.exidx.text._ZN5MotorD0Ev
                0x0000000003804eec        0x0 build/src/pragma.o
                                          0x8 (size before relaxing)
 .ARM.exidx.text._ZNSt10_List_baseI5MotorSaIS0_EE8_M_clearEv
                0x0000000003804eec        0x0 build/src/pragma.o
                                          0x8 (size before relaxing)
 .ARM.exidx.text._ZNSt4listI5MotorSaIS0_EE12emplace_backIJRKS0_EEEvDpOT_
                0x0000000003804eec        0x0 build/src/pragma.o
                                          0x8 (size before relaxing)
 .ARM.exidx.text._GLOBAL__sub_I_pragma.cpp
                0x0000000003804eec        0x0 build/src/pragma.o
                                          0x8 (size before relaxing)
 .ARM.exidx.text._Z11vexcodeInitv
                0x0000000003804eec        0x0 build/src/robot-config.o
                                          0x8 (size before relaxing)
 .ARM.exidx.text._GLOBAL__sub_I_robot_config.cpp
                0x0000000003804eec        0x0 build/src/robot-config.o
                                          0x8 (size before relaxing)
 .ARM.exidx.text._GLOBAL__sub_I_sejun_code.cpp
                0x0000000003804eec        0x0 build/src/sejun_code.o
                                          0x8 (size before relaxing)
 .ARM.exidx.text._Z11user_tank_2v
                0x0000000003804eec        0x0 build/src/usercontrol.o
                                          0x8 (size before relaxing)
 .ARM.exidx.text._Z13user_intake_2v
                0x0000000003804eec        0x0 build/src/usercontrol.o
                                          0x8 (size before relaxing)
 .ARM.exidx.text._Z15user_arm_tray_1v
                0x0000000003804eec        0x0 build/src/usercontrol.o
                                          0x8 (size before relaxing)
 .ARM.exidx.text._GLOBAL__sub_I_usercontrol.cpp
                0x0000000003804eec        0x0 build/src/usercontrol.o
                                          0x8 (size before relaxing)
 .ARM.exidx.text._Z25auton_standard_initializev
                0x0000000003804eec        0x0 build/src/autonomous/functions.o
                                          0x8 (size before relaxing)
 .ARM.exidx.text._Z25auton_standard_update_finv
                0x0000000003804eec        0x0 build/src/autonomous/functions.o
                                          0x8 (size before relaxing)
 .ARM.exidx.text._Z6a_waiti
                0x0000000003804eec        0x0 build/src/autonomous/functions.o
                                          0x8 (size before relaxing)
 .ARM.exidx.text._Z17auton_intake_1_inv
                0x0000000003804eec        0x0 build/src/autonomous/functions.o
                                          0x8 (size before relaxing)
 .ARM.exidx.text._Z19auton_intake_1_stopv
                0x0000000003804eec        0x0 build/src/autonomous/functions.o
                                          0x8 (size before relaxing)
 .ARM.exidx.text._GLOBAL__sub_I_functions.cpp
                0x0000000003804eec        0x0 build/src/autonomous/functions.o
                                          0x8 (size before relaxing)
 .ARM.exidx.text._Z21auton_route_testing_1v
                0x0000000003804eec        0x0 build/src/autonomous/routes.o
                                          0x8 (size before relaxing)
 .ARM.exidx.text._GLOBAL__sub_I_routes.cpp
                0x0000000003804eec        0x0 build/src/autonomous/routes.o
                                          0x8 (size before relaxing)
 .ARM.exidx.text._ZN5Motor10set_targetEi
                0x0000000003804eec        0x0 build/src/motor/class.o
                                          0x8 (size before relaxing)
 .ARM.exidx.text._ZN5Motor16update_vars_slewEv
                0x0000000003804eec        0x0 build/src/motor/class.o
                                          0x8 (size before relaxing)
 .ARM.exidx.text._ZN5Motor11update_varsEv
                0x0000000003804eec        0x0 build/src/motor/class.o
                                          0x8 (size before relaxing)
 .ARM.exidx.text._ZN5Motor16update_power_velEv
                0x0000000003804eec        0x0 build/src/motor/class.o
                                          0x8 (size before relaxing)
 .ARM.exidx.text._ZN5Motor16update_power_volEv
                0x0000000003804eec        0x0 build/src/motor/class.o
                                          0x8 (size before relaxing)
 .ARM.exidx.text._ZN5Motor12update_powerEv
                0x0000000003804eec        0x0 build/src/motor/class.o
                                          0x8 (size before relaxing)
 .ARM.exidx.text._ZN5Motor20update_rotation_varsEv
                0x0000000003804eec        0x0 build/src/motor/class.o
                                          0x8 (size before relaxing)
 .ARM.exidx.text._ZN5Motor14rotation_resetEv
                0x0000000003804eec        0x0 build/src/motor/class.o
                                          0x8 (size before relaxing)
 .ARM.exidx.text._ZN5Motor18print_actual_powerEv
                0x0000000003804eec        0x0 build/src/motor/class.o
                                          0x8 (size before relaxing)
 .ARM.exidx.text._ZN5Motor18print_target_powerEv
                0x0000000003804eec        0x0 build/src/motor/class.o
                                          0x8 (size before relaxing)
 .ARM.exidx.text._ZN5Motor14print_rotationEv
                0x0000000003804eec        0x0 build/src/motor/class.o
                                          0x8 (size before relaxing)
 .ARM.exidx.text._ZN5Motor12rotation_getEv
                0x0000000003804eec        0x0 build/src/motor/class.o
                                          0x8 (size before relaxing)
 .ARM.exidx.text._ZN5Motor21print_rotation_changeEv
                0x0000000003804eec        0x0 build/src/motor/class.o
                                          0x8 (size before relaxing)
 .ARM.exidx.text._ZN5Motor26print_initial_actual_powerEv
                0x0000000003804eec        0x0 build/src/motor/class.o
                                          0x8 (size before relaxing)
 .ARM.exidx.text._ZN5Motor26print_initial_target_powerEv
                0x0000000003804eec        0x0 build/src/motor/class.o
                                          0x8 (size before relaxing)
 .ARM.exidx.text._ZN5Motor22print_initial_rotationEv
                0x0000000003804eec        0x0 build/src/motor/class.o
                                          0x8 (size before relaxing)
 .ARM.exidx.text._ZN5Motor29print_initial_rotation_changeEv
                0x0000000003804eec        0x0 build/src/motor/class.o
                                          0x8 (size before relaxing)
 .ARM.exidx.text._ZN5MotorC2ESsibibbbbbb
                0x0000000003804eec        0x0 build/src/motor/class.o
                                          0x8 (size before relaxing)
 .ARM.exidx.text._GLOBAL__sub_I_class.cpp
                0x0000000003804eec        0x0 build/src/motor/class.o
                                          0x8 (size before relaxing)
 .ARM.exidx.text._Z8left_seti
                0x0000000003804eec        0x0 build/src/motor/functions.o
                                          0x8 (size before relaxing)
 .ARM.exidx.text._Z9right_seti
                0x0000000003804eec        0x0 build/src/motor/functions.o
                                          0x8 (size before relaxing)
 .ARM.exidx.text._Z10intake_seti
                0x0000000003804eec        0x0 build/src/motor/functions.o
                                          0x8 (size before relaxing)
 .ARM.exidx.text._Z18motors_update_varsv
                0x0000000003804eec        0x0 build/src/motor/functions.o
                                          0x8 (size before relaxing)
 .ARM.exidx.text._Z19motors_update_powerv
                0x0000000003804eec        0x0 build/src/motor/functions.o
                                          0x8 (size before relaxing)
 .ARM.exidx.text._Z27motors_update_rotation_varsv
                0x0000000003804eec        0x0 build/src/motor/functions.o
                                          0x8 (size before relaxing)
 .ARM.exidx.text._Z22chassis_reset_rotationv
                0x0000000003804eec        0x0 build/src/motor/functions.o
                                          0x8 (size before relaxing)
 .ARM.exidx.text._Z21motors_reset_rotationv
                0x0000000003804eec        0x0 build/src/motor/functions.o
                                          0x8 (size before relaxing)
 .ARM.exidx.text._GLOBAL__sub_I_functions.cpp
                0x0000000003804eec        0x0 build/src/motor/functions.o
                                          0x8 (size before relaxing)
 *(.gnu.linkonce.armexidix.*.*)
                0x0000000003804eec                __exidx_end = .

.rel.dyn        0x0000000003804eec        0x0
 .rel.iplt      0x0000000003804eec        0x0 build/src/controller.o

.preinit_array  0x0000000003804eec        0x0
                0x0000000003804eec                __preinit_array_start = .
 *(SORT_BY_NAME(.preinit_array.*))
 *(.preinit_array)
                0x0000000003804eec                __preinit_array_end = .

.init_array     0x0000000003804eec       0x38
                0x0000000003804eec                __init_array_start = .
 *(SORT_BY_NAME(.init_array.*))
 *(.init_array)
 .init_array    0x0000000003804eec        0x4 build/src/controller.o
 .init_array    0x0000000003804ef0        0x4 build/src/custom_math.o
 .init_array    0x0000000003804ef4        0x4 build/src/debug.o
 .init_array    0x0000000003804ef8        0x4 build/src/main.o
 .init_array    0x0000000003804efc        0x4 build/src/pragma.o
 .init_array    0x0000000003804f00        0x4 build/src/robot-config.o
 .init_array    0x0000000003804f04        0x4 build/src/sejun_code.o
 .init_array    0x0000000003804f08        0x4 build/src/usercontrol.o
 .init_array    0x0000000003804f0c        0x4 build/src/autonomous/functions.o
 .init_array    0x0000000003804f10        0x4 build/src/autonomous/routes.o
 .init_array    0x0000000003804f14        0x4 build/src/motor/class.o
 .init_array    0x0000000003804f18        0x4 build/src/motor/functions.o
 .init_array    0x0000000003804f1c        0x4 /Applications/VEXcode V5 Text.app/Contents/Resources/sdk/vexv5/libv5rt.a(vex_triport.cpp.obj)
 .init_array    0x0000000003804f20        0x4 /Applications/VEXcode V5 Text.app/Contents/Resources/sdk/vexv5/libv5rt.a(vex_color.cpp.obj)
                0x0000000003804f24                __init_array_end = .

.fini_array     0x0000000003804f24        0x0
                0x0000000003804f24                __fini_array_start = .
 *(SORT_BY_NAME(.fini_array.*))
 *(.fini_array)
                0x0000000003804f24                __fini_array_end = .

.ARM.attributes
                0x0000000003804f24       0x3c
                0x0000000003804f24                __ARM.attributes_start = .
 *(.ARM.attributes)
 .ARM.attributes
                0x0000000003804f24       0x3a build/src/controller.o
 .ARM.attributes
                0x0000000003804f5e       0x3a build/src/custom_math.o
 .ARM.attributes
                0x0000000003804f98       0x3a build/src/debug.o
 .ARM.attributes
                0x0000000003804fd2       0x3a build/src/main.o
 .ARM.attributes
                0x000000000380500c       0x3a build/src/pragma.o
 .ARM.attributes
                0x0000000003805046       0x3a build/src/robot-config.o
 .ARM.attributes
                0x0000000003805080       0x3a build/src/sejun_code.o
 .ARM.attributes
                0x00000000038050ba       0x3a build/src/usercontrol.o
 .ARM.attributes
                0x00000000038050f4       0x3a build/src/autonomous/functions.o
 .ARM.attributes
                0x000000000380512e       0x3a build/src/autonomous/routes.o
 .ARM.attributes
                0x0000000003805168       0x3a build/src/motor/class.o
 .ARM.attributes
                0x00000000038051a2       0x3a build/src/motor/functions.o
 .ARM.attributes
                0x00000000038051dc       0x35 /Applications/VEXcode V5 Text.app/Contents/Resources/sdk/vexv5/libv5rt.a(v5_startup.c.obj)
 .ARM.attributes
                0x0000000003805211       0x35 /Applications/VEXcode V5 Text.app/Contents/Resources/sdk/vexv5/libv5rt.a(v5_util.c.obj)
 .ARM.attributes
                0x0000000003805246       0x35 /Applications/VEXcode V5 Text.app/Contents/Resources/sdk/vexv5/libv5rt.a(v5_apijump.c.obj)
 .ARM.attributes
                0x000000000380527b       0x35 /Applications/VEXcode V5 Text.app/Contents/Resources/sdk/vexv5/libv5rt.a(v5_apiversions.c.obj)
 .ARM.attributes
                0x00000000038052b0       0x35 /Applications/VEXcode V5 Text.app/Contents/Resources/sdk/vexv5/libv5rt.a(vex_global.cpp.obj)
 .ARM.attributes
                0x00000000038052e5       0x35 /Applications/VEXcode V5 Text.app/Contents/Resources/sdk/vexv5/libv5rt.a(vex_motor.cpp.obj)
 .ARM.attributes
                0x000000000380531a       0x35 /Applications/VEXcode V5 Text.app/Contents/Resources/sdk/vexv5/libv5rt.a(vex_controller.cpp.obj)
 .ARM.attributes
                0x000000000380534f       0x35 /Applications/VEXcode V5 Text.app/Contents/Resources/sdk/vexv5/libv5rt.a(vex_task.cpp.obj)
 .ARM.attributes
                0x0000000003805384       0x35 /Applications/VEXcode V5 Text.app/Contents/Resources/sdk/vexv5/libv5rt.a(vex_event.cpp.obj)
 .ARM.attributes
                0x00000000038053b9       0x35 /Applications/VEXcode V5 Text.app/Contents/Resources/sdk/vexv5/libv5rt.a(vex_mevent.cpp.obj)
 .ARM.attributes
                0x00000000038053ee       0x35 /Applications/VEXcode V5 Text.app/Contents/Resources/sdk/vexv5/libv5rt.a(vex_brain.cpp.obj)
 .ARM.attributes
                0x0000000003805423       0x35 /Applications/VEXcode V5 Text.app/Contents/Resources/sdk/vexv5/libv5rt.a(vex_competition.cpp.obj)
 .ARM.attributes
                0x0000000003805458       0x35 /Applications/VEXcode V5 Text.app/Contents/Resources/sdk/vexv5/libv5rt.a(vex_triport.cpp.obj)
 .ARM.attributes
                0x000000000380548d       0x35 /Applications/VEXcode V5 Text.app/Contents/Resources/sdk/vexv5/libv5rt.a(vex_color.cpp.obj)
 .ARM.attributes
                0x00000000038054c2       0x35 /Applications/VEXcode V5 Text.app/Contents/Resources/sdk/vexv5/libv5rt.a(vex_timer.cpp.obj)
 .ARM.attributes
                0x00000000038054f7       0x35 /Applications/VEXcode V5 Text.app/Contents/Resources/sdk/vexv5/libv5rt.a(v5_apiuser.c.obj)
 .ARM.attributes
                0x000000000380552c       0x35 /Applications/VEXcode V5 Text.app/Contents/Resources/sdk/vexv5/libv5rt.a(vex_device.cpp.obj)
 .ARM.attributes
                0x0000000003805561       0x2b /Applications/VEXcode V5 Text.app/Contents/Resources/sdk/vexv5/gcc/libs/libc.a(lib_a-fini.o)
 .ARM.attributes
                0x000000000380558c       0x2b /Applications/VEXcode V5 Text.app/Contents/Resources/sdk/vexv5/gcc/libs/libc.a(lib_a-impure.o)
 .ARM.attributes
                0x00000000038055b7       0x2b /Applications/VEXcode V5 Text.app/Contents/Resources/sdk/vexv5/gcc/libs/libc.a(lib_a-init.o)
                0x00000000038055e2                __ARM.attributes_end = .

.sdata          0x0000000003804f24        0x0
                0x0000000003804f24                __sdata_start = .
 *(.sdata)
 *(.sdata.*)
 *(.gnu.linkonce.s.*)
                0x0000000003804f24                __sdata_end = .

.sbss           0x0000000003804f24        0x0
                0x0000000003804f24                __sbss_start = .
 *(.sbss)
 *(.sbss.*)
 *(.gnu.linkonce.sb.*)
                0x0000000003804f24                __sbss_end = .

.tdata          0x0000000003804f24        0x0
                0x0000000003804f24                __tdata_start = .
 *(.tdata)
 *(.tdata.*)
 *(.gnu.linkonce.td.*)
                0x0000000003804f24                __tdata_end = .

.tbss           0x0000000003804f24        0x0
                0x0000000003804f24                __tbss_start = .
 *(.tbss)
 *(.tbss.*)
 *(.gnu.linkonce.tb.*)
                0x0000000003804f24                __tbss_end = .

.bss            0x0000000003804f28      0x995
                0x0000000003804f28                __bss_start = .
 *(.bss)
 *(.bss.*)
 .bss._ZStL8__ioinit
                0x0000000003804f28        0x1 build/src/controller.o
 *fill*         0x0000000003804f29        0x3 
 .bss.ctlr_axis1
                0x0000000003804f2c        0x4 build/src/controller.o
                0x0000000003804f2c                ctlr_axis1
 .bss.ctlr_axis2
                0x0000000003804f30        0x4 build/src/controller.o
                0x0000000003804f30                ctlr_axis2
 .bss.ctlr_axis3
                0x0000000003804f34        0x4 build/src/controller.o
                0x0000000003804f34                ctlr_axis3
 .bss.ctlr_axis4
                0x0000000003804f38        0x4 build/src/controller.o
                0x0000000003804f38                ctlr_axis4
 .bss.ctlr_buttonR1
                0x0000000003804f3c        0x4 build/src/controller.o
                0x0000000003804f3c                ctlr_buttonR1
 .bss.ctlr_buttonR2
                0x0000000003804f40        0x4 build/src/controller.o
                0x0000000003804f40                ctlr_buttonR2
 .bss.ctlr_buttonL1
                0x0000000003804f44        0x4 build/src/controller.o
                0x0000000003804f44                ctlr_buttonL1
 .bss.ctlr_buttonL2
                0x0000000003804f48        0x4 build/src/controller.o
                0x0000000003804f48                ctlr_buttonL2
 .bss.ctlr_buttonA
                0x0000000003804f4c        0x4 build/src/controller.o
                0x0000000003804f4c                ctlr_buttonA
 .bss.ctlr_buttonB
                0x0000000003804f50        0x4 build/src/controller.o
                0x0000000003804f50                ctlr_buttonB
 .bss.ctlr_buttonX
                0x0000000003804f54        0x4 build/src/controller.o
                0x0000000003804f54                ctlr_buttonX
 .bss.ctlr_buttonY
                0x0000000003804f58        0x4 build/src/controller.o
                0x0000000003804f58                ctlr_buttonY
 .bss.ctlr_buttonUP
                0x0000000003804f5c        0x4 build/src/controller.o
                0x0000000003804f5c                ctlr_buttonUP
 .bss.ctlr_buttonDOWN
                0x0000000003804f60        0x4 build/src/controller.o
                0x0000000003804f60                ctlr_buttonDOWN
 .bss.ctlr_buttonLEFT
                0x0000000003804f64        0x4 build/src/controller.o
                0x0000000003804f64                ctlr_buttonLEFT
 .bss.ctlr_buttonRIGHT
                0x0000000003804f68        0x4 build/src/controller.o
                0x0000000003804f68                ctlr_buttonRIGHT
 .bss.ctlr_axis1_prev
                0x0000000003804f6c        0x4 build/src/controller.o
                0x0000000003804f6c                ctlr_axis1_prev
 .bss.ctlr_axis2_prev
                0x0000000003804f70        0x4 build/src/controller.o
                0x0000000003804f70                ctlr_axis2_prev
 .bss.ctlr_axis3_prev
                0x0000000003804f74        0x4 build/src/controller.o
                0x0000000003804f74                ctlr_axis3_prev
 .bss.ctlr_axis4_prev
                0x0000000003804f78        0x4 build/src/controller.o
                0x0000000003804f78                ctlr_axis4_prev
 .bss.ctlr_buttonR1_prev
                0x0000000003804f7c        0x4 build/src/controller.o
                0x0000000003804f7c                ctlr_buttonR1_prev
 .bss.ctlr_buttonR2_prev
                0x0000000003804f80        0x4 build/src/controller.o
                0x0000000003804f80                ctlr_buttonR2_prev
 .bss.ctlr_buttonL1_prev
                0x0000000003804f84        0x4 build/src/controller.o
                0x0000000003804f84                ctlr_buttonL1_prev
 .bss.ctlr_buttonL2_prev
                0x0000000003804f88        0x4 build/src/controller.o
                0x0000000003804f88                ctlr_buttonL2_prev
 .bss.ctlr_buttonA_prev
                0x0000000003804f8c        0x4 build/src/controller.o
                0x0000000003804f8c                ctlr_buttonA_prev
 .bss.ctlr_buttonB_prev
                0x0000000003804f90        0x4 build/src/controller.o
                0x0000000003804f90                ctlr_buttonB_prev
 .bss.ctlr_buttonX_prev
                0x0000000003804f94        0x4 build/src/controller.o
                0x0000000003804f94                ctlr_buttonX_prev
 .bss.ctlr_buttonY_prev
                0x0000000003804f98        0x4 build/src/controller.o
                0x0000000003804f98                ctlr_buttonY_prev
 .bss.ctlr_buttonUP_prev
                0x0000000003804f9c        0x4 build/src/controller.o
                0x0000000003804f9c                ctlr_buttonUP_prev
 .bss.ctlr_buttonDOWN_prev
                0x0000000003804fa0        0x4 build/src/controller.o
                0x0000000003804fa0                ctlr_buttonDOWN_prev
 .bss.ctlr_buttonLEFT_prev
                0x0000000003804fa4        0x4 build/src/controller.o
                0x0000000003804fa4                ctlr_buttonLEFT_prev
 .bss.ctlr_buttonRIGHT_prev
                0x0000000003804fa8        0x4 build/src/controller.o
                0x0000000003804fa8                ctlr_buttonRIGHT_prev
 .bss.ctlr_buttonR1_pressed
                0x0000000003804fac        0x4 build/src/controller.o
                0x0000000003804fac                ctlr_buttonR1_pressed
 .bss.ctlr_buttonR2_pressed
                0x0000000003804fb0        0x4 build/src/controller.o
                0x0000000003804fb0                ctlr_buttonR2_pressed
 .bss.ctlr_buttonL1_pressed
                0x0000000003804fb4        0x4 build/src/controller.o
                0x0000000003804fb4                ctlr_buttonL1_pressed
 .bss.ctlr_buttonL2_pressed
                0x0000000003804fb8        0x4 build/src/controller.o
                0x0000000003804fb8                ctlr_buttonL2_pressed
 .bss.ctlr_buttonA_pressed
                0x0000000003804fbc        0x4 build/src/controller.o
                0x0000000003804fbc                ctlr_buttonA_pressed
 .bss.ctlr_buttonB_pressed
                0x0000000003804fc0        0x4 build/src/controller.o
                0x0000000003804fc0                ctlr_buttonB_pressed
 .bss.ctlr_buttonX_pressed
                0x0000000003804fc4        0x4 build/src/controller.o
                0x0000000003804fc4                ctlr_buttonX_pressed
 .bss.ctlr_buttonY_pressed
                0x0000000003804fc8        0x4 build/src/controller.o
                0x0000000003804fc8                ctlr_buttonY_pressed
 .bss.ctlr_buttonUP_pressed
                0x0000000003804fcc        0x4 build/src/controller.o
                0x0000000003804fcc                ctlr_buttonUP_pressed
 .bss.ctlr_buttonDOWN_pressed
                0x0000000003804fd0        0x4 build/src/controller.o
                0x0000000003804fd0                ctlr_buttonDOWN_pressed
 .bss.ctlr_buttonLEFT_pressed
                0x0000000003804fd4        0x4 build/src/controller.o
                0x0000000003804fd4                ctlr_buttonLEFT_pressed
 .bss.ctlr_buttonRIGHT_pressed
                0x0000000003804fd8        0x4 build/src/controller.o
                0x0000000003804fd8                ctlr_buttonRIGHT_pressed
 .bss.ctlr_buttonR1_released
                0x0000000003804fdc        0x4 build/src/controller.o
                0x0000000003804fdc                ctlr_buttonR1_released
 .bss.ctlr_buttonR2_released
                0x0000000003804fe0        0x4 build/src/controller.o
                0x0000000003804fe0                ctlr_buttonR2_released
 .bss.ctlr_buttonL1_released
                0x0000000003804fe4        0x4 build/src/controller.o
                0x0000000003804fe4                ctlr_buttonL1_released
 .bss.ctlr_buttonL2_released
                0x0000000003804fe8        0x4 build/src/controller.o
                0x0000000003804fe8                ctlr_buttonL2_released
 .bss.ctlr_buttonA_released
                0x0000000003804fec        0x4 build/src/controller.o
                0x0000000003804fec                ctlr_buttonA_released
 .bss.ctlr_buttonB_released
                0x0000000003804ff0        0x4 build/src/controller.o
                0x0000000003804ff0                ctlr_buttonB_released
 .bss.ctlr_buttonX_released
                0x0000000003804ff4        0x4 build/src/controller.o
                0x0000000003804ff4                ctlr_buttonX_released
 .bss.ctlr_buttonY_released
                0x0000000003804ff8        0x4 build/src/controller.o
                0x0000000003804ff8                ctlr_buttonY_released
 .bss.ctlr_buttonUP_released
                0x0000000003804ffc        0x4 build/src/controller.o
                0x0000000003804ffc                ctlr_buttonUP_released
 .bss.ctlr_buttonDOWN_released
                0x0000000003805000        0x4 build/src/controller.o
                0x0000000003805000                ctlr_buttonDOWN_released
 .bss.ctlr_buttonLEFT_released
                0x0000000003805004        0x4 build/src/controller.o
                0x0000000003805004                ctlr_buttonLEFT_released
 .bss.ctlr_buttonRIGHT_released
                0x0000000003805008        0x4 build/src/controller.o
                0x0000000003805008                ctlr_buttonRIGHT_released
 .bss._ZStL8__ioinit
                0x000000000380500c        0x1 build/src/custom_math.o
 .bss._ZStL8__ioinit
                0x000000000380500d        0x1 build/src/debug.o
 *fill*         0x000000000380500e        0x2 
 .bss.debug_i   0x0000000003805010        0x4 build/src/debug.o
                0x0000000003805010                debug_i
 .bss.debug_count
                0x0000000003805014        0x4 build/src/debug.o
                0x0000000003805014                debug_count
 .bss._ZStL8__ioinit
                0x0000000003805018        0x1 build/src/main.o
 .bss._ZStL8__ioinit
                0x0000000003805019        0x1 build/src/pragma.o
 *fill*         0x000000000380501a        0x2 
 .bss.Brain     0x000000000380501c      0x2bc build/src/pragma.o
                0x000000000380501c                Brain
 .bss.Competition
                0x00000000038052d8       0x28 build/src/pragma.o
                0x00000000038052d8                Competition
 .bss.Controller_1
                0x0000000003805300      0x1e0 build/src/pragma.o
                0x0000000003805300                Controller_1
 .bss.left_front
                0x00000000038054e0       0x68 build/src/pragma.o
                0x00000000038054e0                left_front
 .bss.left_back
                0x0000000003805548       0x68 build/src/pragma.o
                0x0000000003805548                left_back
 .bss.right_front
                0x00000000038055b0       0x68 build/src/pragma.o
                0x00000000038055b0                right_front
 .bss.right_back
                0x0000000003805618       0x68 build/src/pragma.o
                0x0000000003805618                right_back
 .bss.intake_l  0x0000000003805680       0x68 build/src/pragma.o
                0x0000000003805680                intake_l
 .bss.intake_r  0x00000000038056e8       0x68 build/src/pragma.o
                0x00000000038056e8                intake_r
 .bss.tray      0x0000000003805750       0x68 build/src/pragma.o
                0x0000000003805750                tray
 .bss.arm       0x00000000038057b8       0x68 build/src/pragma.o
                0x00000000038057b8                arm
 .bss.Motors    0x0000000003805820        0x8 build/src/pragma.o
                0x0000000003805820                Motors
 .bss._ZStL8__ioinit
                0x0000000003805828        0x1 build/src/robot-config.o
 .bss._ZStL8__ioinit
                0x0000000003805829        0x1 build/src/sejun_code.o
 .bss._ZStL8__ioinit
                0x000000000380582a        0x1 build/src/usercontrol.o
 *fill*         0x000000000380582b        0x5 
 .bss.user_tank_2_speed_multiplier
                0x0000000003805830        0x8 build/src/usercontrol.o
                0x0000000003805830                user_tank_2_speed_multiplier
 .bss.user_arm_tray_1_tray_automatic
                0x0000000003805838        0x4 build/src/usercontrol.o
                0x0000000003805838                user_arm_tray_1_tray_automatic
 .bss.user_arm_tray_1_arm_automatic
                0x000000000380583c        0x4 build/src/usercontrol.o
                0x000000000380583c                user_arm_tray_1_arm_automatic
 .bss.user_arm_tray_1_arm_down_button_duration
                0x0000000003805840        0x4 build/src/usercontrol.o
                0x0000000003805840                user_arm_tray_1_arm_down_button_duration
 .bss._ZStL8__ioinit
                0x0000000003805844        0x1 build/src/autonomous/functions.o
 *fill*         0x0000000003805845        0x3 
 .bss.auton_wait_target
                0x0000000003805848        0x4 build/src/autonomous/functions.o
                0x0000000003805848                auton_wait_target
 .bss.auton_wait_current
                0x000000000380584c        0x4 build/src/autonomous/functions.o
                0x000000000380584c                auton_wait_current
 .bss._ZStL8__ioinit
                0x0000000003805850        0x1 build/src/autonomous/routes.o
 .bss._ZStL8__ioinit
                0x0000000003805851        0x1 build/src/motor/class.o
 .bss._ZStL8__ioinit
                0x0000000003805852        0x1 build/src/motor/functions.o
 *fill*         0x0000000003805853        0x1 
 .bss.__dso_handle
                0x0000000003805854        0x4 /Applications/VEXcode V5 Text.app/Contents/Resources/sdk/vexv5/libv5rt.a(v5_startup.c.obj)
                0x0000000003805854                __dso_handle
 .bss._ZN3vex4task8_labelIdE
                0x0000000003805858        0x4 /Applications/VEXcode V5 Text.app/Contents/Resources/sdk/vexv5/libv5rt.a(vex_task.cpp.obj)
                0x0000000003805858                vex::task::_labelId
 .bss._ZN3vex11competition22bStopTasksBetweenModesE
                0x000000000380585c        0x1 /Applications/VEXcode V5 Text.app/Contents/Resources/sdk/vexv5/libv5rt.a(vex_competition.cpp.obj)
                0x000000000380585c                vex::competition::bStopTasksBetweenModes
 .bss._ZN3vex11competition15_driver_pendingE
                0x000000000380585d        0x1 /Applications/VEXcode V5 Text.app/Contents/Resources/sdk/vexv5/libv5rt.a(vex_competition.cpp.obj)
                0x000000000380585d                vex::competition::_driver_pending
 .bss._ZN3vex11competition14_auton_pendingE
                0x000000000380585e        0x1 /Applications/VEXcode V5 Text.app/Contents/Resources/sdk/vexv5/libv5rt.a(vex_competition.cpp.obj)
                0x000000000380585e                vex::competition::_auton_pending
 *fill*         0x000000000380585f        0x1 
 .bss._ZN3vex11competition23_drivercontrol_callbackE
                0x0000000003805860        0x4 /Applications/VEXcode V5 Text.app/Contents/Resources/sdk/vexv5/libv5rt.a(vex_competition.cpp.obj)
                0x0000000003805860                vex::competition::_drivercontrol_callback
 .bss._ZN3vex11competition20_autonomous_callbackE
                0x0000000003805864        0x4 /Applications/VEXcode V5 Text.app/Contents/Resources/sdk/vexv5/libv5rt.a(vex_competition.cpp.obj)
                0x0000000003805864                vex::competition::_autonomous_callback
 .bss._ZN3vex11competition25bStopAllTasksBetweenModesE
                0x0000000003805868        0x1 /Applications/VEXcode V5 Text.app/Contents/Resources/sdk/vexv5/libv5rt.a(vex_competition.cpp.obj)
                0x0000000003805868                vex::competition::bStopAllTasksBetweenModes
 .bss._ZStL8__ioinit
                0x0000000003805869        0x1 /Applications/VEXcode V5 Text.app/Contents/Resources/sdk/vexv5/libv5rt.a(vex_triport.cpp.obj)
 *fill*         0x000000000380586a        0x2 
 .bss._ZN3vex5color6orangeE
                0x000000000380586c        0x8 /Applications/VEXcode V5 Text.app/Contents/Resources/sdk/vexv5/libv5rt.a(vex_color.cpp.obj)
                0x000000000380586c                vex::color::orange
 .bss._ZN3vex5color5blackE
                0x0000000003805874        0x8 /Applications/VEXcode V5 Text.app/Contents/Resources/sdk/vexv5/libv5rt.a(vex_color.cpp.obj)
                0x0000000003805874                vex::color::black