Archive member included to satisfy reference by file (symbol)

/Applications/VEXcode V5 Text.app/Contents/Resources/sdk/vexv5/libv5rt.a(v5_startup.c.obj)
                              (vexStartup)
/Applications/VEXcode V5 Text.app/Contents/Resources/sdk/vexv5/libv5rt.a(v5_util.c.obj)
                              /Applications/VEXcode V5 Text.app/Contents/Resources/sdk/vexv5/libv5rt.a(v5_startup.c.obj) (vexStdlibVersionLinked)
/Applications/VEXcode V5 Text.app/Contents/Resources/sdk/vexv5/libv5rt.a(v5_apijump.c.obj)
                              /Applications/VEXcode V5 Text.app/Contents/Resources/sdk/vexv5/libv5rt.a(v5_startup.c.obj) (vexPrivateApiEnable)
/Applications/VEXcode V5 Text.app/Contents/Resources/sdk/vexv5/libv5rt.a(v5_apiversions.c.obj)
                              /Applications/VEXcode V5 Text.app/Contents/Resources/sdk/vexv5/libv5rt.a(v5_apijump.c.obj) (vexSystemVersion)
/Applications/VEXcode V5 Text.app/Contents/Resources/sdk/vexv5/libv5rt.a(vex_global.cpp.obj)
                              build/src/pragma.o (vex::PORT20)
/Applications/VEXcode V5 Text.app/Contents/Resources/sdk/vexv5/libv5rt.a(vex_motor.cpp.obj)
                              build/src/pragma.o (vex::motor::installed())
/Applications/VEXcode V5 Text.app/Contents/Resources/sdk/vexv5/libv5rt.a(vex_controller.cpp.obj)
                              build/src/pragma.o (vex::controller::~controller())
/Applications/VEXcode V5 Text.app/Contents/Resources/sdk/vexv5/libv5rt.a(vex_task.cpp.obj)
                              build/src/main.o (vex::task::sleep(unsigned long))
/Applications/VEXcode V5 Text.app/Contents/Resources/sdk/vexv5/libv5rt.a(vex_thread.cpp.obj)
                              /Applications/VEXcode V5 Text.app/Contents/Resources/sdk/vexv5/libv5rt.a(vex_global.cpp.obj) (vex::this_thread::sleep_for(unsigned long))
/Applications/VEXcode V5 Text.app/Contents/Resources/sdk/vexv5/libv5rt.a(vex_event.cpp.obj)
                              /Applications/VEXcode V5 Text.app/Contents/Resources/sdk/vexv5/libv5rt.a(vex_controller.cpp.obj) (vex::event::init(unsigned long, unsigned long, void (*)()))
/Applications/VEXcode V5 Text.app/Contents/Resources/sdk/vexv5/libv5rt.a(vex_mevent.cpp.obj)
                              /Applications/VEXcode V5 Text.app/Contents/Resources/sdk/vexv5/libv5rt.a(vex_controller.cpp.obj) (vex::mevent::mevent(unsigned long, unsigned long))
/Applications/VEXcode V5 Text.app/Contents/Resources/sdk/vexv5/libv5rt.a(vex_brain.cpp.obj)
                              build/src/pragma.o (vex::brain::~brain())
/Applications/VEXcode V5 Text.app/Contents/Resources/sdk/vexv5/libv5rt.a(vex_competition.cpp.obj)
                              build/src/pragma.o (vex::competition::competition())
/Applications/VEXcode V5 Text.app/Contents/Resources/sdk/vexv5/libv5rt.a(vex_triport.cpp.obj)
                              /Applications/VEXcode V5 Text.app/Contents/Resources/sdk/vexv5/libv5rt.a(vex_brain.cpp.obj) (vex::triport::~triport())
/Applications/VEXcode V5 Text.app/Contents/Resources/sdk/vexv5/libv5rt.a(vex_color.cpp.obj)
                              /Applications/VEXcode V5 Text.app/Contents/Resources/sdk/vexv5/libv5rt.a(vex_brain.cpp.obj) (vex::color::operator unsigned long() const)
/Applications/VEXcode V5 Text.app/Contents/Resources/sdk/vexv5/libv5rt.a(vex_timer.cpp.obj)
                              /Applications/VEXcode V5 Text.app/Contents/Resources/sdk/vexv5/libv5rt.a(vex_brain.cpp.obj) (vex::timer::~timer())
/Applications/VEXcode V5 Text.app/Contents/Resources/sdk/vexv5/libv5rt.a(v5_apiuser.c.obj)
                              /Applications/VEXcode V5 Text.app/Contents/Resources/sdk/vexv5/libv5rt.a(vex_triport.cpp.obj) (vexAdiPortConfigSet)
/Applications/VEXcode V5 Text.app/Contents/Resources/sdk/vexv5/libv5rt.a(vex_device.cpp.obj)
                              /Applications/VEXcode V5 Text.app/Contents/Resources/sdk/vexv5/libv5rt.a(vex_triport.cpp.obj) (vex::device::value())
/Applications/VEXcode V5 Text.app/Contents/Resources/sdk/vexv5/gcc/libs/libc.a(lib_a-fini.o)
                              /Applications/VEXcode V5 Text.app/Contents/Resources/sdk/vexv5/libv5rt.a(v5_startup.c.obj) (__libc_fini_array)
/Applications/VEXcode V5 Text.app/Contents/Resources/sdk/vexv5/gcc/libs/libc.a(lib_a-impure.o)
                              /Applications/VEXcode V5 Text.app/Contents/Resources/sdk/vexv5/libv5rt.a(v5_startup.c.obj) (_impure_ptr)
/Applications/VEXcode V5 Text.app/Contents/Resources/sdk/vexv5/gcc/libs/libc.a(lib_a-init.o)
                              /Applications/VEXcode V5 Text.app/Contents/Resources/sdk/vexv5/libv5rt.a(v5_startup.c.obj) (__libc_init_array)
/Applications/VEXcode V5 Text.app/Contents/Resources/sdk/vexv5/gcc/libs/libc.a(lib_a-tolower.o)
                              /Applications/VEXcode V5 Text.app/Contents/Resources/sdk/vexv5/libv5rt.a(vex_brain.cpp.obj) (tolower)
/Applications/VEXcode V5 Text.app/Contents/Resources/sdk/vexv5/gcc/libs/libc.a(lib_a-ctype_.o)
[...]
Memory Configuration

Name             Origin             Length             Attributes
ps7_ddr_0_S_AXI_BASEADDR 0x0000000003800000 0x0000000004800000
*default*        0x0000000000000000 0xffffffffffffffff

Linker script and memory map

                0x0000000000002000                _STACK_SIZE = DEFINED (_STACK_SIZE)?_STACK_SIZE:0x2000
                0x0000000000100000                _HEAP_SIZE = DEFINED (_HEAP_SIZE)?_HEAP_SIZE:0x100000
                0x0000000000000400                _ABORT_STACK_SIZE = DEFINED (_ABORT_STACK_SIZE)?_ABORT_STACK_SIZE:0x400
                0x0000000000000800                _SUPERVISOR_STACK_SIZE = DEFINED (_SUPERVISOR_STACK_SIZE)?_SUPERVISOR_STACK_SIZE:0x800
                0x0000000000000400                _IRQ_STACK_SIZE = DEFINED (_IRQ_STACK_SIZE)?_IRQ_STACK_SIZE:0x400
                0x0000000000000400                _FIQ_STACK_SIZE = DEFINED (_FIQ_STACK_SIZE)?_FIQ_STACK_SIZE:0x400
                0x0000000000000400                _UNDEF_STACK_SIZE = DEFINED (_UNDEF_STACK_SIZE)?_UNDEF_STACK_SIZE:0x400

.text           0x0000000003800000     0x48e0
 *(.vectors)
 *(.boot_data)
 .boot_data     0x0000000003800000       0x20 /Applications/VEXcode V5 Text.app/Contents/Resources/sdk/vexv5/libv5rt.a(v5_startup.c.obj)
                0x0000000003800000                vexCodeSig
                0x0000000000000020                . = 0x20
 *(.boot)
 .boot          0x0000000003800020       0xbc /Applications/VEXcode V5 Text.app/Contents/Resources/sdk/vexv5/libv5rt.a(v5_startup.c.obj)
                0x0000000003800020                vexStartup
                0x0000000003800100                . = ALIGN (0x40)
 *fill*         0x00000000038000dc       0x24 
 *(.freertos_vectors)
 *(.text)
 *(.text.*)
 .text._Z15ctlr_updateVarsv
                0x0000000003800100      0x6c4 build/src/controller.o
                0x0000000003800100                ctlr_updateVars()
 .text._GLOBAL__sub_I_controller.cpp
                0x00000000038007c4       0x34 build/src/controller.o
 .text._Z10math_sgn_ii
                0x00000000038007f8       0x14 build/src/custom_math.o
                0x00000000038007f8                math_sgn_i(int)
 .text._Z15math_restrict_iiii
                0x000000000380080c       0x18 build/src/custom_math.o
                0x000000000380080c                math_restrict_i(int, int, int)
 .text._Z10math_map_fddddd
                0x0000000003800824       0x44 build/src/custom_math.o
                0x0000000003800824                math_map_f(double, double, double, double, double)
 .text._GLOBAL__sub_I_custom_math.cpp
                0x0000000003800868       0x34 build/src/custom_math.o
 .text._Z15debug_updateVarv
                0x000000000380089c       0x20 build/src/debug.o
                0x000000000380089c                debug_updateVar()
 .text._Z19debug_print_initialv
                0x00000000038008bc      0x128 build/src/debug.o
                0x00000000038008bc                debug_print_initial()
 .text._Z11debug_printv
                0x00000000038009e4      0x1e4 build/src/debug.o
                0x00000000038009e4                debug_print()
 .text._GLOBAL__sub_I_debug.cpp
                0x0000000003800bc8       0x34 build/src/debug.o
 .text._Z10autonomousv
                0x0000000003800bfc       0x14 build/src/main.o
                0x0000000003800bfc                autonomous()
 .text._Z11usercontrolv
                0x0000000003800c10       0x60 build/src/main.o
                0x0000000003800c10                usercontrol()
 .text.main     0x0000000003800c70       0x40 build/src/main.o
                0x0000000003800c70                main
 .text._GLOBAL__sub_I_main.cpp
                0x0000000003800cb0       0x34 build/src/main.o
 .text._ZN5MotorD2Ev
                0x0000000003800ce4       0x30 build/src/pragma.o
                0x0000000003800ce4                Motor::~Motor()
 .text._ZNSt10_List_baseI5MotorSaIS0_EED2Ev
                0x0000000003800d14       0x18 build/src/pragma.o
                0x0000000003800d14                std::_List_base<Motor, std::allocator<Motor> >::~_List_base()
 .text._ZNSt10_List_baseI5MotorSaIS0_EE8_M_clearEv
                0x0000000003800d2c       0x58 build/src/pragma.o
                0x0000000003800d2c                std::_List_base<Motor, std::allocator<Motor> >::_M_clear()
 .text._ZNSt4listI5MotorSaIS0_EE12emplace_backIJRKS0_EEEvDpOT_
                0x0000000003800d84       0x98 build/src/pragma.o
                0x0000000003800d84                void std::list<Motor, std::allocator<Motor> >::emplace_back<Motor const&>(Motor const&)
 .text._GLOBAL__sub_I_pragma.cpp
                0x0000000003800e1c      0x95c build/src/pragma.o
 .text._Z11vexcodeInitv
                0x0000000003801778        0x4 build/src/robot-config.o
                0x0000000003801778                vexcodeInit()
 .text._GLOBAL__sub_I_robot_config.cpp
                0x000000000380177c       0x34 build/src/robot-config.o
 .text._GLOBAL__sub_I_sejun_code.cpp
                0x00000000038017b0       0x34 build/src/sejun_code.o
 *fill*         0x00000000038017e4        0x4 
 .text._Z11user_tank_2v
                0x00000000038017e8      0x100 build/src/usercontrol.o
                0x00000000038017e8                user_tank_2()
 .text._Z13user_intake_2v
                0x00000000038018e8       0x54 build/src/usercontrol.o
                0x00000000038018e8                user_intake_2()
 *fill*         0x000000000380193c        0x4 
 .text._Z15user_arm_tray_1v
                0x0000000003801940      0x370 build/src/usercontrol.o
                0x0000000003801940                user_arm_tray_1()
 .text._GLOBAL__sub_I_usercontrol.cpp
                0x0000000003801cb0       0x34 build/src/usercontrol.o
 .text._Z25auton_standard_initializev
                0x0000000003801ce4       0x14 build/src/autonomous/functions.o
                0x0000000003801ce4                auton_standard_initialize()
 .text._Z25auton_standard_update_finv
                0x0000000003801cf8       0x20 build/src/autonomous/functions.o
                0x0000000003801cf8                auton_standard_update_fin()
 .text._Z6a_waiti
                0x0000000003801d18       0x58 build/src/autonomous/functions.o
                0x0000000003801d18                a_wait(int)
 .text._Z17auton_intake_1_inv
                0x0000000003801d70        0x8 build/src/autonomous/functions.o
                0x0000000003801d70                auton_intake_1_in()
 .text._Z19auton_intake_1_stopv
                0x0000000003801d78        0x8 build/src/autonomous/functions.o
                0x0000000003801d78                auton_intake_1_stop()
 .text._GLOBAL__sub_I_functions.cpp
                0x0000000003801d80       0x34 build/src/autonomous/functions.o
 .text._Z21auton_route_testing_1v
                0x0000000003801db4       0x24 build/src/autonomous/routes.o
                0x0000000003801db4                auton_route_testing_1()
 .text._GLOBAL__sub_I_routes.cpp
                0x0000000003801dd8       0x34 build/src/autonomous/routes.o
 .text._ZN5Motor10set_targetEi
                0x0000000003801e0c       0x24 build/src/motor/class.o
                0x0000000003801e0c                Motor::set_target(int)
 .text._ZN5Motor16update_vars_slewEv
                0x0000000003801e30       0x44 build/src/motor/class.o
                0x0000000003801e30                Motor::update_vars_slew()
 .text._ZN5Motor11update_varsEv
                0x0000000003801e74       0x18 build/src/motor/class.o
                0x0000000003801e74                Motor::update_vars()
 *fill*         0x0000000003801e8c        0x4 
 .text._ZN5Motor16update_power_volEv
                0x0000000003801e90       0x80 build/src/motor/class.o
                0x0000000003801e90                Motor::update_power_vol()
 .text._ZN5Motor12update_powerEv
                0x0000000003801f10       0x40 build/src/motor/class.o
                0x0000000003801f10                Motor::update_power()
 .text._ZN5Motor20update_rotation_varsEv
                0x0000000003801f50       0x3c build/src/motor/class.o
                0x0000000003801f50                Motor::update_rotation_vars()
 .text._ZN5Motor14rotation_resetEv
                0x0000000003801f8c       0x38 build/src/motor/class.o
                0x0000000003801f8c                Motor::rotation_reset()
 .text._ZN5Motor18print_actual_powerEv
                0x0000000003801fc4       0xac build/src/motor/class.o
                0x0000000003801fc4                Motor::print_actual_power()
 .text._ZN5Motor18print_target_powerEv
                0x0000000003802070       0xac build/src/motor/class.o
                0x0000000003802070                Motor::print_target_power()
 .text._ZN5Motor14print_rotationEv
                0x000000000380211c       0xc0 build/src/motor/class.o
                0x000000000380211c                Motor::print_rotation()
 .text._ZN5Motor12rotation_getEv
                0x00000000038021dc        0xc build/src/motor/class.o
                0x00000000038021dc                Motor::rotation_get()
 .text._ZN5Motor21print_rotation_changeEv
                0x00000000038021e8       0xb0 build/src/motor/class.o
                0x00000000038021e8                Motor::print_rotation_change()
 .text._ZN5Motor26print_initial_actual_powerEv
                0x0000000003802298       0x84 build/src/motor/class.o
                0x0000000003802298                Motor::print_initial_actual_power()
 .text._ZN5Motor26print_initial_target_powerEv
                0x000000000380231c       0x84 build/src/motor/class.o
                0x000000000380231c                Motor::print_initial_target_power()
 .text._ZN5Motor22print_initial_rotationEv
                0x00000000038023a0       0x84 build/src/motor/class.o
                0x00000000038023a0                Motor::print_initial_rotation()
 .text._ZN5Motor29print_initial_rotation_changeEv
                0x0000000003802424       0x7c build/src/motor/class.o
                0x0000000003802424                Motor::print_initial_rotation_change()
 .text._ZN5MotorC2ESsibibbbbbb
                0x00000000038024a0       0xd4 build/src/motor/class.o
                0x00000000038024a0                Motor::Motor(std::string, int, bool, int, bool, bool, bool, bool, bool, bool)
                0x00000000038024a0                Motor::Motor(std::string, int, bool, int, bool, bool, bool, bool, bool, bool)
 .text._GLOBAL__sub_I_class.cpp
                0x0000000003802574       0x34 build/src/motor/class.o
 .text._Z8left_seti
                0x00000000038025a8       0x30 build/src/motor/functions.o
                0x00000000038025a8                left_set(int)
 .text._Z9right_seti
                0x00000000038025d8       0x30 build/src/motor/functions.o
                0x00000000038025d8                right_set(int)
 .text._Z10intake_seti
                0x0000000003802608       0x30 build/src/motor/functions.o
                0x0000000003802608                intake_set(int)
 .text._Z18motors_update_varsv
                0x0000000003802638       0x6c build/src/motor/functions.o
                0x0000000003802638                motors_update_vars()
 .text._Z19motors_update_powerv
                0x00000000038026a4       0x6c build/src/motor/functions.o
                0x00000000038026a4                motors_update_power()
 .text._Z27motors_update_rotation_varsv
                0x0000000003802710       0x6c build/src/motor/functions.o
                0x0000000003802710                motors_update_rotation_vars()
 .text._Z22chassis_reset_rotationv
                0x000000000380277c       0x3c build/src/motor/functions.o
                0x000000000380277c                chassis_reset_rotation()
 .text._Z21motors_reset_rotationv
                0x00000000038027b8       0x40 build/src/motor/functions.o
                0x00000000038027b8                motors_reset_rotation()
 .text._GLOBAL__sub_I_functions.cpp
                0x00000000038027f8       0x34 build/src/motor/functions.o
 .text.vexMain  0x000000000380282c       0xb0 /Applications/VEXcode V5 Text.app/Contents/Resources/sdk/vexv5/libv5rt.a(v5_startup.c.obj)
                0x000000000380282c                vexMain
 .text.__vex_function_prolog
                0x00000000038028dc       0x18 /Applications/VEXcode V5 Text.app/Contents/Resources/sdk/vexv5/libv5rt.a(v5_startup.c.obj)
                0x00000000038028dc                __vex_function_prolog
 .text._init    0x00000000038028f4        0x4 /Applications/VEXcode V5 Text.app/Contents/Resources/sdk/vexv5/libv5rt.a(v5_startup.c.obj)
                0x00000000038028f4                _init
 .text._fini    0x00000000038028f8        0x4 /Applications/VEXcode V5 Text.app/Contents/Resources/sdk/vexv5/libv5rt.a(v5_startup.c.obj)
                0x00000000038028f8                _fini
 .text.vexStdlibVersionLinked
                0x00000000038028fc        0xc /Applications/VEXcode V5 Text.app/Contents/Resources/sdk/vexv5/libv5rt.a(v5_util.c.obj)
                0x00000000038028fc                vexStdlibVersionLinked
 .text.vexStdlibVersionVerify
                0x0000000003802908       0x30 /Applications/VEXcode V5 Text.app/Contents/Resources/sdk/vexv5/libv5rt.a(v5_util.c.obj)
                0x0000000003802908                vexStdlibVersionVerify
 .text.vexPrivateApiEnable
                0x0000000003802938       0x10 /Applications/VEXcode V5 Text.app/Contents/Resources/sdk/vexv5/libv5rt.a(v5_apijump.c.obj)
                0x0000000003802938                vexPrivateApiEnable
 .text.vexStdlibMismatchError
                0x0000000003802948       0x3c /Applications/VEXcode V5 Text.app/Contents/Resources/sdk/vexv5/libv5rt.a(v5_apijump.c.obj)
                0x0000000003802948                vexStdlibMismatchError
 .text.vexTaskAdd
                0x0000000003802984       0x10 /Applications/VEXcode V5 Text.app/Contents/Resources/sdk/vexv5/libv5rt.a(v5_apijump.c.obj)
                0x0000000003802984                vexTaskAdd
 .text.vexTaskStop
                0x0000000003802994       0x10 /Applications/VEXcode V5 Text.app/Contents/Resources/sdk/vexv5/libv5rt.a(v5_apijump.c.obj)
                0x0000000003802994                vexTaskStop
 .text.vexTasksRun
                0x00000000038029a4       0x10 /Applications/VEXcode V5 Text.app/Contents/Resources/sdk/vexv5/libv5rt.a(v5_apijump.c.obj)
                0x00000000038029a4                vexTasksRun
 .text.vexTaskYield
                0x00000000038029b4       0x10 /Applications/VEXcode V5 Text.app/Contents/Resources/sdk/vexv5/libv5rt.a(v5_apijump.c.obj)
                0x00000000038029b4                vexTaskYield
 .text.vexTaskCheckTimeslice
                0x00000000038029c4       0x10 /Applications/VEXcode V5 Text.app/Contents/Resources/sdk/vexv5/libv5rt.a(v5_apijump.c.obj)
                0x00000000038029c4                vexTaskCheckTimeslice
 .text.vexTaskSleep
                0x00000000038029d4       0x10 /Applications/VEXcode V5 Text.app/Contents/Resources/sdk/vexv5/libv5rt.a(v5_apijump.c.obj)
                0x00000000038029d4                vexTaskSleep
 .text.vexTasksDump
                0x00000000038029e4       0x1c /Applications/VEXcode V5 Text.app/Contents/Resources/sdk/vexv5/libv5rt.a(v5_apijump.c.obj)
                0x00000000038029e4                vexTasksDump
 .text.vexTaskGetTaskIndex
                0x0000000003802a00       0x10 /Applications/VEXcode V5 Text.app/Contents/Resources/sdk/vexv5/libv5rt.a(v5_apijump.c.obj)
                0x0000000003802a00                vexTaskGetTaskIndex
 .text.vexTaskStopAll
                0x0000000003802a10       0x10 /Applications/VEXcode V5 Text.app/Contents/Resources/sdk/vexv5/libv5rt.a(v5_apijump.c.obj)
                0x0000000003802a10                vexTaskStopAll
 .text.vexTaskRemoveAllUser
                0x0000000003802a20       0x34 /Applications/VEXcode V5 Text.app/Contents/Resources/sdk/vexv5/libv5rt.a(v5_apijump.c.obj)
                0x0000000003802a20                vexTaskRemoveAllUser
 .text.vexTaskCompletionIdSet
                0x0000000003802a54       0x10 /Applications/VEXcode V5 Text.app/Contents/Resources/sdk/vexv5/libv5rt.a(v5_apijump.c.obj)
                0x0000000003802a54                vexTaskCompletionIdSet
 .text.vexCriticalSection
                0x0000000003802a64       0x2c /Applications/VEXcode V5 Text.app/Contents/Resources/sdk/vexv5/libv5rt.a(v5_apijump.c.obj)
                0x0000000003802a64                vexCriticalSection
 .text.vexEventAdd
                0x0000000003802a90       0x34 /Applications/VEXcode V5 Text.app/Contents/Resources/sdk/vexv5/libv5rt.a(v5_apijump.c.obj)
                0x0000000003802a90                vexEventAdd
 .text.vexEventUserIndexGet
                0x0000000003802ac4       0x1c /Applications/VEXcode V5 Text.app/Contents/Resources/sdk/vexv5/libv5rt.a(v5_apijump.c.obj)
                0x0000000003802ac4                vexEventUserIndexGet
 .text.vexEventAddWithArg
                0x0000000003802ae0       0x3c /Applications/VEXcode V5 Text.app/Contents/Resources/sdk/vexv5/libv5rt.a(v5_apijump.c.obj)
                0x0000000003802ae0                vexEventAddWithArg
 .text.vexEventsCleanup
                0x0000000003802b1c       0x2c /Applications/VEXcode V5 Text.app/Contents/Resources/sdk/vexv5/libv5rt.a(v5_apijump.c.obj)
                0x0000000003802b1c                vexEventsCleanup
 .text.vexDebug
                0x0000000003802b48       0x38 /Applications/VEXcode V5 Text.app/Contents/Resources/sdk/vexv5/libv5rt.a(v5_apijump.c.obj)
                0x0000000003802b48                vexDebug
 .text.vex_sprintf
                0x0000000003802b80       0x40 /Applications/VEXcode V5 Text.app/Contents/Resources/sdk/vexv5/libv5rt.a(v5_apijump.c.obj)
                0x0000000003802b80                vex_sprintf
 .text.vex_vsnprintf
                0x0000000003802bc0       0x3c /Applications/VEXcode V5 Text.app/Contents/Resources/sdk/vexv5/libv5rt.a(v5_apijump.c.obj)
                0x0000000003802bc0                vex_vsnprintf
 .text.vexSystemTimeGet
                0x0000000003802bfc       0x1c /Applications/VEXcode V5 Text.app/Contents/Resources/sdk/vexv5/libv5rt.a(v5_apijump.c.obj)
                0x0000000003802bfc                vexSystemTimeGet
 .text.vexSystemExitRequest
                0x0000000003802c18       0x1c /Applications/VEXcode V5 Text.app/Contents/Resources/sdk/vexv5/libv5rt.a(v5_apijump.c.obj)
                0x0000000003802c18                vexSystemExitRequest
 .text.vexDeviceGetByIndex
                0x0000000003802c34       0x24 /Applications/VEXcode V5 Text.app/Contents/Resources/sdk/vexv5/libv5rt.a(v5_apijump.c.obj)
                0x0000000003802c34                vexDeviceGetByIndex
 .text.vexControllerGet
                0x0000000003802c58       0x2c /Applications/VEXcode V5 Text.app/Contents/Resources/sdk/vexv5/libv5rt.a(v5_apijump.c.obj)
                0x0000000003802c58                vexControllerGet
 .text.vexDeviceMotorVelocitySet
                0x0000000003802c84       0x2c /Applications/VEXcode V5 Text.app/Contents/Resources/sdk/vexv5/libv5rt.a(v5_apijump.c.obj)
                0x0000000003802c84                vexDeviceMotorVelocitySet
 .text.vexDeviceMotorVoltageSet
                0x0000000003802cb0       0x2c /Applications/VEXcode V5 Text.app/Contents/Resources/sdk/vexv5/libv5rt.a(v5_apijump.c.obj)
                0x0000000003802cb0                vexDeviceMotorVoltageSet
 .text.vexDeviceMotorActualVelocityGet
                0x0000000003802cdc       0x24 /Applications/VEXcode V5 Text.app/Contents/Resources/sdk/vexv5/libv5rt.a(v5_apijump.c.obj)
                0x0000000003802cdc                vexDeviceMotorActualVelocityGet
 .text.vexDeviceMotorReverseFlagSet
                0x0000000003802d00       0x2c /Applications/VEXcode V5 Text.app/Contents/Resources/sdk/vexv5/libv5rt.a(v5_apijump.c.obj)
                0x0000000003802d00                vexDeviceMotorReverseFlagSet
 .text.vexDeviceMotorEncoderUnitsSet
                0x0000000003802d2c       0x2c /Applications/VEXcode V5 Text.app/Contents/Resources/sdk/vexv5/libv5rt.a(v5_apijump.c.obj)
                0x0000000003802d2c                vexDeviceMotorEncoderUnitsSet
 .text.vexDeviceMotorBrakeModeSet
                0x0000000003802d58       0x2c /Applications/VEXcode V5 Text.app/Contents/Resources/sdk/vexv5/libv5rt.a(v5_apijump.c.obj)
                0x0000000003802d58                vexDeviceMotorBrakeModeSet
 .text.vexDeviceMotorPositionSet
                0x0000000003802d84       0x34 /Applications/VEXcode V5 Text.app/Contents/Resources/sdk/vexv5/libv5rt.a(v5_apijump.c.obj)
                0x0000000003802d84                vexDeviceMotorPositionSet
 .text.vexDeviceMotorPositionGet
                0x0000000003802db8       0x24 /Applications/VEXcode V5 Text.app/Contents/Resources/sdk/vexv5/libv5rt.a(v5_apijump.c.obj)
                0x0000000003802db8                vexDeviceMotorPositionGet
 .text.vexDeviceMotorGearingGet
                0x0000000003802ddc       0x24 /Applications/VEXcode V5 Text.app/Contents/Resources/sdk/vexv5/libv5rt.a(v5_apijump.c.obj)
                0x0000000003802ddc                vexDeviceMotorGearingGet
 .text.vexDisplayForegroundColor
                0x0000000003802e00       0x24 /Applications/VEXcode V5 Text.app/Contents/Resources/sdk/vexv5/libv5rt.a(v5_apijump.c.obj)
                0x0000000003802e00                vexDisplayForegroundColor
 .text.vexDisplayBackgroundColor
                0x0000000003802e24       0x24 /Applications/VEXcode V5 Text.app/Contents/Resources/sdk/vexv5/libv5rt.a(v5_apijump.c.obj)
                0x0000000003802e24                vexDisplayBackgroundColor
 .text.vexDisplayBackgroundColorGet
                0x0000000003802e48       0x1c /Applications/VEXcode V5 Text.app/Contents/Resources/sdk/vexv5/libv5rt.a(v5_apijump.c.obj)
                0x0000000003802e48                vexDisplayBackgroundColorGet
 .text.vexDisplayRectClear
                0x0000000003802e64       0x4c /Applications/VEXcode V5 Text.app/Contents/Resources/sdk/vexv5/libv5rt.a(v5_apijump.c.obj)
                0x0000000003802e64                vexDisplayRectClear
 .text.vexDisplayPrintf
                0x0000000003802eb0       0x68 /Applications/VEXcode V5 Text.app/Contents/Resources/sdk/vexv5/libv5rt.a(v5_apijump.c.obj)
                0x0000000003802eb0                vexDisplayPrintf
 .text.vexDisplayTextReference
                0x0000000003802f18       0x24 /Applications/VEXcode V5 Text.app/Contents/Resources/sdk/vexv5/libv5rt.a(v5_apijump.c.obj)
                0x0000000003802f18                vexDisplayTextReference
 .text.vexDisplayTextSize
                0x0000000003802f3c       0x2c /Applications/VEXcode V5 Text.app/Contents/Resources/sdk/vexv5/libv5rt.a(v5_apijump.c.obj)
                0x0000000003802f3c                vexDisplayTextSize
 .text.vexDisplayFontNamedSet
                0x0000000003802f68       0x24 /Applications/VEXcode V5 Text.app/Contents/Resources/sdk/vexv5/libv5rt.a(v5_apijump.c.obj)
                0x0000000003802f68                vexDisplayFontNamedSet
 .text.vexDisplayStringWidthGet
                0x0000000003802f8c       0x24 /Applications/VEXcode V5 Text.app/Contents/Resources/sdk/vexv5/libv5rt.a(v5_apijump.c.obj)
                0x0000000003802f8c                vexDisplayStringWidthGet
 .text.vexSystemStdlibImpureDataAddr
                0x0000000003802fb0       0x28 /Applications/VEXcode V5 Text.app/Contents/Resources/sdk/vexv5/libv5rt.a(v5_apijump.c.obj)
                0x0000000003802fb0                vexSystemStdlibImpureDataAddr
 .text.vexSystemStdlibImpureDataSize
                0x0000000003802fd8       0x28 /Applications/VEXcode V5 Text.app/Contents/Resources/sdk/vexv5/libv5rt.a(v5_apijump.c.obj)
                0x0000000003802fd8                vexSystemStdlibImpureDataSize
 .text.vexSystemSaveUserData
                0x0000000003803000       0x3c /Applications/VEXcode V5 Text.app/Contents/Resources/sdk/vexv5/libv5rt.a(v5_apijump.c.obj)
                0x0000000003803000                vexSystemSaveUserData
 .text.vexDisplayThemeIdGet
                0x000000000380303c       0x38 /Applications/VEXcode V5 Text.app/Contents/Resources/sdk/vexv5/libv5rt.a(v5_apijump.c.obj)
                0x000000000380303c                vexDisplayThemeIdGet
 .text.vexDeviceEventMaskSet
                0x0000000003803074       0x48 /Applications/VEXcode V5 Text.app/Contents/Resources/sdk/vexv5/libv5rt.a(v5_apijump.c.obj)
                0x0000000003803074                vexDeviceEventMaskSet
 .text.vexDeviceEventMaskGet
                0x00000000038030bc       0x3c /Applications/VEXcode V5 Text.app/Contents/Resources/sdk/vexv5/libv5rt.a(v5_apijump.c.obj)
                0x00000000038030bc                vexDeviceEventMaskGet
 .text.vexSystemVersion
                0x00000000038030f8       0x10 /Applications/VEXcode V5 Text.app/Contents/Resources/sdk/vexv5/libv5rt.a(v5_apiversions.c.obj)
                0x00000000038030f8                vexSystemVersion
 .text.vexStdlibVersion
                0x0000000003803108       0x10 /Applications/VEXcode V5 Text.app/Contents/Resources/sdk/vexv5/libv5rt.a(v5_apiversions.c.obj)
                0x0000000003803108                vexStdlibVersion
 .text._ZN3vex5motor9installedEv
                0x0000000003803118       0x18 /Applications/VEXcode V5 Text.app/Contents/Resources/sdk/vexv5/libv5rt.a(vex_motor.cpp.obj)
                0x0000000003803118                vex::motor::installed()
 .text._ZN3vex5motorD2Ev
                0x0000000003803130       0x20 /Applications/VEXcode V5 Text.app/Contents/Resources/sdk/vexv5/libv5rt.a(vex_motor.cpp.obj)
                0x0000000003803130                vex::motor::~motor()
                0x0000000003803130                vex::motor::~motor()
 .text._ZN3vex5motor15defaultStoppingENS_9brakeTypeE
                0x0000000003803150       0x30 /Applications/VEXcode V5 Text.app/Contents/Resources/sdk/vexv5/libv5rt.a(vex_motor.cpp.obj)
                0x0000000003803150                vex::motor::defaultStopping(vex::brakeType)
 .text._ZN3vex5motor8setBrakeENS_9brakeTypeE
                0x0000000003803180        0x4 /Applications/VEXcode V5 Text.app/Contents/Resources/sdk/vexv5/libv5rt.a(vex_motor.cpp.obj)
                0x0000000003803180                vex::motor::setBrake(vex::brakeType)
 .text._ZN3vex5motorC2El
                0x0000000003803184       0x78 /Applications/VEXcode V5 Text.app/Contents/Resources/sdk/vexv5/libv5rt.a(vex_motor.cpp.obj)
                0x0000000003803184                vex::motor::motor(long)
                0x0000000003803184                vex::motor::motor(long)
 .text._ZN3vex5motorC2Elb
                0x00000000038031fc       0x24 /Applications/VEXcode V5 Text.app/Contents/Resources/sdk/vexv5/libv5rt.a(vex_motor.cpp.obj)
                0x00000000038031fc                vex::motor::motor(long, bool)
                0x00000000038031fc                vex::motor::motor(long, bool)
 .text._ZN3vex5motor4spinENS_13directionTypeEdNS_12voltageUnitsE
                0x0000000003803220       0x50 /Applications/VEXcode V5 Text.app/Contents/Resources/sdk/vexv5/libv5rt.a(vex_motor.cpp.obj)
                0x0000000003803220                vex::motor::spin(vex::directionType, double, vex::voltageUnits)
 .text._ZN3vex5motor16velocityToScaledEdNS_13velocityUnitsE
                0x0000000003803270       0x5c /Applications/VEXcode V5 Text.app/Contents/Resources/sdk/vexv5/libv5rt.a(vex_motor.cpp.obj)
                0x0000000003803270                vex::motor::velocityToScaled(double, vex::velocityUnits)
 .text._ZN3vex5motor8velocityENS_13velocityUnitsE
                0x00000000038032cc       0x30 /Applications/VEXcode V5 Text.app/Contents/Resources/sdk/vexv5/libv5rt.a(vex_motor.cpp.obj)
                0x00000000038032cc                vex::motor::velocity(vex::velocityUnits)
 .text._ZN3vex5motor5valueEv
                0x00000000038032fc       0x1c /Applications/VEXcode V5 Text.app/Contents/Resources/sdk/vexv5/libv5rt.a(vex_motor.cpp.obj)
                0x00000000038032fc                vex::motor::value()
 .text._ZN3vex5motor16scaledToVelocityEdNS_13velocityUnitsE
                0x0000000003803318       0xa4 /Applications/VEXcode V5 Text.app/Contents/Resources/sdk/vexv5/libv5rt.a(vex_motor.cpp.obj)
                0x0000000003803318                vex::motor::scaledToVelocity(double, vex::velocityUnits)
 .text._ZN3vex5motor4spinENS_13directionTypeEdNS_13velocityUnitsE
                0x00000000038033bc       0x5c /Applications/VEXcode V5 Text.app/Contents/Resources/sdk/vexv5/libv5rt.a(vex_motor.cpp.obj)
                0x00000000038033bc                vex::motor::spin(vex::directionType, double, vex::velocityUnits)
 .text._ZN3vex5motor16setRotationUnitsENS_13rotationUnitsE
                0x0000000003803418       0x1c /Applications/VEXcode V5 Text.app/Contents/Resources/sdk/vexv5/libv5rt.a(vex_motor.cpp.obj)
                0x0000000003803418                vex::motor::setRotationUnits(vex::rotationUnits)
 .text._ZN3vex5motor8rotationENS_13rotationUnitsE
                0x0000000003803434       0x44 /Applications/VEXcode V5 Text.app/Contents/Resources/sdk/vexv5/libv5rt.a(vex_motor.cpp.obj)
                0x0000000003803434                vex::motor::rotation(vex::rotationUnits)
 .text._ZN3vex10controllerD2Ev
                0x0000000003803478        0x4 /Applications/VEXcode V5 Text.app/Contents/Resources/sdk/vexv5/libv5rt.a(vex_controller.cpp.obj)
                0x0000000003803478                vex::controller::~controller()
                0x0000000003803478                vex::controller::~controller()
 .text._ZN3vex10controller5valueE19_V5_ControllerIndex
                0x000000000380347c        0x8 /Applications/VEXcode V5 Text.app/Contents/Resources/sdk/vexv5/libv5rt.a(vex_controller.cpp.obj)
                0x000000000380347c                vex::controller::value(_V5_ControllerIndex)
 .text._ZN3vex10controller6button8pressingEv
                0x0000000003803484       0xc8 /Applications/VEXcode V5 Text.app/Contents/Resources/sdk/vexv5/libv5rt.a(vex_controller.cpp.obj)
                0x0000000003803484                vex::controller::button::pressing()
 .text._ZN3vex10controller6button21_buttonToPressedEventEv
                0x000000000380354c       0x20 /Applications/VEXcode V5 Text.app/Contents/Resources/sdk/vexv5/libv5rt.a(vex_controller.cpp.obj)
                0x000000000380354c                vex::controller::button::_buttonToPressedEvent()
 .text._ZN3vex10controller6button22_buttonToReleasedEventEv
                0x000000000380356c       0x20 /Applications/VEXcode V5 Text.app/Contents/Resources/sdk/vexv5/libv5rt.a(vex_controller.cpp.obj)
                0x000000000380356c                vex::controller::button::_buttonToReleasedEvent()
 .text._ZN3vex10controller6buttonC2ENS0_11tButtonTypeEPS0_
                0x000000000380358c       0x48 /Applications/VEXcode V5 Text.app/Contents/Resources/sdk/vexv5/libv5rt.a(vex_controller.cpp.obj)
                0x000000000380358c                vex::controller::button::button(vex::controller::tButtonType, vex::controller*)
                0x000000000380358c                vex::controller::button::button(vex::controller::tButtonType, vex::controller*)
 .text._ZN3vex10controller4axis5valueEv
                0x00000000038035d4       0x58 /Applications/VEXcode V5 Text.app/Contents/Resources/sdk/vexv5/libv5rt.a(vex_controller.cpp.obj)
                0x00000000038035d4                vex::controller::axis::value()
 .text._ZN3vex10controller4axis23_joystickToChangedEventEv
                0x000000000380362c       0x20 /Applications/VEXcode V5 Text.app/Contents/Resources/sdk/vexv5/libv5rt.a(vex_controller.cpp.obj)
                0x000000000380362c                vex::controller::axis::_joystickToChangedEvent()
 .text._ZN3vex10controller4axisC2ENS0_9tAxisTypeEPS0_
                0x000000000380364c       0x2c /Applications/VEXcode V5 Text.app/Contents/Resources/sdk/vexv5/libv5rt.a(vex_controller.cpp.obj)
                0x000000000380364c                vex::controller::axis::axis(vex::controller::tAxisType, vex::controller*)
                0x000000000380364c                vex::controller::axis::axis(vex::controller::tAxisType, vex::controller*)
 .text._ZN3vex10controllerC2Ev
                0x0000000003803678      0x204 /Applications/VEXcode V5 Text.app/Contents/Resources/sdk/vexv5/libv5rt.a(vex_controller.cpp.obj)
                0x0000000003803678                vex::controller::controller()
                0x0000000003803678                vex::controller::controller()
 .text._ZN3vex4taskC2EPFivE
                0x000000000380387c       0x54 /Applications/VEXcode V5 Text.app/Contents/Resources/sdk/vexv5/libv5rt.a(vex_task.cpp.obj)
                0x000000000380387c                vex::task::task(int (*)())
                0x000000000380387c                vex::task::task(int (*)())
 .text._ZN3vex4taskD2Ev
                0x00000000038038d0        0x4 /Applications/VEXcode V5 Text.app/Contents/Resources/sdk/vexv5/libv5rt.a(vex_task.cpp.obj)
                0x00000000038038d0                vex::task::~task()
                0x00000000038038d0                vex::task::~task()
 .text._ZN3vex4task4stopEPFivE
                0x00000000038038d4        0xc /Applications/VEXcode V5 Text.app/Contents/Resources/sdk/vexv5/libv5rt.a(vex_task.cpp.obj)
                0x00000000038038d4                vex::task::stop(int (*)())
 .text._ZN3vex4task5sleepEm
                0x00000000038038e0        0x4 /Applications/VEXcode V5 Text.app/Contents/Resources/sdk/vexv5/libv5rt.a(vex_task.cpp.obj)
                0x00000000038038e0                vex::task::sleep(unsigned long)
 .text._ZN3vex4task6_indexEPFivE
                0x00000000038038e4       0x14 /Applications/VEXcode V5 Text.app/Contents/Resources/sdk/vexv5/libv5rt.a(vex_task.cpp.obj)
                0x00000000038038e4                vex::task::_index(int (*)())
 .text._ZN3vex4task8_stopAllEv
                0x00000000038038f8       0x3c /Applications/VEXcode V5 Text.app/Contents/Resources/sdk/vexv5/libv5rt.a(vex_task.cpp.obj)
                0x00000000038038f8                vex::task::_stopAll()
 .text._ZN3vex5event4initEmmPFvvE
                0x0000000003803934        0x4 /Applications/VEXcode V5 Text.app/Contents/Resources/sdk/vexv5/libv5rt.a(vex_event.cpp.obj)
                0x0000000003803934                vex::event::init(unsigned long, unsigned long, void (*)())
 .text._ZN3vex5event4initEmmPFvPvES1_
                0x0000000003803938        0x4 /Applications/VEXcode V5 Text.app/Contents/Resources/sdk/vexv5/libv5rt.a(vex_event.cpp.obj)
                0x0000000003803938                vex::event::init(unsigned long, unsigned long, void (*)(void*), void*)
 .text._ZN3vex5event9userindexEv
                0x000000000380393c        0x4 /Applications/VEXcode V5 Text.app/Contents/Resources/sdk/vexv5/libv5rt.a(vex_event.cpp.obj)
                0x000000000380393c                vex::event::userindex()
 .text._ZZN3vex6meventC4EmmENUlvE_4_FUNEv
                0x0000000003803940        0x4 /Applications/VEXcode V5 Text.app/Contents/Resources/sdk/vexv5/libv5rt.a(vex_mevent.cpp.obj)
 .text._ZN3vex6meventC2Emm
                0x0000000003803944       0x70 /Applications/VEXcode V5 Text.app/Contents/Resources/sdk/vexv5/libv5rt.a(vex_mevent.cpp.obj)
                0x0000000003803944                vex::mevent::mevent(unsigned long, unsigned long)
                0x0000000003803944                vex::mevent::mevent(unsigned long, unsigned long)
 .text._ZN3vex5brainD2Ev
                0x00000000038039b4       0x20 /Applications/VEXcode V5 Text.app/Contents/Resources/sdk/vexv5/libv5rt.a(vex_brain.cpp.obj)
                0x00000000038039b4                vex::brain::~brain()
                0x00000000038039b4                vex::brain::~brain()
 .text._ZN3vex5brain9_getIndexEv
                0x00000000038039d4       0x10 /Applications/VEXcode V5 Text.app/Contents/Resources/sdk/vexv5/libv5rt.a(vex_brain.cpp.obj)
                0x00000000038039d4                vex::brain::_getIndex()
 .text._ZN3vex5brain3lcd9setCursorEll
                0x00000000038039e4       0x44 /Applications/VEXcode V5 Text.app/Contents/Resources/sdk/vexv5/libv5rt.a(vex_brain.cpp.obj)
                0x00000000038039e4                vex::brain::lcd::setCursor(long, long)
 .text._ZN3vex5brain3lcd7setFontENS_8fontTypeE
                0x0000000003803a28      0x23c /Applications/VEXcode V5 Text.app/Contents/Resources/sdk/vexv5/libv5rt.a(vex_brain.cpp.obj)
                0x0000000003803a28                vex::brain::lcd::setFont(vex::fontType)
 .text._ZN3vex5brain3lcdC2Ev
                0x0000000003803c64       0x94 /Applications/VEXcode V5 Text.app/Contents/Resources/sdk/vexv5/libv5rt.a(vex_brain.cpp.obj)
                0x0000000003803c64                vex::brain::lcd::lcd()
                0x0000000003803c64                vex::brain::lcd::lcd()
 .text._ZN3vex5brainC2Ev
                0x0000000003803cf8       0x38 /Applications/VEXcode V5 Text.app/Contents/Resources/sdk/vexv5/libv5rt.a(vex_brain.cpp.obj)
                0x0000000003803cf8                vex::brain::brain()
                0x0000000003803cf8                vex::brain::brain()
 .text._ZN3vex5brain3lcd12_clearScreenEm
                0x0000000003803d30       0x38 /Applications/VEXcode V5 Text.app/Contents/Resources/sdk/vexv5/libv5rt.a(vex_brain.cpp.obj)
                0x0000000003803d30                vex::brain::lcd::_clearScreen(unsigned long)
 .text._ZN3vex5brain3lcd11clearScreenERKNS_5colorE
                0x0000000003803d68       0x20 /Applications/VEXcode V5 Text.app/Contents/Resources/sdk/vexv5/libv5rt.a(vex_brain.cpp.obj)
                0x0000000003803d68                vex::brain::lcd::clearScreen(vex::color const&)
 .text._ZN3vex5brain3lcd11clearScreenEv
                0x0000000003803d88       0x2c /Applications/VEXcode V5 Text.app/Contents/Resources/sdk/vexv5/libv5rt.a(vex_brain.cpp.obj)
                0x0000000003803d88                vex::brain::lcd::clearScreen()
 .text._ZN3vex5brain3lcd7newLineEv
                0x0000000003803db4       0x20 /Applications/VEXcode V5 Text.app/Contents/Resources/sdk/vexv5/libv5rt.a(vex_brain.cpp.obj)
                0x0000000003803db4                vex::brain::lcd::newLine()
 .text._ZN3vex5brain3lcd10rowToPixelEl
                0x0000000003803dd4       0x34 /Applications/VEXcode V5 Text.app/Contents/Resources/sdk/vexv5/libv5rt.a(vex_brain.cpp.obj)
                0x0000000003803dd4                vex::brain::lcd::rowToPixel(long)
 .text._ZN3vex5brain3lcd10colToPixelEl
                0x0000000003803e08       0x1c /Applications/VEXcode V5 Text.app/Contents/Resources/sdk/vexv5/libv5rt.a(vex_brain.cpp.obj)
                0x0000000003803e08                vex::brain::lcd::colToPixel(long)
 .text._ZN3vex5brain3lcd5printEPKcz
                0x0000000003803e24       0xa0 /Applications/VEXcode V5 Text.app/Contents/Resources/sdk/vexv5/libv5rt.a(vex_brain.cpp.obj)
                0x0000000003803e24                vex::brain::lcd::print(char const*, ...)
 .text._ZN3vex5brain3lcd5printEPcz
                0x0000000003803ec4       0xa0 /Applications/VEXcode V5 Text.app/Contents/Resources/sdk/vexv5/libv5rt.a(vex_brain.cpp.obj)
                0x0000000003803ec4                vex::brain::lcd::print(char*, ...)
 .text._ZN3vex11competition8_disableEPv
                0x0000000003803f64       0x9c /Applications/VEXcode V5 Text.app/Contents/Resources/sdk/vexv5/libv5rt.a(vex_competition.cpp.obj)
                0x0000000003803f64                vex::competition::_disable(void*)
 .text._ZN3vex11competition11_autonomousEv
                0x0000000003804000       0x7c /Applications/VEXcode V5 Text.app/Contents/Resources/sdk/vexv5/libv5rt.a(vex_competition.cpp.obj)
                0x0000000003804000                vex::competition::_autonomous()
 .text._ZN3vex11competition14_drivercontrolEv
                0x000000000380407c       0x7c /Applications/VEXcode V5 Text.app/Contents/Resources/sdk/vexv5/libv5rt.a(vex_competition.cpp.obj)
                0x000000000380407c                vex::competition::_drivercontrol()
 .text._ZN3vex11competitionC2Ev
                0x00000000038040f8      0x13c /Applications/VEXcode V5 Text.app/Contents/Resources/sdk/vexv5/libv5rt.a(vex_competition.cpp.obj)
                0x00000000038040f8                vex::competition::competition()
                0x00000000038040f8                vex::competition::competition()
 .text._ZN3vex11competitionD2Ev
                0x0000000003804234        0x4 /Applications/VEXcode V5 Text.app/Contents/Resources/sdk/vexv5/libv5rt.a(vex_competition.cpp.obj)
                0x0000000003804234                vex::competition::~competition()
                0x0000000003804234                vex::competition::~competition()
 .text._ZN3vex11competition10autonomousEPFvvE
                0x0000000003804238       0x44 /Applications/VEXcode V5 Text.app/Contents/Resources/sdk/vexv5/libv5rt.a(vex_competition.cpp.obj)
                0x0000000003804238                vex::competition::autonomous(void (*)())
 .text._ZN3vex11competition13drivercontrolEPFvvE
                0x000000000380427c       0x44 /Applications/VEXcode V5 Text.app/Contents/Resources/sdk/vexv5/libv5rt.a(vex_competition.cpp.obj)
                0x000000000380427c                vex::competition::drivercontrol(void (*)())
 .text._ZN3vex7triport9installedEv
                0x00000000038042c0       0x18 /Applications/VEXcode V5 Text.app/Contents/Resources/sdk/vexv5/libv5rt.a(vex_triport.cpp.obj)
                0x00000000038042c0                vex::triport::installed()
 .text._ZN3vex7triportD2Ev
                0x00000000038042d8       0x38 /Applications/VEXcode V5 Text.app/Contents/Resources/sdk/vexv5/libv5rt.a(vex_triport.cpp.obj)
                0x00000000038042d8                vex::triport::~triport()
                0x00000000038042d8                vex::triport::~triport()
 .text._ZN3vex7triport4portC2ElPS0_
                0x0000000003804310       0x74 /Applications/VEXcode V5 Text.app/Contents/Resources/sdk/vexv5/libv5rt.a(vex_triport.cpp.obj)
                0x0000000003804310                vex::triport::port::port(long, vex::triport*)
                0x0000000003804310                vex::triport::port::port(long, vex::triport*)
 .text._ZN3vex7triportC2El
                0x0000000003804384       0xf0 /Applications/VEXcode V5 Text.app/Contents/Resources/sdk/vexv5/libv5rt.a(vex_triport.cpp.obj)
                0x0000000003804384                vex::triport::triport(long)
                0x0000000003804384                vex::triport::triport(long)
 .text.startup._GLOBAL__sub_I__ZN3vex7triportC2El
                0x0000000003804474       0x30 /Applications/VEXcode V5 Text.app/Contents/Resources/sdk/vexv5/libv5rt.a(vex_triport.cpp.obj)
 .text._ZN3vex5colorD2Ev
                0x00000000038044a4        0x4 /Applications/VEXcode V5 Text.app/Contents/Resources/sdk/vexv5/libv5rt.a(vex_color.cpp.obj)
                0x00000000038044a4                vex::color::~color()
                0x00000000038044a4                vex::color::~color()
 .text._ZNK3vex5colorcvmEv
                0x00000000038044a8        0x8 /Applications/VEXcode V5 Text.app/Contents/Resources/sdk/vexv5/libv5rt.a(vex_color.cpp.obj)
                0x00000000038044a8                vex::color::operator unsigned long() const
 .text.startup._GLOBAL__sub_I__ZN3vex5color5blackE
                0x00000000038044b0      0x164 /Applications/VEXcode V5 Text.app/Contents/Resources/sdk/vexv5/libv5rt.a(vex_color.cpp.obj)
 .text._ZN3vex5timerD2Ev
                0x0000000003804614        0x4 /Applications/VEXcode V5 Text.app/Contents/Resources/sdk/vexv5/libv5rt.a(vex_timer.cpp.obj)
                0x0000000003804614                vex::timer::~timer()
                0x0000000003804614                vex::timer::~timer()
 .text._ZN3vex5timer5clearEv
                0x0000000003804618       0x1c /Applications/VEXcode V5 Text.app/Contents/Resources/sdk/vexv5/libv5rt.a(vex_timer.cpp.obj)
                0x0000000003804618                vex::timer::clear()
 .text._ZN3vex5timerC2Ev
                0x0000000003804634       0x14 /Applications/VEXcode V5 Text.app/Contents/Resources/sdk/vexv5/libv5rt.a(vex_timer.cpp.obj)
                0x0000000003804634                vex::timer::timer()
                0x0000000003804634                vex::timer::timer()
 .text.vexMotorVelocitySet
                0x0000000003804648       0x20 /Applications/VEXcode V5 Text.app/Contents/Resources/sdk/vexv5/libv5rt.a(v5_apiuser.c.obj)
                0x0000000003804648                vexMotorVelocitySet
 .text.vexMotorVoltageSet
                0x0000000003804668       0x20 /Applications/VEXcode V5 Text.app/Contents/Resources/sdk/vexv5/libv5rt.a(v5_apiuser.c.obj)
                0x0000000003804668                vexMotorVoltageSet
 .text.vexMotorActualVelocityGet
                0x0000000003804688       0x24 /Applications/VEXcode V5 Text.app/Contents/Resources/sdk/vexv5/libv5rt.a(v5_apiuser.c.obj)
                0x0000000003804688                vexMotorActualVelocityGet
 .text.vexMotorReverseFlagSet
                0x00000000038046ac       0x20 /Applications/VEXcode V5 Text.app/Contents/Resources/sdk/vexv5/libv5rt.a(v5_apiuser.c.obj)
                0x00000000038046ac                vexMotorReverseFlagSet
 .text.vexMotorEncoderUnitsSet
                0x00000000038046cc       0x20 /Applications/VEXcode V5 Text.app/Contents/Resources/sdk/vexv5/libv5rt.a(v5_apiuser.c.obj)
                0x00000000038046cc                vexMotorEncoderUnitsSet
 .text.vexMotorBrakeModeSet
                0x00000000038046ec       0x20 /Applications/VEXcode V5 Text.app/Contents/Resources/sdk/vexv5/libv5rt.a(v5_apiuser.c.obj)
                0x00000000038046ec                vexMotorBrakeModeSet
 .text.vexMotorPositionSet
                0x000000000380470c       0x28 /Applications/VEXcode V5 Text.app/Contents/Resources/sdk/vexv5/libv5rt.a(v5_apiuser.c.obj)
                0x000000000380470c                vexMotorPositionSet
 .text.vexMotorPositionGet
                0x0000000003804734       0x24 /Applications/VEXcode V5 Text.app/Contents/Resources/sdk/vexv5/libv5rt.a(v5_apiuser.c.obj)
                0x0000000003804734                vexMotorPositionGet
 .text.vexMotorGearingGet
                0x0000000003804758       0x18 /Applications/VEXcode V5 Text.app/Contents/Resources/sdk/vexv5/libv5rt.a(v5_apiuser.c.obj)
                0x0000000003804758                vexMotorGearingGet
 .text.vexEventMaskSet
                0x0000000003804770       0x28 /Applications/VEXcode V5 Text.app/Contents/Resources/sdk/vexv5/libv5rt.a(v5_apiuser.c.obj)
                0x0000000003804770                vexEventMaskSet
 .text.vexEventMaskGet
                0x0000000003804798       0x18 /Applications/VEXcode V5 Text.app/Contents/Resources/sdk/vexv5/libv5rt.a(v5_apiuser.c.obj)
                0x0000000003804798                vexEventMaskGet
 .text._ZN3vex6device5valueEv
                0x00000000038047b0        0x8 /Applications/VEXcode V5 Text.app/Contents/Resources/sdk/vexv5/libv5rt.a(vex_device.cpp.obj)
                0x00000000038047b0                vex::device::value()
 .text._ZN3vex6deviceD2Ev
                0x00000000038047b8        0x4 /Applications/VEXcode V5 Text.app/Contents/Resources/sdk/vexv5/libv5rt.a(vex_device.cpp.obj)
                0x00000000038047b8                vex::device::~device()
                0x00000000038047b8                vex::device::~device()
 .text._ZN3vex6device4initEl
                0x00000000038047bc       0x30 /Applications/VEXcode V5 Text.app/Contents/Resources/sdk/vexv5/libv5rt.a(vex_device.cpp.obj)
                0x00000000038047bc                vex::device::init(long)
 .text._ZN3vex6deviceC2El
                0x00000000038047ec       0x20 /Applications/VEXcode V5 Text.app/Contents/Resources/sdk/vexv5/libv5rt.a(vex_device.cpp.obj)
                0x00000000038047ec                vex::device::device(long)
                0x00000000038047ec                vex::device::device(long)
 .text._ZN3vex6device4typeEv
                0x000000000380480c       0x10 /Applications/VEXcode V5 Text.app/Contents/Resources/sdk/vexv5/libv5rt.a(vex_device.cpp.obj)
                0x000000000380480c                vex::device::type()
 .text._ZN3vex6device9installedEv
                0x000000000380481c       0x14 /Applications/VEXcode V5 Text.app/Contents/Resources/sdk/vexv5/libv5rt.a(vex_device.cpp.obj)
                0x000000000380481c                vex::device::installed()
 .text.__libc_fini_array
                0x0000000003804830       0x30 /Applications/VEXcode V5 Text.app/Contents/Resources/sdk/vexv5/gcc/libs/libc.a(lib_a-fini.o)
                0x0000000003804830                __libc_fini_array
 .text.__libc_init_array
                0x0000000003804860       0x58 /Applications/VEXcode V5 Text.app/Contents/Resources/sdk/vexv5/gcc/libs/libc.a(lib_a-init.o)
                0x0000000003804860                __libc_init_array
 .text.__libc_init_array.__stub
                0x00000000038048b8       0x28 linker stubs
 *(.gnu.linkonce.t.*)
 *(.plt)
 *(.gnu_warning)
 *(.gcc_except_table)
 *(.glue_7)
 .glue_7        0x00000000038048e0        0x0 linker stubs
 *(.glue_7t)
 .glue_7t       0x00000000038048e0        0x0 linker stubs
 *(.vfp11_veneer)
 .vfp11_veneer  0x00000000038048e0        0x0 linker stubs
 *(.ARM.extab)
 *(.gnu.linkonce.armextab.*)

.v4_bx          0x00000000038048e0        0x0
 .v4_bx         0x00000000038048e0        0x0 linker stubs

.iplt           0x00000000038048e0        0x0
 .iplt          0x00000000038048e0        0x0 build/src/controller.o

.init
 *(.init)

.fini
 *(.fini)

.rodata         0x00000000038048e0      0x21c
                0x00000000038048e0                __rodata_start = .
 *(.rodata)
 *(.rodata.*)
 .rodata.str1.1
                0x00000000038048e0       0x36 build/src/debug.o
                                         0x38 (size before relaxing)
 .rodata.str1.1
                0x0000000003804916       0x4e build/src/pragma.o
 .rodata._ZTV5Motor
                0x0000000003804964       0x10 build/src/pragma.o
                0x0000000003804964                vtable for Motor
 *fill*         0x0000000003804974        0x4 
 .rodata.str1.8
                0x0000000003804978       0xa0 build/src/motor/class.o
                                         0x99 (size before relaxing)
 .rodata.str1.1
                0x0000000003804a18        0x2 build/src/motor/class.o
 .rodata.str1.1
                0x0000000003804a18       0x2e /Applications/VEXcode V5 Text.app/Contents/Resources/sdk/vexv5/libv5rt.a(v5_startup.c.obj)
 *fill*         0x0000000003804a46        0x2 
 .rodata._ZN3vex6PORT20E
                0x0000000003804a48        0x4 /Applications/VEXcode V5 Text.app/Contents/Resources/sdk/vexv5/libv5rt.a(vex_global.cpp.obj)
                0x0000000003804a48                vex::PORT20
 .rodata._ZN3vex5PORT3E
                0x0000000003804a4c        0x4 /Applications/VEXcode V5 Text.app/Contents/Resources/sdk/vexv5/libv5rt.a(vex_global.cpp.obj)
                0x0000000003804a4c                vex::PORT3
 .rodata._ZN3vex6PORT10E
                0x0000000003804a50        0x4 /Applications/VEXcode V5 Text.app/Contents/Resources/sdk/vexv5/libv5rt.a(vex_global.cpp.obj)
                0x0000000003804a50                vex::PORT10
 .rodata._ZN3vex6PORT14E
                0x0000000003804a54        0x4 /Applications/VEXcode V5 Text.app/Contents/Resources/sdk/vexv5/libv5rt.a(vex_global.cpp.obj)
                0x0000000003804a54                vex::PORT14
 .rodata._ZN3vex5PORT9E
                0x0000000003804a58        0x4 /Applications/VEXcode V5 Text.app/Contents/Resources/sdk/vexv5/libv5rt.a(vex_global.cpp.obj)
                0x0000000003804a58                vex::PORT9
 .rodata._ZN3vex6PORT11E
                0x0000000003804a5c        0x4 /Applications/VEXcode V5 Text.app/Contents/Resources/sdk/vexv5/libv5rt.a(vex_global.cpp.obj)
                0x0000000003804a5c                vex::PORT11
 .rodata._ZN3vex6PORT19E
                0x0000000003804a60        0x4 /Applications/VEXcode V5 Text.app/Contents/Resources/sdk/vexv5/libv5rt.a(vex_global.cpp.obj)
                0x0000000003804a60                vex::PORT19
 .rodata._ZN3vex6PORT22E
                0x0000000003804a64        0x4 /Applications/VEXcode V5 Text.app/Contents/Resources/sdk/vexv5/libv5rt.a(vex_global.cpp.obj)
                0x0000000003804a64                vex::PORT22
 .rodata._ZN3vex6PORT13E
                0x0000000003804a68        0x4 /Applications/VEXcode V5 Text.app/Contents/Resources/sdk/vexv5/libv5rt.a(vex_global.cpp.obj)
                0x0000000003804a68                vex::PORT13
 *fill*         0x0000000003804a6c        0x4 
 .rodata._ZTVN3vex5motorE
                0x0000000003804a70       0x10 /Applications/VEXcode V5 Text.app/Contents/Resources/sdk/vexv5/libv5rt.a(vex_motor.cpp.obj)
                0x0000000003804a70                vtable for vex::motor
 .rodata.CSWTCH.15
                0x0000000003804a80        0xb /Applications/VEXcode V5 Text.app/Contents/Resources/sdk/vexv5/libv5rt.a(vex_controller.cpp.obj)
 .rodata.CSWTCH.17
                0x0000000003804a8b        0xb /Applications/VEXcode V5 Text.app/Contents/Resources/sdk/vexv5/libv5rt.a(vex_controller.cpp.obj)
 .rodata.CSWTCH.23
                0x0000000003804a96        0x3 /Applications/VEXcode V5 Text.app/Contents/Resources/sdk/vexv5/libv5rt.a(vex_controller.cpp.obj)
 .rodata.str1.1
                0x0000000003804a99       0x14 /Applications/VEXcode V5 Text.app/Contents/Resources/sdk/vexv5/libv5rt.a(vex_task.cpp.obj)
 .rodata.str1.1
                0x0000000003804aad       0x2b /Applications/VEXcode V5 Text.app/Contents/Resources/sdk/vexv5/libv5rt.a(vex_brain.cpp.obj)
 .rodata._ZTVN3vex7triportE
                0x0000000003804ad8       0x10 /Applications/VEXcode V5 Text.app/Contents/Resources/sdk/vexv5/libv5rt.a(vex_triport.cpp.obj)
                0x0000000003804ad8                vtable for vex::triport
 .rodata._ZTVN3vex6deviceE
                0x0000000003804ae8       0x10 /Applications/VEXcode V5 Text.app/Contents/Resources/sdk/vexv5/libv5rt.a(vex_device.cpp.obj)
                0x0000000003804ae8                vtable for vex::device
 .rodata.str1.4
                0x0000000003804af8        0x4 /Applications/VEXcode V5 Text.app/Contents/Resources/sdk/vexv5/gcc/libs/libc.a(lib_a-impure.o)
                                          0x2 (size before relaxing)
 *(.gnu.linkonce.r.*)
                0x0000000003804afc                __rodata_end = .

.rodata1        0x0000000003804afc        0x0
                0x0000000003804afc                __rodata1_start = .
 *(.rodata1)
 *(.rodata1.*)
                0x0000000003804afc                __rodata1_end = .

.sdata2         0x0000000003804afc        0x0
                0x0000000003804afc                __sdata2_start = .
 *(.sdata2)
 *(.sdata2.*)
 *(.gnu.linkonce.s2.*)
                0x0000000003804afc                __sdata2_end = .

.sbss2          0x0000000003804afc        0x0
                0x0000000003804afc                __sbss2_start = .
 *(.sbss2)
 *(.sbss2.*)
 *(.gnu.linkonce.sb2.*)
                0x0000000003804afc                __sbss2_end = .

.data           0x0000000003804b00      0x43c
                0x0000000003804b00                __data_start = .
 *(.data)
 *(.data.*)
 .data.user_tank_2_mode
                0x0000000003804b00        0x4 build/src/usercontrol.o
                0x0000000003804b00                user_tank_2_mode
 .data.appRunning
                0x0000000003804b04        0x4 /Applications/VEXcode V5 Text.app/Contents/Resources/sdk/vexv5/libv5rt.a(v5_startup.c.obj)
                0x0000000003804b04                appRunning
 .data.__yoff   0x0000000003804b08        0x4 /Applications/VEXcode V5 Text.app/Contents/Resources/sdk/vexv5/libv5rt.a(v5_apijump.c.obj)
 .data._ZN3vex24__default_motor_velocityE
                0x0000000003804b0c        0x4 /Applications/VEXcode V5 Text.app/Contents/Resources/sdk/vexv5/libv5rt.a(vex_motor.cpp.obj)
                0x0000000003804b0c                vex::__default_motor_velocity
 .data.impure_data
                0x0000000003804b10      0x428 /Applications/VEXcode V5 Text.app/Contents/Resources/sdk/vexv5/gcc/libs/libc.a(lib_a-impure.o)
 .data._impure_ptr
                0x0000000003804f38        0x4 /Applications/VEXcode V5 Text.app/Contents/Resources/sdk/vexv5/gcc/libs/libc.a(lib_a-impure.o)
                0x0000000003804f38                _impure_ptr
 *(.gnu.linkonce.d.*)
 *(.jcr)
 *(.got)
 *(.got.plt)
                0x0000000003804f3c                __data_end = .

.igot.plt       0x0000000003804f3c        0x0
 .igot.plt      0x0000000003804f3c        0x0 build/src/controller.o

.data1          0x0000000003804f3c        0x0
                0x0000000003804f3c                __data1_start = .
 *(.data1)
 *(.data1.*)
                0x0000000003804f3c                __data1_end = .

.got
 *(.got)

.ctors          0x0000000003804f3c        0x0
                0x0000000003804f3c                __CTOR_LIST__ = .
                0x0000000003804f3c                ___CTORS_LIST___ = .
 *crtbegin.o(.ctors)
 *(EXCLUDE_FILE(*crtend.o) .ctors)
 *(SORT_BY_NAME(.ctors.*))
 *(.ctors)
                0x0000000003804f3c                __CTOR_END__ = .
                0x0000000003804f3c                ___CTORS_END___ = .

.dtors          0x0000000003804f3c        0x0
                0x0000000003804f3c                __DTOR_LIST__ = .
                0x0000000003804f3c                ___DTORS_LIST___ = .
 *crtbegin.o(.dtors)
 *(EXCLUDE_FILE(*crtend.o) .dtors)
 *(SORT_BY_NAME(.dtors.*))
 *(.dtors)
                0x0000000003804f3c                __DTOR_END__ = .
                0x0000000003804f3c                ___DTORS_END___ = .

.fixup          0x0000000003804f3c        0x0
                0x0000000003804f3c                __fixup_start = .
 *(.fixup)
                0x0000000003804f3c                __fixup_end = .

.eh_frame
 *(.eh_frame)

.eh_framehdr    0x0000000003804f3c        0x0
                0x0000000003804f3c                __eh_framehdr_start = .
 *(.eh_framehdr)
                0x0000000003804f3c                __eh_framehdr_end = .

.gcc_except_table
 *(.gcc_except_table)

.mmu_tbl        0x0000000003808000        0x0
                0x0000000003808000                __mmu_tbl_start = .
 *(.mmu_tbl)
                0x0000000003808000                __mmu_tbl_end = .

.ARM.exidx      0x0000000003804f3c        0x8
                0x0000000003804f3c                __exidx_start = .
 *(.ARM.exidx*)
 .ARM.exidx.text._Z15ctlr_updateVarsv
                0x0000000003804f3c        0x8 build/src/controller.o
 .ARM.exidx.text._GLOBAL__sub_I_controller.cpp
                0x0000000003804f44        0x0 build/src/controller.o
                                          0x8 (size before relaxing)
 .ARM.exidx.text._Z10math_sgn_ii
                0x0000000003804f44        0x0 build/src/custom_math.o
                                          0x8 (size before relaxing)
 .ARM.exidx.text._Z15math_restrict_iiii
                0x0000000003804f44        0x0 build/src/custom_math.o
                                          0x8 (size before relaxing)
 .ARM.exidx.text._Z10math_map_fddddd
                0x0000000003804f44        0x0 build/src/custom_math.o
                                          0x8 (size before relaxing)
 .ARM.exidx.text._GLOBAL__sub_I_custom_math.cpp
                0x0000000003804f44        0x0 build/src/custom_math.o
                                          0x8 (size before relaxing)
 .ARM.exidx.text._Z15debug_updateVarv
                0x0000000003804f44        0x0 build/src/debug.o
                                          0x8 (size before relaxing)
 .ARM.exidx.text._Z19debug_print_initialv
                0x0000000003804f44        0x0 build/src/debug.o
                                          0x8 (size before relaxing)
 .ARM.exidx.text._Z11debug_printv
                0x0000000003804f44        0x0 build/src/debug.o
                                          0x8 (size before relaxing)
 .ARM.exidx.text._GLOBAL__sub_I_debug.cpp
                0x0000000003804f44        0x0 build/src/debug.o
                                          0x8 (size before relaxing)
 .ARM.exidx.text._Z10autonomousv
                0x0000000003804f44        0x0 build/src/main.o
                                          0x8 (size before relaxing)
 .ARM.exidx.text._Z11usercontrolv
                0x0000000003804f44        0x0 build/src/main.o
                                          0x8 (size before relaxing)
 .ARM.exidx.text.main
                0x0000000003804f44        0x0 build/src/main.o
                                          0x8 (size before relaxing)
 .ARM.exidx.text._GLOBAL__sub_I_main.cpp
                0x0000000003804f44        0x0 build/src/main.o
                                          0x8 (size before relaxing)
 .ARM.exidx.text._ZN5MotorD2Ev
                0x0000000003804f44        0x0 build/src/pragma.o
                                          0x8 (size before relaxing)
 .ARM.exidx.text._ZNSt10_List_baseI5MotorSaIS0_EED2Ev
                0x0000000003804f44        0x0 build/src/pragma.o
                                          0x8 (size before relaxing)
 .ARM.exidx.text._ZNSt10_List_baseI5MotorSaIS0_EE8_M_clearEv
                0x0000000003804f44        0x0 build/src/pragma.o
                                          0x8 (size before relaxing)
 .ARM.exidx.text._ZNSt4listI5MotorSaIS0_EE12emplace_backIJRKS0_EEEvDpOT_
                0x0000000003804f44        0x0 build/src/pragma.o
                                          0x8 (size before relaxing)
 .ARM.exidx.text._GLOBAL__sub_I_pragma.cpp
                0x0000000003804f44        0x0 build/src/pragma.o
                                          0x8 (size before relaxing)
 .ARM.exidx.text._Z11vexcodeInitv
                0x0000000003804f44        0x0 build/src/robot-config.o
                                          0x8 (size before relaxing)
 .ARM.exidx.text._GLOBAL__sub_I_robot_config.cpp
                0x0000000003804f44        0x0 build/src/robot-config.o
                                          0x8 (size before relaxing)
 .ARM.exidx.text._GLOBAL__sub_I_sejun_code.cpp
                0x0000000003804f44        0x0 build/src/sejun_code.o
                                          0x8 (size before relaxing)
 .ARM.exidx.text._Z11user_tank_2v
                0x0000000003804f44        0x0 build/src/usercontrol.o
                                          0x8 (size before relaxing)
 .ARM.exidx.text._Z13user_intake_2v
                0x0000000003804f44        0x0 build/src/usercontrol.o
                                          0x8 (size before relaxing)
 .ARM.exidx.text._Z15user_arm_tray_1v
                0x0000000003804f44        0x0 build/src/usercontrol.o
                                          0x8 (size before relaxing)
 .ARM.exidx.text._GLOBAL__sub_I_usercontrol.cpp
                0x0000000003804f44        0x0 build/src/usercontrol.o
                                          0x8 (size before relaxing)
 .ARM.exidx.text._Z25auton_standard_initializev
                0x0000000003804f44        0x0 build/src/autonomous/functions.o
                                          0x8 (size before relaxing)
 .ARM.exidx.text._Z25auton_standard_update_finv
                0x0000000003804f44        0x0 build/src/autonomous/functions.o
                                          0x8 (size before relaxing)
 .ARM.exidx.text._Z6a_waiti
                0x0000000003804f44        0x0 build/src/autonomous/functions.o
                                          0x8 (size before relaxing)
 .ARM.exidx.text._Z17auton_intake_1_inv
                0x0000000003804f44        0x0 build/src/autonomous/functions.o
                                          0x8 (size before relaxing)
 .ARM.exidx.text._Z19auton_intake_1_stopv
                0x0000000003804f44        0x0 build/src/autonomous/functions.o
                                          0x8 (size before relaxing)
 .ARM.exidx.text._GLOBAL__sub_I_functions.cpp
                0x0000000003804f44        0x0 build/src/autonomous/functions.o
                                          0x8 (size before relaxing)
 .ARM.exidx.text._Z21auton_route_testing_1v
                0x0000000003804f44        0x0 build/src/autonomous/routes.o
                                          0x8 (size before relaxing)
 .ARM.exidx.text._GLOBAL__sub_I_routes.cpp
                0x0000000003804f44        0x0 build/src/autonomous/routes.o
                                          0x8 (size before relaxing)
 .ARM.exidx.text._ZN5Motor10set_targetEi
                0x0000000003804f44        0x0 build/src/motor/class.o
                                          0x8 (size before relaxing)
 .ARM.exidx.text._ZN5Motor16update_vars_slewEv
                0x0000000003804f44        0x0 build/src/motor/class.o
                                          0x8 (size before relaxing)
 .ARM.exidx.text._ZN5Motor11update_varsEv
                0x0000000003804f44        0x0 build/src/motor/class.o
                                          0x8 (size before relaxing)
 .ARM.exidx.text._ZN5Motor16update_power_volEv
                0x0000000003804f44        0x0 build/src/motor/class.o
                                          0x8 (size before relaxing)
 .ARM.exidx.text._ZN5Motor12update_powerEv
                0x0000000003804f44        0x0 build/src/motor/class.o
                                          0x8 (size before relaxing)
 .ARM.exidx.text._ZN5Motor20update_rotation_varsEv
                0x0000000003804f44        0x0 build/src/motor/class.o
                                          0x8 (size before relaxing)
 .ARM.exidx.text._ZN5Motor14rotation_resetEv
                0x0000000003804f44        0x0 build/src/motor/class.o
                                          0x8 (size before relaxing)
 .ARM.exidx.text._ZN5Motor18print_actual_powerEv
                0x0000000003804f44        0x0 build/src/motor/class.o
                                          0x8 (size before relaxing)
 .ARM.exidx.text._ZN5Motor18print_target_powerEv
                0x0000000003804f44        0x0 build/src/motor/class.o
                                          0x8 (size before relaxing)
 .ARM.exidx.text._ZN5Motor14print_rotationEv
                0x0000000003804f44        0x0 build/src/motor/class.o
                                          0x8 (size before relaxing)
 .ARM.exidx.text._ZN5Motor12rotation_getEv
                0x0000000003804f44        0x0 build/src/motor/class.o
                                          0x8 (size before relaxing)
 .ARM.exidx.text._ZN5Motor21print_rotation_changeEv
                0x0000000003804f44        0x0 build/src/motor/class.o
                                          0x8 (size before relaxing)
 .ARM.exidx.text._ZN5Motor26print_initial_actual_powerEv
                0x0000000003804f44        0x0 build/src/motor/class.o
                                          0x8 (size before relaxing)
 .ARM.exidx.text._ZN5Motor26print_initial_target_powerEv
                0x0000000003804f44        0x0 build/src/motor/class.o
                                          0x8 (size before relaxing)
 .ARM.exidx.text._ZN5Motor22print_initial_rotationEv
                0x0000000003804f44        0x0 build/src/motor/class.o
                                          0x8 (size before relaxing)
 .ARM.exidx.text._ZN5Motor29print_initial_rotation_changeEv
                0x0000000003804f44        0x0 build/src/motor/class.o
                                          0x8 (size before relaxing)
 .ARM.exidx.text._ZN5MotorC2ESsibibbbbbb
                0x0000000003804f44        0x0 build/src/motor/class.o
                                          0x8 (size before relaxing)
 .ARM.exidx.text._GLOBAL__sub_I_class.cpp
                0x0000000003804f44        0x0 build/src/motor/class.o
                                          0x8 (size before relaxing)
 .ARM.exidx.text._Z8left_seti
                0x0000000003804f44        0x0 build/src/motor/functions.o
                                          0x8 (size before relaxing)
 .ARM.exidx.text._Z9right_seti
                0x0000000003804f44        0x0 build/src/motor/functions.o
                                          0x8 (size before relaxing)
 .ARM.exidx.text._Z10intake_seti
                0x0000000003804f44        0x0 build/src/motor/functions.o
                                          0x8 (size before relaxing)
 .ARM.exidx.text._Z18motors_update_varsv
                0x0000000003804f44        0x0 build/src/motor/functions.o
                                          0x8 (size before relaxing)
 .ARM.exidx.text._Z19motors_update_powerv
                0x0000000003804f44        0x0 build/src/motor/functions.o
                                          0x8 (size before relaxing)
 .ARM.exidx.text._Z27motors_update_rotation_varsv
                0x0000000003804f44        0x0 build/src/motor/functions.o
                                          0x8 (size before relaxing)
 .ARM.exidx.text._Z22chassis_reset_rotationv
                0x0000000003804f44        0x0 build/src/motor/functions.o
                                          0x8 (size before relaxing)
 .ARM.exidx.text._Z21motors_reset_rotationv
                0x0000000003804f44        0x0 build/src/motor/functions.o
                                          0x8 (size before relaxing)
 .ARM.exidx.text._GLOBAL__sub_I_functions.cpp
                0x0000000003804f44        0x0 build/src/motor/functions.o
                                          0x8 (size before relaxing)
 *(.gnu.linkonce.armexidix.*.*)
                0x0000000003804f44                __exidx_end = .

.rel.dyn        0x0000000003804f44        0x0
 .rel.iplt      0x0000000003804f44        0x0 build/src/controller.o

.preinit_array  0x0000000003804f44        0x0
                0x0000000003804f44                __preinit_array_start = .
 *(SORT_BY_NAME(.preinit_array.*))
 *(.preinit_array)
                0x0000000003804f44                __preinit_array_end = .

.init_array     0x0000000003804f44       0x38
                0x0000000003804f44                __init_array_start = .
 *(SORT_BY_NAME(.init_array.*))
 *(.init_array)
 .init_array    0x0000000003804f44        0x4 build/src/controller.o
 .init_array    0x0000000003804f48        0x4 build/src/custom_math.o
 .init_array    0x0000000003804f4c        0x4 build/src/debug.o
 .init_array    0x0000000003804f50        0x4 build/src/main.o
 .init_array    0x0000000003804f54        0x4 build/src/pragma.o
 .init_array    0x0000000003804f58        0x4 build/src/robot-config.o
 .init_array    0x0000000003804f5c        0x4 build/src/sejun_code.o
 .init_array    0x0000000003804f60        0x4 build/src/usercontrol.o
 .init_array    0x0000000003804f64        0x4 build/src/autonomous/functions.o
 .init_array    0x0000000003804f68        0x4 build/src/autonomous/routes.o
 .init_array    0x0000000003804f6c        0x4 build/src/motor/class.o
 .init_array    0x0000000003804f70        0x4 build/src/motor/functions.o
 .init_array    0x0000000003804f74        0x4 /Applications/VEXcode V5 Text.app/Contents/Resources/sdk/vexv5/libv5rt.a(vex_triport.cpp.obj)
 .init_array    0x0000000003804f78        0x4 /Applications/VEXcode V5 Text.app/Contents/Resources/sdk/vexv5/libv5rt.a(vex_color.cpp.obj)
                0x0000000003804f7c                __init_array_end = .

.fini_array     0x0000000003804f7c        0x0
                0x0000000003804f7c                __fini_array_start = .
 *(SORT_BY_NAME(.fini_array.*))
 *(.fini_array)
                0x0000000003804f7c                __fini_array_end = .

.ARM.attributes
                0x0000000003804f7c       0x3c
                0x0000000003804f7c                __ARM.attributes_start = .
 *(.ARM.attributes)
 .ARM.attributes
                0x0000000003804f7c       0x3a build/src/controller.o
 .ARM.attributes
                0x0000000003804fb6       0x3a build/src/custom_math.o
 .ARM.attributes
                0x0000000003804ff0       0x3a build/src/debug.o
 .ARM.attributes
                0x000000000380502a       0x3a build/src/main.o
 .ARM.attributes
                0x0000000003805064       0x3a build/src/pragma.o
 .ARM.attributes
                0x000000000380509e       0x3a build/src/robot-config.o
 .ARM.attributes
                0x00000000038050d8       0x3a build/src/sejun_code.o
 .ARM.attributes
                0x0000000003805112       0x3a build/src/usercontrol.o
 .ARM.attributes
                0x000000000380514c       0x3a build/src/autonomous/functions.o
 .ARM.attributes
                0x0000000003805186       0x3a build/src/autonomous/routes.o
 .ARM.attributes
                0x00000000038051c0       0x3a build/src/motor/class.o
 .ARM.attributes
                0x00000000038051fa       0x3a build/src/motor/functions.o
 .ARM.attributes
                0x0000000003805234       0x35 /Applications/VEXcode V5 Text.app/Contents/Resources/sdk/vexv5/libv5rt.a(v5_startup.c.obj)
 .ARM.attributes
                0x0000000003805269       0x35 /Applications/VEXcode V5 Text.app/Contents/Resources/sdk/vexv5/libv5rt.a(v5_util.c.obj)
 .ARM.attributes
                0x000000000380529e       0x35 /Applications/VEXcode V5 Text.app/Contents/Resources/sdk/vexv5/libv5rt.a(v5_apijump.c.obj)
 .ARM.attributes
                0x00000000038052d3       0x35 /Applications/VEXcode V5 Text.app/Contents/Resources/sdk/vexv5/libv5rt.a(v5_apiversions.c.obj)
 .ARM.attributes
                0x0000000003805308       0x35 /Applications/VEXcode V5 Text.app/Contents/Resources/sdk/vexv5/libv5rt.a(vex_global.cpp.obj)
 .ARM.attributes
                0x000000000380533d       0x35 /Applications/VEXcode V5 Text.app/Contents/Resources/sdk/vexv5/libv5rt.a(vex_motor.cpp.obj)
 .ARM.attributes
                0x0000000003805372       0x35 /Applications/VEXcode V5 Text.app/Contents/Resources/sdk/vexv5/libv5rt.a(vex_controller.cpp.obj)
 .ARM.attributes
                0x00000000038053a7       0x35 /Applications/VEXcode V5 Text.app/Contents/Resources/sdk/vexv5/libv5rt.a(vex_task.cpp.obj)
 .ARM.attributes
                0x00000000038053dc       0x35 /Applications/VEXcode V5 Text.app/Contents/Resources/sdk/vexv5/libv5rt.a(vex_event.cpp.obj)
 .ARM.attributes
                0x0000000003805411       0x35 /Applications/VEXcode V5 Text.app/Contents/Resources/sdk/vexv5/libv5rt.a(vex_mevent.cpp.obj)
 .ARM.attributes
                0x0000000003805446       0x35 /Applications/VEXcode V5 Text.app/Contents/Resources/sdk/vexv5/libv5rt.a(vex_brain.cpp.obj)
 .ARM.attributes
                0x000000000380547b       0x35 /Applications/VEXcode V5 Text.app/Contents/Resources/sdk/vexv5/libv5rt.a(vex_competition.cpp.obj)
 .ARM.attributes
                0x00000000038054b0       0x35 /Applications/VEXcode V5 Text.app/Contents/Resources/sdk/vexv5/libv5rt.a(vex_triport.cpp.obj)
 .ARM.attributes
                0x00000000038054e5       0x35 /Applications/VEXcode V5 Text.app/Contents/Resources/sdk/vexv5/libv5rt.a(vex_color.cpp.obj)
 .ARM.attributes
                0x000000000380551a       0x35 /Applications/VEXcode V5 Text.app/Contents/Resources/sdk/vexv5/libv5rt.a(vex_timer.cpp.obj)
 .ARM.attributes
                0x000000000380554f       0x35 /Applications/VEXcode V5 Text.app/Contents/Resources/sdk/vexv5/libv5rt.a(v5_apiuser.c.obj)
 .ARM.attributes
                0x0000000003805584       0x35 /Applications/VEXcode V5 Text.app/Contents/Resources/sdk/vexv5/libv5rt.a(vex_device.cpp.obj)
 .ARM.attributes
                0x00000000038055b9       0x2b /Applications/VEXcode V5 Text.app/Contents/Resources/sdk/vexv5/gcc/libs/libc.a(lib_a-fini.o)
 .ARM.attributes
                0x00000000038055e4       0x2b /Applications/VEXcode V5 Text.app/Contents/Resources/sdk/vexv5/gcc/libs/libc.a(lib_a-impure.o)
 .ARM.attributes
                0x000000000380560f       0x2b /Applications/VEXcode V5 Text.app/Contents/Resources/sdk/vexv5/gcc/libs/libc.a(lib_a-init.o)
                0x000000000380563a                __ARM.attributes_end = .

.sdata          0x0000000003804f7c        0x0
                0x0000000003804f7c                __sdata_start = .
 *(.sdata)
 *(.sdata.*)
 *(.gnu.linkonce.s.*)
                0x0000000003804f7c                __sdata_end = .

.sbss           0x0000000003804f7c        0x0
                0x0000000003804f7c                __sbss_start = .
 *(.sbss)
 *(.sbss.*)
 *(.gnu.linkonce.sb.*)
                0x0000000003804f7c                __sbss_end = .

.tdata          0x0000000003804f7c        0x0
                0x0000000003804f7c                __tdata_start = .
 *(.tdata)
 *(.tdata.*)
 *(.gnu.linkonce.td.*)
                0x0000000003804f7c                __tdata_end = .

.tbss           0x0000000003804f7c        0x0
                0x0000000003804f7c                __tbss_start = .
 *(.tbss)
 *(.tbss.*)
 *(.gnu.linkonce.tb.*)
                0x0000000003804f7c                __tbss_end = .

.bss            0x0000000003804f80      0x995
                0x0000000003804f80                __bss_start = .
 *(.bss)
 *(.bss.*)
 .bss._ZStL8__ioinit
                0x0000000003804f80        0x1 build/src/controller.o
 *fill*         0x0000000003804f81        0x3 
 .bss.ctlr_axis1
                0x0000000003804f84        0x4 build/src/controller.o
                0x0000000003804f84                ctlr_axis1
 .bss.ctlr_axis2
                0x0000000003804f88        0x4 build/src/controller.o
                0x0000000003804f88                ctlr_axis2
 .bss.ctlr_axis3
                0x0000000003804f8c        0x4 build/src/controller.o
                0x0000000003804f8c                ctlr_axis3
 .bss.ctlr_axis4
                0x0000000003804f90        0x4 build/src/controller.o
                0x0000000003804f90                ctlr_axis4
 .bss.ctlr_buttonR1
                0x0000000003804f94        0x4 build/src/controller.o
                0x0000000003804f94                ctlr_buttonR1
 .bss.ctlr_buttonR2
                0x0000000003804f98        0x4 build/src/controller.o
                0x0000000003804f98                ctlr_buttonR2
 .bss.ctlr_buttonL1
                0x0000000003804f9c        0x4 build/src/controller.o
                0x0000000003804f9c                ctlr_buttonL1
 .bss.ctlr_buttonL2
                0x0000000003804fa0        0x4 build/src/controller.o
                0x0000000003804fa0                ctlr_buttonL2
 .bss.ctlr_buttonA
                0x0000000003804fa4        0x4 build/src/controller.o
                0x0000000003804fa4                ctlr_buttonA
 .bss.ctlr_buttonB
                0x0000000003804fa8        0x4 build/src/controller.o
                0x0000000003804fa8                ctlr_buttonB
 .bss.ctlr_buttonX
                0x0000000003804fac        0x4 build/src/controller.o
                0x0000000003804fac                ctlr_buttonX
 .bss.ctlr_buttonY
                0x0000000003804fb0        0x4 build/src/controller.o
                0x0000000003804fb0                ctlr_buttonY
 .bss.ctlr_buttonUP
                0x0000000003804fb4        0x4 build/src/controller.o
                0x0000000003804fb4                ctlr_buttonUP
 .bss.ctlr_buttonDOWN
                0x0000000003804fb8        0x4 build/src/controller.o
                0x0000000003804fb8                ctlr_buttonDOWN
 .bss.ctlr_buttonLEFT
                0x0000000003804fbc        0x4 build/src/controller.o
                0x0000000003804fbc                ctlr_buttonLEFT
 .bss.ctlr_buttonRIGHT
                0x0000000003804fc0        0x4 build/src/controller.o
                0x0000000003804fc0                ctlr_buttonRIGHT
 .bss.ctlr_axis1_prev
                0x0000000003804fc4        0x4 build/src/controller.o
                0x0000000003804fc4                ctlr_axis1_prev
 .bss.ctlr_axis2_prev
                0x0000000003804fc8        0x4 build/src/controller.o
                0x0000000003804fc8                ctlr_axis2_prev
 .bss.ctlr_axis3_prev
                0x0000000003804fcc        0x4 build/src/controller.o
                0x0000000003804fcc                ctlr_axis3_prev
 .bss.ctlr_axis4_prev
                0x0000000003804fd0        0x4 build/src/controller.o
                0x0000000003804fd0                ctlr_axis4_prev
 .bss.ctlr_buttonR1_prev
                0x0000000003804fd4        0x4 build/src/controller.o
                0x0000000003804fd4                ctlr_buttonR1_prev
 .bss.ctlr_buttonR2_prev
                0x0000000003804fd8        0x4 build/src/controller.o
                0x0000000003804fd8                ctlr_buttonR2_prev
 .bss.ctlr_buttonL1_prev
                0x0000000003804fdc        0x4 build/src/controller.o
                0x0000000003804fdc                ctlr_buttonL1_prev
 .bss.ctlr_buttonL2_prev
                0x0000000003804fe0        0x4 build/src/controller.o
                0x0000000003804fe0                ctlr_buttonL2_prev
 .bss.ctlr_buttonA_prev
                0x0000000003804fe4        0x4 build/src/controller.o
                0x0000000003804fe4                ctlr_buttonA_prev
 .bss.ctlr_buttonB_prev
                0x0000000003804fe8        0x4 build/src/controller.o
                0x0000000003804fe8                ctlr_buttonB_prev
 .bss.ctlr_buttonX_prev
                0x0000000003804fec        0x4 build/src/controller.o
                0x0000000003804fec                ctlr_buttonX_prev
 .bss.ctlr_buttonY_prev
                0x0000000003804ff0        0x4 build/src/controller.o
                0x0000000003804ff0                ctlr_buttonY_prev
 .bss.ctlr_buttonUP_prev
                0x0000000003804ff4        0x4 build/src/controller.o
                0x0000000003804ff4                ctlr_buttonUP_prev
 .bss.ctlr_buttonDOWN_prev
                0x0000000003804ff8        0x4 build/src/controller.o
                0x0000000003804ff8                ctlr_buttonDOWN_prev
 .bss.ctlr_buttonLEFT_prev
                0x0000000003804ffc        0x4 build/src/controller.o
                0x0000000003804ffc                ctlr_buttonLEFT_prev
 .bss.ctlr_buttonRIGHT_prev
                0x0000000003805000        0x4 build/src/controller.o
                0x0000000003805000                ctlr_buttonRIGHT_prev
 .bss.ctlr_buttonR1_pressed
                0x0000000003805004        0x4 build/src/controller.o
                0x0000000003805004                ctlr_buttonR1_pressed
 .bss.ctlr_buttonR2_pressed
                0x0000000003805008        0x4 build/src/controller.o
                0x0000000003805008                ctlr_buttonR2_pressed
 .bss.ctlr_buttonL1_pressed
                0x000000000380500c        0x4 build/src/controller.o
                0x000000000380500c                ctlr_buttonL1_pressed
 .bss.ctlr_buttonL2_pressed
                0x0000000003805010        0x4 build/src/controller.o
                0x0000000003805010                ctlr_buttonL2_pressed
 .bss.ctlr_buttonA_pressed
                0x0000000003805014        0x4 build/src/controller.o
                0x0000000003805014                ctlr_buttonA_pressed
 .bss.ctlr_buttonB_pressed
                0x0000000003805018        0x4 build/src/controller.o
                0x0000000003805018                ctlr_buttonB_pressed
 .bss.ctlr_buttonX_pressed
                0x000000000380501c        0x4 build/src/controller.o
                0x000000000380501c                ctlr_buttonX_pressed
 .bss.ctlr_buttonY_pressed
                0x0000000003805020        0x4 build/src/controller.o
                0x0000000003805020                ctlr_buttonY_pressed
 .bss.ctlr_buttonUP_pressed
                0x0000000003805024        0x4 build/src/controller.o
                0x0000000003805024                ctlr_buttonUP_pressed
 .bss.ctlr_buttonDOWN_pressed
                0x0000000003805028        0x4 build/src/controller.o
                0x0000000003805028                ctlr_buttonDOWN_pressed
 .bss.ctlr_buttonLEFT_pressed
                0x000000000380502c        0x4 build/src/controller.o
                0x000000000380502c                ctlr_buttonLEFT_pressed
 .bss.ctlr_buttonRIGHT_pressed
                0x0000000003805030        0x4 build/src/controller.o
                0x0000000003805030                ctlr_buttonRIGHT_pressed
 .bss.ctlr_buttonR1_released
                0x0000000003805034        0x4 build/src/controller.o
                0x0000000003805034                ctlr_buttonR1_released
 .bss.ctlr_buttonR2_released
                0x0000000003805038        0x4 build/src/controller.o
                0x0000000003805038                ctlr_buttonR2_released
 .bss.ctlr_buttonL1_released
                0x000000000380503c        0x4 build/src/controller.o
                0x000000000380503c                ctlr_buttonL1_released
 .bss.ctlr_buttonL2_released
                0x0000000003805040        0x4 build/src/controller.o
                0x0000000003805040                ctlr_buttonL2_released
 .bss.ctlr_buttonA_released
                0x0000000003805044        0x4 build/src/controller.o
                0x0000000003805044                ctlr_buttonA_released
 .bss.ctlr_buttonB_released
                0x0000000003805048        0x4 build/src/controller.o
                0x0000000003805048                ctlr_buttonB_released
 .bss.ctlr_buttonX_released
                0x000000000380504c        0x4 build/src/controller.o
                0x000000000380504c                ctlr_buttonX_released
 .bss.ctlr_buttonY_released
                0x0000000003805050        0x4 build/src/controller.o
                0x0000000003805050                ctlr_buttonY_released
 .bss.ctlr_buttonUP_released
                0x0000000003805054        0x4 build/src/controller.o
                0x0000000003805054                ctlr_buttonUP_released
 .bss.ctlr_buttonDOWN_released
                0x0000000003805058        0x4 build/src/controller.o
                0x0000000003805058                ctlr_buttonDOWN_released
 .bss.ctlr_buttonLEFT_released
                0x000000000380505c        0x4 build/src/controller.o
                0x000000000380505c                ctlr_buttonLEFT_released
 .bss.ctlr_buttonRIGHT_released
                0x0000000003805060        0x4 build/src/controller.o
                0x0000000003805060                ctlr_buttonRIGHT_released
 .bss._ZStL8__ioinit
                0x0000000003805064        0x1 build/src/custom_math.o
 .bss._ZStL8__ioinit
                0x0000000003805065        0x1 build/src/debug.o
 *fill*         0x0000000003805066        0x2 
 .bss.debug_i   0x0000000003805068        0x4 build/src/debug.o
                0x0000000003805068                debug_i
 .bss.debug_count
                0x000000000380506c        0x4 build/src/debug.o
                0x000000000380506c                debug_count
 .bss._ZStL8__ioinit
                0x0000000003805070        0x1 build/src/main.o
 .bss._ZStL8__ioinit
                0x0000000003805071        0x1 build/src/pragma.o
 *fill*         0x0000000003805072        0x2 
 .bss.Brain     0x0000000003805074      0x2bc build/src/pragma.o
                0x0000000003805074                Brain
 .bss.Competition
                0x0000000003805330       0x28 build/src/pragma.o
                0x0000000003805330                Competition
 .bss.Controller_1
                0x0000000003805358      0x1e0 build/src/pragma.o
                0x0000000003805358                Controller_1
 .bss.left_front
                0x0000000003805538       0x68 build/src/pragma.o
                0x0000000003805538                left_front
 .bss.left_back
                0x00000000038055a0       0x68 build/src/pragma.o
                0x00000000038055a0                left_back
 .bss.right_front
                0x0000000003805608       0x68 build/src/pragma.o
                0x0000000003805608                right_front
 .bss.right_back
                0x0000000003805670       0x68 build/src/pragma.o
                0x0000000003805670                right_back
 .bss.intake_l  0x00000000038056d8       0x68 build/src/pragma.o
                0x00000000038056d8                intake_l
 .bss.intake_r  0x0000000003805740       0x68 build/src/pragma.o
                0x0000000003805740                intake_r
 .bss.tray      0x00000000038057a8       0x68 build/src/pragma.o
                0x00000000038057a8                tray
 .bss.arm       0x0000000003805810       0x68 build/src/pragma.o
                0x0000000003805810                arm
 .bss.Motors    0x0000000003805878        0x8 build/src/pragma.o
                0x0000000003805878                Motors
 .bss._ZStL8__ioinit
                0x0000000003805880        0x1 build/src/robot-config.o
 .bss._ZStL8__ioinit
                0x0000000003805881        0x1 build/src/sejun_code.o
 .bss._ZStL8__ioinit
                0x0000000003805882        0x1 build/src/usercontrol.o
 *fill*         0x0000000003805883        0x5 
 .bss.user_tank_2_speed_multiplier
                0x0000000003805888        0x8 build/src/usercontrol.o
                0x0000000003805888                user_tank_2_speed_multiplier
 .bss.user_arm_tray_1_tray_automatic
                0x0000000003805890        0x4 build/src/usercontrol.o
                0x0000000003805890                user_arm_tray_1_tray_automatic
 .bss.user_arm_tray_1_arm_automatic
                0x0000000003805894        0x4 build/src/usercontrol.o
                0x0000000003805894                user_arm_tray_1_arm_automatic
 .bss.user_arm_tray_1_arm_down_button_duration
                0x0000000003805898        0x4 build/src/usercontrol.o
                0x0000000003805898                user_arm_tray_1_arm_down_button_duration
 .bss._ZStL8__ioinit
                0x000000000380589c        0x1 build/src/autonomous/functions.o
 *fill*         0x000000000380589d        0x3 
 .bss.auton_wait_target
                0x00000000038058a0        0x4 build/src/autonomous/functions.o
                0x00000000038058a0                auton_wait_target
 .bss.auton_wait_current
                0x00000000038058a4        0x4 build/src/autonomous/functions.o
                0x00000000038058a4                auton_wait_current
 .bss._ZStL8__ioinit
                0x00000000038058a8        0x1 build/src/autonomous/routes.o
 .bss._ZStL8__ioinit
                0x00000000038058a9        0x1 build/src/motor/class.o
 .bss._ZStL8__ioinit
                0x00000000038058aa        0x1 build/src/motor/functions.o
 *fill*         0x00000000038058ab        0x1 
 .bss.__dso_handle
                0x00000000038058ac        0x4 /Applications/VEXcode V5 Text.app/Contents/Resources/sdk/vexv5/libv5rt.a(v5_startup.c.obj)
                0x00000000038058ac                __dso_handle
 .bss._ZN3vex4task8_labelIdE
                0x00000000038058b0        0x4 /Applications/VEXcode V5 Text.app/Contents/Resources/sdk/vexv5/libv5rt.a(vex_task.cpp.obj)
                0x00000000038058b0                vex::task::_labelId
 .bss._ZN3vex11competition22bStopTasksBetweenModesE
                0x00000000038058b4        0x1 /Applications/VEXcode V5 Text.app/Contents/Resources/sdk/vexv5/libv5rt.a(vex_competition.cpp.obj)
                0x00000000038058b4                vex::competition::bStopTasksBetweenModes
 .bss._ZN3vex11competition25bStopAllTasksBetweenModesE
                0x00000000038058b5        0x1 /Applications/VEXcode V5 Text.app/Contents/Resources/sdk/vexv5/libv5rt.a(vex_competition.cpp.obj)
                0x00000000038058b5                vex::competition::bStopAllTasksBetweenModes
 .bss._ZN3vex11competition14_auton_pendingE
                0x00000000038058b6        0x1 /Applications/VEXcode V5 Text.app/Contents/Resources/sdk/vexv5/libv5rt.a(vex_competition.cpp.obj)
                0x00000000038058b6                vex::competition::_auton_pending
 *fill*         0x00000000038058b7        0x1 
 .bss._ZN3vex11competition20_autonomous_callbackE
                0x00000000038058b8        0x4 /Applications/VEXcode V5 Text.app/Contents/Resources/sdk/vexv5/libv5rt.a(vex_competition.cpp.obj)
                0x00000000038058b8                vex::competition::_autonomous_callback
 .bss._ZN3vex11competition23_drivercontrol_callbackE
                0x00000000038058bc        0x4 /Applications/VEXcode V5 Text.app/Contents/Resources/sdk/vexv5/libv5rt.a(vex_competition.cpp.obj)
                0x00000000038058bc                vex::competition::_drivercontrol_callback
 .bss._ZN3vex11competition15_driver_pendingE
                0x00000000038058c0        0x1 /Applications/VEXcode V5 Text.app/Contents/Resources/sdk/vexv5/libv5rt.a(vex_competition.cpp.obj)
                0x00000000038058c0                vex::competition::_driver_pending
 .bss._ZStL8__ioinit
                0x00000000038058c1        0x1 /Applications/VEXcode V5 Text.app/Contents/Resources/sdk/vexv5/libv5rt.a(vex_triport.cpp.obj)
 *fill*         0x00000000038058c2        0x2 
 .bss._ZN3vex5color6orangeE
                0x00000000038058c4        0x8 /Applications/VEXcode V5 Text.app/Contents/Resources/sdk/vexv5/libv5rt.a(vex_color.cpp.obj)
                0x00000000038058c4                vex::color::orange
 .bss._ZN3vex5color5blackE
                0x00000000038058cc        0x8 /Applications/VEXcode V5 Text.app/Contents/Resources/sdk/vexv5/libv5rt.a(vex_color.cpp.obj)
                0x00000000038058cc                vex::color::black
 .bss._ZN3vex5color6yellowE
                0x00000000038058d4        0x8 /Applications/VEXcode V5 Text.app/Contents/Resources/sdk/vexv5/libv5rt.a(vex_color.cpp.obj)
                0x00000000038058d4                vex::color::yellow
 .bss._ZN3vex5color5greenE
                0x00000000038058dc        0x8 /Applications/VEXcode V5 Text.app/Contents/Resources/sdk/vexv5/libv5rt.a(vex_color.cpp.obj)
                0x00000000038058dc                vex::color::green
 .bss._ZN3vex5color6purpleE
                0x00000000038058e4        0x8 /Applications/VEXcode V5 Text.app/Contents/Resources/sdk/vexv5/libv5rt.a(vex_color.cpp.obj)
                0x00000000038058e4                vex::color::purple
 .bss._ZN3vex5color4cyanE
                0x00000000038058ec        0x8 /Applications/VEXcode V5 Text.app/Contents/Resources/sdk/vexv5/libv5rt.a(vex_color.cpp.obj)
                0x00000000038058ec                vex::color::cyan
 .bss._ZN3vex5color4blueE
                0x00000000038058f4        0x8 /Applications/VEXcode V5 Text.app/Contents/Resources/sdk/vexv5/libv5rt.a(vex_color.cpp.obj)